 appmetrics

 Timestamp is 5dd73949 (Fri Nov 22 09:26:33 2019)

 Preferred load address is 0000000180000000

 Start         Length     Name                   Class
 0001:00000000 00000030H .text$di                CODE
 0001:00000030 00007960H .text$mn                CODE
 0001:00007990 00000020H .text$mn$00             CODE
 0001:000079b0 000007e0H .text$x                 CODE
 0001:00008190 000000d4H .text$yd                CODE
 0002:00000000 000004b8H .idata$5                DATA
 0002:000004b8 00000010H .00cfg                  DATA
 0002:000004c8 00000008H .CRT$XCA                DATA
 0002:000004d0 00000010H .CRT$XCU                DATA
 0002:000004e0 00000008H .CRT$XCZ                DATA
 0002:000004e8 00000008H .CRT$XIA                DATA
 0002:000004f0 00000008H .CRT$XIC                DATA
 0002:000004f8 00000008H .CRT$XIZ                DATA
 0002:00000500 00000008H .CRT$XLA                DATA
 0002:00000508 00000008H .CRT$XLZ                DATA
 0002:00000510 00000008H .CRT$XPA                DATA
 0002:00000518 00000008H .CRT$XPZ                DATA
 0002:00000520 00000008H .CRT$XTA                DATA
 0002:00000528 00000008H .CRT$XTZ                DATA
 0002:00000530 00000000H .gfids$y                DATA
 0002:00000530 000011e0H .rdata                  DATA
 0002:00001710 00000028H .rdata$T                DATA
 0002:00001738 000001f4H .rdata$r                DATA
 0002:0000192c 000003e4H .rdata$zzzdbg           DATA
 0002:00001d10 00000008H .rtc$IAA                DATA
 0002:00001d18 00000008H .rtc$IZZ                DATA
 0002:00001d20 00000008H .rtc$TAA                DATA
 0002:00001d28 00000008H .rtc$TZZ                DATA
 0002:00001d30 00000004H .tls                    DATA
 0002:00001d34 00000004H .tls$                   DATA
 0002:00001d38 00000008H .tls$ZZZ                DATA
 0002:00001d40 00001368H .xdata                  DATA
 0002:000030a8 000000f8H .xdata$x                DATA
 0002:000031a0 00000058H .edata                  DATA
 0002:000031f8 00000078H .idata$2                DATA
 0002:00003270 00000018H .idata$3                DATA
 0002:00003288 000004b8H .idata$4                DATA
 0002:00003740 00001b86H .idata$6                DATA
 0003:00000000 00000088H .data                   DATA
 0003:00000088 000000a8H .data$r                 DATA
 0003:00000130 000008d8H .bss                    DATA
 0004:00000000 000006ccH .pdata                  DATA
 0005:00000000 00000060H .rsrc$01                DATA
 0005:00000060 00000180H .rsrc$02                DATA

  Address         Publics by Value              Rva+Base               Lib:Object

 0000:00000000       __guard_longjmp_count      0000000000000000     <absolute>
 0000:00000000       __guard_fids_count         0000000000000000     <absolute>
 0000:00000000       __hybrid_code_map_count    0000000000000000     <absolute>
 0000:00000000       __dynamic_value_reloc_table 0000000000000000     <absolute>
 0000:00000000       __guard_iat_table          0000000000000000     <absolute>
 0000:00000000       __hybrid_code_map          0000000000000000     <absolute>
 0000:00000000       __guard_iat_count          0000000000000000     <absolute>
 0000:00000000       __volatile_metadata        0000000000000000     <absolute>
 0000:00000000       __enclave_config           0000000000000000     <absolute>
 0000:00000000       ___safe_se_handler_count   0000000000000000     <absolute>
 0000:00000000       ___safe_se_handler_table   0000000000000000     <absolute>
 0000:00000000       __guard_fids_table         0000000000000000     <absolute>
 0000:00000000       __hybrid_auxiliary_iat     0000000000000000     <absolute>
 0000:00000000       __guard_longjmp_table      0000000000000000     <absolute>
 0000:00000100       __guard_flags              0000000000000100     <absolute>
 0000:00000000       __ImageBase                0000000180000000     <linker-defined>
 0001:00000110       ?Get@Nan@@YA?AV?$MaybeLocal@VValue@v8@@@v8@@V?$Local@VObject@v8@@@3@V?$Local@VValue@v8@@@3@@Z 0000000180001110 f i appmetrics.obj
 0001:000001a0       ??1AsyncResource@Nan@@QEAA@XZ 00000001800011a0 f i appmetrics.obj
 0001:000001e0       ??1EscapableHandleScope@Nan@@QEAA@XZ 00000001800011e0 f i appmetrics.obj
 0001:000001e0       ??1HandleScope@Nan@@QEAA@XZ 00000001800011e0 f i appmetrics.obj
 0001:000001f0       ?ThrowError@Nan@@YAXPEBD@Z 00000001800011f0 f i appmetrics.obj
 0001:00000290       ??0Utf8String@Nan@@QEAA@V?$Local@VValue@v8@@@v8@@@Z 0000000180001290 f i appmetrics.obj
 0001:000003d0       ??1Utf8String@Nan@@QEAA@XZ 00000001800013d0 f i appmetrics.obj
 0001:000003f0       ?Call@Callback@Nan@@QEBA?AV?$Local@VValue@v8@@@v8@@HQEAV34@@Z 00000001800013f0 f i appmetrics.obj
 0001:00001950       ??_D?$basic_stringstream@DU?$char_traits@D@std@@V?$allocator@D@2@@std@@QEAAXXZ 0000000180002950 f i appmetrics.obj
 0001:00001f40       ?setOption@@YAXAEBV?$FunctionCallbackInfo@VValue@v8@@@Nan@@@Z 0000000180002f40 f   appmetrics.obj
 0001:00002250       ?getOption@@YAXAEBV?$FunctionCallbackInfo@VValue@v8@@@Nan@@@Z 0000000180003250 f   appmetrics.obj
 0001:000024c0       ?start@@YAXAEBV?$FunctionCallbackInfo@VValue@v8@@@Nan@@@Z 00000001800034c0 f   appmetrics.obj
 0001:00002550       ?stop@@YAXAEBV?$FunctionCallbackInfo@VValue@v8@@@Nan@@@Z 0000000180003550 f   appmetrics.obj
 0001:000025a0       ?spath@@YAXAEBV?$FunctionCallbackInfo@VValue@v8@@@Nan@@@Z 00000001800035a0 f   appmetrics.obj
 0001:00002a60       ??1TryCatch@Nan@@QEAA@XZ   0000000180003a60 f i appmetrics.obj
 0001:00002ba0       ?nativeEmit@@YAXAEBV?$FunctionCallbackInfo@VValue@v8@@@Nan@@@Z 0000000180003ba0 f   appmetrics.obj
 0001:00002e90       ?sendControlCommand@@YAXAEBV?$FunctionCallbackInfo@VValue@v8@@@Nan@@@Z 0000000180003e90 f   appmetrics.obj
 0001:00003170       ?setHeadlessZipFunction@@YAXAEBV?$FunctionCallbackInfo@VValue@v8@@@Nan@@@Z 0000000180004170 f   appmetrics.obj
 0001:00003220       ?localConnect@@YAXAEBV?$FunctionCallbackInfo@VValue@v8@@@Nan@@@Z 0000000180004220 f   appmetrics.obj
 0001:00004250       ?zip@@YAXPEBD@Z            0000000180005250 f   appmetrics.obj
 0001:00004320       ?init@@YAXV?$Local@VObject@v8@@@v8@@0@Z 0000000180005320 f   appmetrics.obj
 0001:00004810       ??1?$basic_string@DU?$char_traits@D@std@@V?$allocator@D@2@@std@@QEAA@XZ 0000000180005810 f i appmetrics.obj
 0001:00004870       ??0?$basic_string@DU?$char_traits@D@std@@V?$allocator@D@2@@std@@QEAA@AEBV01@@Z 0000000180005870 f i appmetrics.obj
 0001:00004950       ??0?$basic_stringstream@DU?$char_traits@D@std@@V?$allocator@D@2@@std@@QEAA@H@Z 0000000180005950 f i appmetrics.obj
 0001:00004a10       ?seekpos@?$basic_stringbuf@DU?$char_traits@D@std@@V?$allocator@D@2@@std@@MEAA?AV?$fpos@U_Mbstatet@@@2@V32@H@Z 0000000180005a10 f i appmetrics.obj
 0001:00004b00       ?seekoff@?$basic_stringbuf@DU?$char_traits@D@std@@V?$allocator@D@2@@std@@MEAA?AV?$fpos@U_Mbstatet@@@2@_JHH@Z 0000000180005b00 f i appmetrics.obj
 0001:00004c50       ?underflow@?$basic_stringbuf@DU?$char_traits@D@std@@V?$allocator@D@2@@std@@MEAAHXZ 0000000180005c50 f i appmetrics.obj
 0001:00004cc0       ?pbackfail@?$basic_stringbuf@DU?$char_traits@D@std@@V?$allocator@D@2@@std@@MEAAHH@Z 0000000180005cc0 f i appmetrics.obj
 0001:00004d20       ?overflow@?$basic_stringbuf@DU?$char_traits@D@std@@V?$allocator@D@2@@std@@MEAAHH@Z 0000000180005d20 f i appmetrics.obj
 0001:00004f20       ??1?$basic_stringbuf@DU?$char_traits@D@std@@V?$allocator@D@2@@std@@UEAA@XZ 0000000180005f20 f i appmetrics.obj
 0001:00004fe0       ??_G?$basic_stringstream@DU?$char_traits@D@std@@V?$allocator@D@2@@std@@UEAAPEAXI@Z 0000000180005fe0 f i appmetrics.obj
 0001:00004fe0       ??_E?$basic_stringstream@DU?$char_traits@D@std@@V?$allocator@D@2@@std@@UEAAPEAXI@Z 0000000180005fe0 f i * CIL library *:* CIL module *
 0001:00005080       ??_G?$basic_stringbuf@DU?$char_traits@D@std@@V?$allocator@D@2@@std@@UEAAPEAXI@Z 0000000180006080 f i appmetrics.obj
 0001:00005080       ??_E?$basic_stringbuf@DU?$char_traits@D@std@@V?$allocator@D@2@@std@@UEAAPEAXI@Z 0000000180006080 f i * CIL library *:* CIL module *
 0001:000050c0       ?assign@?$basic_string@DU?$char_traits@D@std@@V?$allocator@D@2@@std@@QEAAAEAV12@QEBD_K@Z 00000001800060c0 f i appmetrics.obj
 0001:00005210       ?append@?$basic_string@DU?$char_traits@D@std@@V?$allocator@D@2@@std@@QEAAAEAV12@QEBD_K@Z 0000000180006210 f i appmetrics.obj
 0001:00005290       ?_Xran@?$_String_val@U?$_Simple_types@D@std@@@std@@SAXXZ 0000000180006290 f i appmetrics.obj
 0001:000052b0       ??$?6U?$char_traits@D@std@@@std@@YAAEAV?$basic_ostream@DU?$char_traits@D@std@@@0@AEAV10@PEBD@Z 00000001800062b0 f i appmetrics.obj
 0001:00005480       ??$?6U?$char_traits@D@std@@@std@@YAAEAV?$basic_ostream@DU?$char_traits@D@std@@@0@AEAV10@D@Z 0000000180006480 f i appmetrics.obj
 0001:00005600       ??$?HDU?$char_traits@D@std@@V?$allocator@D@1@@std@@YA?AV?$basic_string@DU?$char_traits@D@std@@V?$allocator@D@2@@0@QEBDAEBV10@@Z 0000000180006600 f i appmetrics.obj
 0001:000056b0       ??$SetMethod@VObject@v8@@VLocal@2@@Nan@@YAXV?$Local@VObject@v8@@@v8@@PEBDP6AXAEBV?$FunctionCallbackInfo@VValue@v8@@@0@@Z@Z 00000001800066b0 f i appmetrics.obj
 0001:000058e0       ??$_Reallocate_grow_by@V<lambda_65e615be2a453ca0576c979606f46740>@@PEBD_K@?$basic_string@DU?$char_traits@D@std@@V?$allocator@D@2@@std@@QEAAAEAV01@_KV<lambda_65e615be2a453ca0576c979606f46740>@@PEBD_K@Z 00000001800068e0 f i appmetrics.obj
 0001:00005a60       ??1sentry@?$basic_ostream@DU?$char_traits@D@std@@@std@@QEAA@XZ 0000000180006a60 f i appmetrics.obj
 0001:00005aa0       ?_Xlen@?$basic_string@DU?$char_traits@D@std@@V?$allocator@D@2@@std@@SAXXZ 0000000180006aa0 f i appmetrics.obj
 0001:00005ac0       ?reserve@?$basic_string@DU?$char_traits@D@std@@V?$allocator@D@2@@std@@QEAAX_K@Z 0000000180006ac0 f i appmetrics.obj
 0001:00005c80       ??1_Sentry_base@?$basic_ostream@DU?$char_traits@D@std@@@std@@QEAA@XZ 0000000180006c80 f i appmetrics.obj
 0001:00005cb0       ??$_Insert_string@DU?$char_traits@D@std@@_K@std@@YAAEAV?$basic_ostream@DU?$char_traits@D@std@@@0@AEAV10@QEBD_K@Z 0000000180006cb0 f i appmetrics.obj
 0001:00005e60       ??$SetMethodAux@V?$Local@VObject@v8@@@v8@@@imp@Nan@@YAXV?$Local@VObject@v8@@@v8@@V?$Local@VString@v8@@@3@V?$Local@VFunctionTemplate@v8@@@3@ZZ 0000000180006e60 f i appmetrics.obj
 0001:00005f38       ??_E?$basic_stringstream@DU?$char_traits@D@std@@V?$allocator@D@2@@std@@$4PPPPPPPM@A@EAAPEAXI@Z 0000000180006f38 f i appmetrics.obj
 0001:00005f50       ?asyncfunc@headless@@YAXPEAUuv_async_s@@@Z 0000000180006f50 f   headlessutils.obj
 0001:00005fe0       ?getObjectHistogram@@YAXAEBV?$FunctionCallbackInfo@VValue@v8@@@Nan@@@Z 0000000180006fe0 f   objecttracker.obj
 0001:000064b7       ?_Lock@?$basic_streambuf@DU?$char_traits@D@std@@@std@@UEAAXXZ 00000001800074b7 f   msvcprt:MSVCP140.dll
 0001:000064bd       ?_Unlock@?$basic_streambuf@DU?$char_traits@D@std@@@std@@UEAAXXZ 00000001800074bd f   msvcprt:MSVCP140.dll
 0001:000064c3       ?showmanyc@?$basic_streambuf@DU?$char_traits@D@std@@@std@@MEAA_JXZ 00000001800074c3 f   msvcprt:MSVCP140.dll
 0001:000064c9       ?uflow@?$basic_streambuf@DU?$char_traits@D@std@@@std@@MEAAHXZ 00000001800074c9 f   msvcprt:MSVCP140.dll
 0001:000064cf       ?xsgetn@?$basic_streambuf@DU?$char_traits@D@std@@@std@@MEAA_JPEAD_J@Z 00000001800074cf f   msvcprt:MSVCP140.dll
 0001:000064d5       ?xsputn@?$basic_streambuf@DU?$char_traits@D@std@@@std@@MEAA_JPEBD_J@Z 00000001800074d5 f   msvcprt:MSVCP140.dll
 0001:000064db       ?setbuf@?$basic_streambuf@DU?$char_traits@D@std@@@std@@MEAAPEAV12@PEAD_J@Z 00000001800074db f   msvcprt:MSVCP140.dll
 0001:000064e1       ?sync@?$basic_streambuf@DU?$char_traits@D@std@@@std@@MEAAHXZ 00000001800074e1 f   msvcprt:MSVCP140.dll
 0001:000064e7       ?imbue@?$basic_streambuf@DU?$char_traits@D@std@@@std@@MEAAXAEBVlocale@2@@Z 00000001800074e7 f   msvcprt:MSVCP140.dll
 0001:00006500       __security_check_cookie    0000000180007500 f   MSVCRT:amdsecgs.obj
 0001:00006524       ??3@YAXPEAX_K@Z            0000000180007524 f   MSVCRT:delete_scalar_size.obj
 0001:00006524       ??_V@YAXPEAX@Z             0000000180007524 f   MSVCRT:delete_array.obj
 0001:000066b4       _Init_thread_abort         00000001800076b4 f   MSVCRT:thread_safe_statics.obj
 0001:000066e4       _Init_thread_footer        00000001800076e4 f   MSVCRT:thread_safe_statics.obj
 0001:00006744       _Init_thread_header        0000000180007744 f   MSVCRT:thread_safe_statics.obj
 0001:000067ac       _Init_thread_notify        00000001800077ac f   MSVCRT:thread_safe_statics.obj
 0001:000067fc       _Init_thread_wait          00000001800077fc f   MSVCRT:thread_safe_statics.obj
 0001:00006874       ??2@YAPEAX_K@Z             0000000180007874 f   MSVCRT:new_scalar.obj
 0001:000068b0       __scrt_acquire_startup_lock 00000001800078b0 f   MSVCRT:utility.obj
 0001:000068ec       __scrt_dllmain_after_initialize_c 00000001800078ec f   MSVCRT:utility.obj
 0001:00006920       __scrt_dllmain_before_initialize_c 0000000180007920 f   MSVCRT:utility.obj
 0001:00006938       __scrt_dllmain_crt_thread_attach 0000000180007938 f   MSVCRT:utility.obj
 0001:00006960       __scrt_dllmain_crt_thread_detach 0000000180007960 f   MSVCRT:utility.obj
 0001:00006978       __scrt_dllmain_exception_filter 0000000180007978 f   MSVCRT:utility.obj
 0001:000069d8       __scrt_dllmain_uninitialize_c 00000001800079d8 f   MSVCRT:utility.obj
 0001:00006a08       __scrt_dllmain_uninitialize_critical 0000000180007a08 f   MSVCRT:utility.obj
 0001:00006a1c       __scrt_initialize_crt      0000000180007a1c f   MSVCRT:utility.obj
 0001:00006a68       __scrt_initialize_onexit_tables 0000000180007a68 f   MSVCRT:utility.obj
 0001:00006b40       __scrt_is_nonwritable_in_current_image 0000000180007b40 f   MSVCRT:utility.obj
 0001:00006bdc       __scrt_release_startup_lock 0000000180007bdc f   MSVCRT:utility.obj
 0001:00006c00       __scrt_uninitialize_crt    0000000180007c00 f   MSVCRT:utility.obj
 0001:00006c2c       _onexit                    0000000180007c2c f   MSVCRT:utility.obj
 0001:00006c7c       atexit                     0000000180007c7c f   MSVCRT:utility.obj
 0001:00006c94       ??_U@YAPEAX_K@Z            0000000180007c94 f   MSVCRT:new_array.obj
 0001:00006fcc       _DllMainCRTStartup         0000000180007fcc f   MSVCRT:dll_dllmain.obj
 0001:0000700c       __raise_securityfailure    000000018000800c f   MSVCRT:gs_report.obj
 0001:00007040       __report_gsfailure         0000000180008040 f   MSVCRT:gs_report.obj
 0001:00007188       ??3@YAXPEAX@Z              0000000180008188 f   MSVCRT:delete_scalar.obj
 0001:00007190       __crt_debugger_hook        0000000180008190 f   MSVCRT:utility_desktop.obj
 0001:00007198       __scrt_fastfail            0000000180008198 f   MSVCRT:utility_desktop.obj
 0001:000072e4       _guard_check_icall_nop     00000001800082e4 f i MSVCRT:guard_support.obj
 0001:000072e8       ??0bad_alloc@std@@QEAA@AEBV01@@Z 00000001800082e8 f i MSVCRT:throw_bad_alloc.obj
 0001:00007328       ??0bad_alloc@std@@QEAA@XZ  0000000180008328 f i MSVCRT:throw_bad_alloc.obj
 0001:00007348       ??0bad_array_new_length@std@@QEAA@AEBV01@@Z 0000000180008348 f i MSVCRT:throw_bad_alloc.obj
 0001:00007388       ??0bad_array_new_length@std@@QEAA@XZ 0000000180008388 f i MSVCRT:throw_bad_alloc.obj
 0001:000073a8       ??0exception@std@@QEAA@AEBV01@@Z 00000001800083a8 f i MSVCRT:throw_bad_alloc.obj
 0001:000073e0       ??1bad_array_new_length@std@@UEAA@XZ 00000001800083e0 f i MSVCRT:throw_bad_alloc.obj
 0001:000073e0       ??1bad_alloc@std@@UEAA@XZ  00000001800083e0 f i MSVCRT:throw_bad_alloc.obj
 0001:000073f4       ??_Gexception@std@@UEAAPEAXI@Z 00000001800083f4 f i MSVCRT:throw_bad_alloc.obj
 0001:000073f4       ??_Gbad_array_new_length@std@@UEAAPEAXI@Z 00000001800083f4 f i MSVCRT:throw_bad_alloc.obj
 0001:000073f4       ??_Gbad_alloc@std@@UEAAPEAXI@Z 00000001800083f4 f i MSVCRT:throw_bad_alloc.obj
 0001:000073f4       ??_Eexception@std@@UEAAPEAXI@Z 00000001800083f4 f i MSVCRT:throw_bad_alloc.obj
 0001:000073f4       ??_Ebad_alloc@std@@UEAAPEAXI@Z 00000001800083f4 f i MSVCRT:throw_bad_alloc.obj
 0001:000073f4       ??_Ebad_array_new_length@std@@UEAAPEAXI@Z 00000001800083f4 f i MSVCRT:throw_bad_alloc.obj
 0001:00007438       ?__scrt_throw_std_bad_alloc@@YAXXZ 0000000180008438 f   MSVCRT:throw_bad_alloc.obj
 0001:00007458       ?__scrt_throw_std_bad_array_new_length@@YAXXZ 0000000180008458 f   MSVCRT:throw_bad_alloc.obj
 0001:00007478       ?what@exception@std@@UEBAPEBDXZ 0000000180008478 f i MSVCRT:throw_bad_alloc.obj
 0001:0000748c       __isa_available_init       000000018000848c f   MSVCRT:cpu_disp.obj
 0001:00007608       _get_startup_argv_mode     0000000180008608 f   MSVCRT:argv_mode.obj
 0001:00007610       __scrt_is_ucrt_dll_in_use  0000000180008610 f   MSVCRT:ucrt_detection.obj
 0001:0000761c       __security_init_cookie     000000018000861c f   MSVCRT:gs_support.obj
 0001:000076c8       DllMain                    00000001800086c8 f   MSVCRT:dll_dllmain_stub.obj
 0001:000076ec       ?__scrt_initialize_type_info@@YAXXZ 00000001800086ec f   MSVCRT:tncleanup.obj
 0001:000076fc       ?__scrt_uninitialize_type_info@@YAXXZ 00000001800086fc f   MSVCRT:tncleanup.obj
 0001:00007708       __local_stdio_printf_options 0000000180008708 f i MSVCRT:default_local_stdio_options.obj
 0001:00007710       __local_stdio_scanf_options 0000000180008710 f i MSVCRT:default_local_stdio_options.obj
 0001:00007718       __scrt_initialize_default_local_stdio_options 0000000180008718 f   MSVCRT:default_local_stdio_options.obj
 0001:00007734       __scrt_get_dyn_tls_init_callback 0000000180008734 f   MSVCRT:dyn_tls_init.obj
 0001:0000773c       _RTC_Initialize            000000018000873c f   MSVCRT:initsect.obj
 0001:00007778       _RTC_Terminate             0000000180008778 f   MSVCRT:initsect.obj
 0001:000077c0       ??_Etype_info@@UEAAPEAXI@Z 00000001800087c0 f i MSVCRT:std_type_info_static.obj
 0001:000077c0       ??_Gtype_info@@UEAAPEAXI@Z 00000001800087c0 f i MSVCRT:std_type_info_static.obj
 0001:000077eb       __CxxFrameHandler3         00000001800087eb f   vcruntime:VCRUNTIME140.dll
 0001:000077f1       __std_terminate            00000001800087f1 f   vcruntime:VCRUNTIME140.dll
 0001:000077f7       __C_specific_handler       00000001800087f7 f   vcruntime:VCRUNTIME140.dll
 0001:000077fd       memset                     00000001800087fd f   vcruntime:VCRUNTIME140.dll
 0001:00007803       __std_exception_copy       0000000180008803 f   vcruntime:VCRUNTIME140.dll
 0001:00007809       __std_exception_destroy    0000000180008809 f   vcruntime:VCRUNTIME140.dll
 0001:0000780f       _CxxThrowException         000000018000880f f   vcruntime:VCRUNTIME140.dll
 0001:00007815       __std_type_info_destroy_list 0000000180008815 f   vcruntime:VCRUNTIME140.dll
 0001:0000781b       free                       000000018000881b f   ucrt:api-ms-win-crt-heap-l1-1-0.dll
 0001:00007821       malloc                     0000000180008821 f   ucrt:api-ms-win-crt-heap-l1-1-0.dll
 0001:00007827       _callnewh                  0000000180008827 f   ucrt:api-ms-win-crt-heap-l1-1-0.dll
 0001:0000782d       _seh_filter_dll            000000018000882d f   ucrt:api-ms-win-crt-runtime-l1-1-0.dll
 0001:00007833       _configure_narrow_argv     0000000180008833 f   ucrt:api-ms-win-crt-runtime-l1-1-0.dll
 0001:00007839       _initialize_narrow_environment 0000000180008839 f   ucrt:api-ms-win-crt-runtime-l1-1-0.dll
 0001:0000783f       _initialize_onexit_table   000000018000883f f   ucrt:api-ms-win-crt-runtime-l1-1-0.dll
 0001:00007845       _register_onexit_function  0000000180008845 f   ucrt:api-ms-win-crt-runtime-l1-1-0.dll
 0001:0000784b       _execute_onexit_table      000000018000884b f   ucrt:api-ms-win-crt-runtime-l1-1-0.dll
 0001:00007851       _crt_atexit                0000000180008851 f   ucrt:api-ms-win-crt-runtime-l1-1-0.dll
 0001:00007857       _cexit                     0000000180008857 f   ucrt:api-ms-win-crt-runtime-l1-1-0.dll
 0001:0000785d       _initterm                  000000018000885d f   ucrt:api-ms-win-crt-runtime-l1-1-0.dll
 0001:00007863       _initterm_e                0000000180008863 f   ucrt:api-ms-win-crt-runtime-l1-1-0.dll
 0001:00007869       IsProcessorFeaturePresent  0000000180008869 f   kernel32:KERNEL32.dll
 0001:00007870       __scrt_stub_for_acrt_thread_attach 0000000180008870 f   MSVCRT:ucrt_stubs.obj
 0001:00007870       __vcrt_thread_detach       0000000180008870 f   MSVCRT:ucrt_stubs.obj
 0001:00007870       __scrt_stub_for_acrt_initialize 0000000180008870 f   MSVCRT:ucrt_stubs.obj
 0001:00007870       __vcrt_thread_attach       0000000180008870 f   MSVCRT:ucrt_stubs.obj
 0001:00007870       __vcrt_uninitialize_critical 0000000180008870 f   MSVCRT:ucrt_stubs.obj
 0001:00007870       __scrt_stub_for_acrt_uninitialize_critical 0000000180008870 f   MSVCRT:ucrt_stubs.obj
 0001:00007870       __scrt_stub_for_acrt_thread_detach 0000000180008870 f   MSVCRT:ucrt_stubs.obj
 0001:00007870       __acrt_uninitialize        0000000180008870 f   MSVCRT:ucrt_stubs.obj
 0001:00007870       __vcrt_initialize          0000000180008870 f   MSVCRT:ucrt_stubs.obj
 0001:00007870       __acrt_thread_detach       0000000180008870 f   MSVCRT:ucrt_stubs.obj
 0001:00007870       __acrt_uninitialize_critical 0000000180008870 f   MSVCRT:ucrt_stubs.obj
 0001:00007870       __vcrt_uninitialize        0000000180008870 f   MSVCRT:ucrt_stubs.obj
 0001:00007870       __scrt_stub_for_acrt_uninitialize 0000000180008870 f   MSVCRT:ucrt_stubs.obj
 0001:00007870       __acrt_thread_attach       0000000180008870 f   MSVCRT:ucrt_stubs.obj
 0001:00007870       __acrt_initialize          0000000180008870 f   MSVCRT:ucrt_stubs.obj
 0001:00007874       __scrt_stub_for_is_c_termination_complete 0000000180008874 f   MSVCRT:ucrt_stubs.obj
 0001:00007874       _is_c_termination_complete 0000000180008874 f   MSVCRT:ucrt_stubs.obj
 0001:00007878       __GSHandlerCheck           0000000180008878 f   MSVCRT:gshandler.obj
 0001:00007898       __GSHandlerCheckCommon     0000000180008898 f   MSVCRT:gshandler.obj
 0001:000078f4       __GSHandlerCheck_EH        00000001800088f4 f   MSVCRT:gshandlereh.obj
 0001:00007973       memcmp                     0000000180008973 f   vcruntime:VCRUNTIME140.dll
 0001:00007979       memcpy                     0000000180008979 f   vcruntime:VCRUNTIME140.dll
 0001:0000797f       memmove                    000000018000897f f   vcruntime:VCRUNTIME140.dll
 0001:000079a0       _guard_dispatch_icall_nop  00000001800089a0 f   MSVCRT:guard_dispatch.obj
 0002:00000000       __imp_LoadLibraryA         000000018000a000     kernel32:KERNEL32.dll
 0002:00000008       __imp_GetProcAddress       000000018000a008     kernel32:KERNEL32.dll
 0002:00000010       __imp_EnterCriticalSection 000000018000a010     kernel32:KERNEL32.dll
 0002:00000018       __imp_LeaveCriticalSection 000000018000a018     kernel32:KERNEL32.dll
 0002:00000020       __imp_InitializeCriticalSectionAndSpinCount 000000018000a020     kernel32:KERNEL32.dll
 0002:00000028       __imp_InitializeSListHead  000000018000a028     kernel32:KERNEL32.dll
 0002:00000030       __imp_DisableThreadLibraryCalls 000000018000a030     kernel32:KERNEL32.dll
 0002:00000038       __imp_GetSystemTimeAsFileTime 000000018000a038     kernel32:KERNEL32.dll
 0002:00000040       __imp_GetCurrentThreadId   000000018000a040     kernel32:KERNEL32.dll
 0002:00000048       __imp_GetCurrentProcessId  000000018000a048     kernel32:KERNEL32.dll
 0002:00000050       __imp_QueryPerformanceCounter 000000018000a050     kernel32:KERNEL32.dll
 0002:00000058       __imp_IsDebuggerPresent    000000018000a058     kernel32:KERNEL32.dll
 0002:00000060       __imp_IsProcessorFeaturePresent 000000018000a060     kernel32:KERNEL32.dll
 0002:00000068       __imp_TerminateProcess     000000018000a068     kernel32:KERNEL32.dll
 0002:00000070       __imp_GetCurrentProcess    000000018000a070     kernel32:KERNEL32.dll
 0002:00000078       __imp_SetUnhandledExceptionFilter 000000018000a078     kernel32:KERNEL32.dll
 0002:00000080       __imp_UnhandledExceptionFilter 000000018000a080     kernel32:KERNEL32.dll
 0002:00000088       __imp_RtlVirtualUnwind     000000018000a088     kernel32:KERNEL32.dll
 0002:00000090       __imp_RtlLookupFunctionEntry 000000018000a090     kernel32:KERNEL32.dll
 0002:00000098       __imp_RtlCaptureContext    000000018000a098     kernel32:KERNEL32.dll
 0002:000000a0       __imp_GetModuleHandleW     000000018000a0a0     kernel32:KERNEL32.dll
 0002:000000a8       __imp_CreateEventW         000000018000a0a8     kernel32:KERNEL32.dll
 0002:000000b0       __imp_WaitForSingleObjectEx 000000018000a0b0     kernel32:KERNEL32.dll
 0002:000000b8       __imp_ResetEvent           000000018000a0b8     kernel32:KERNEL32.dll
 0002:000000c0       __imp_SetEvent             000000018000a0c0     kernel32:KERNEL32.dll
 0002:000000c8       __imp_DeleteCriticalSection 000000018000a0c8     kernel32:KERNEL32.dll
 0002:000000d0       __imp_CloseHandle          000000018000a0d0     kernel32:KERNEL32.dll
 0002:000000d8       \177KERNEL32_NULL_THUNK_DATA 000000018000a0d8     kernel32:KERNEL32.dll
 0002:000000e0       __imp_?cerr@std@@3V?$basic_ostream@DU?$char_traits@D@std@@@1@A 000000018000a0e0     msvcprt:MSVCP140.dll
 0002:000000e8       __imp_?_Xlength_error@std@@YAXPEBD@Z 000000018000a0e8     msvcprt:MSVCP140.dll
 0002:000000f0       __imp_?sputn@?$basic_streambuf@DU?$char_traits@D@std@@@std@@QEAA_JPEBD_J@Z 000000018000a0f0     msvcprt:MSVCP140.dll
 0002:000000f8       __imp_?sputc@?$basic_streambuf@DU?$char_traits@D@std@@@std@@QEAAHD@Z 000000018000a0f8     msvcprt:MSVCP140.dll
 0002:00000100       __imp_??0?$basic_streambuf@DU?$char_traits@D@std@@@std@@IEAA@XZ 000000018000a100     msvcprt:MSVCP140.dll
 0002:00000108       __imp_?_Xout_of_range@std@@YAXPEBD@Z 000000018000a108     msvcprt:MSVCP140.dll
 0002:00000110       __imp_??1?$basic_iostream@DU?$char_traits@D@std@@@std@@UEAA@XZ 000000018000a110     msvcprt:MSVCP140.dll
 0002:00000118       __imp_?imbue@?$basic_streambuf@DU?$char_traits@D@std@@@std@@MEAAXAEBVlocale@2@@Z 000000018000a118     msvcprt:MSVCP140.dll
 0002:00000120       __imp_?sync@?$basic_streambuf@DU?$char_traits@D@std@@@std@@MEAAHXZ 000000018000a120     msvcprt:MSVCP140.dll
 0002:00000128       __imp_?setbuf@?$basic_streambuf@DU?$char_traits@D@std@@@std@@MEAAPEAV12@PEAD_J@Z 000000018000a128     msvcprt:MSVCP140.dll
 0002:00000130       __imp_?xsputn@?$basic_streambuf@DU?$char_traits@D@std@@@std@@MEAA_JPEBD_J@Z 000000018000a130     msvcprt:MSVCP140.dll
 0002:00000138       __imp_?xsgetn@?$basic_streambuf@DU?$char_traits@D@std@@@std@@MEAA_JPEAD_J@Z 000000018000a138     msvcprt:MSVCP140.dll
 0002:00000140       __imp_?uflow@?$basic_streambuf@DU?$char_traits@D@std@@@std@@MEAAHXZ 000000018000a140     msvcprt:MSVCP140.dll
 0002:00000148       __imp_?showmanyc@?$basic_streambuf@DU?$char_traits@D@std@@@std@@MEAA_JXZ 000000018000a148     msvcprt:MSVCP140.dll
 0002:00000150       __imp_?_Unlock@?$basic_streambuf@DU?$char_traits@D@std@@@std@@UEAAXXZ 000000018000a150     msvcprt:MSVCP140.dll
 0002:00000158       __imp_?_Lock@?$basic_streambuf@DU?$char_traits@D@std@@@std@@UEAAXXZ 000000018000a158     msvcprt:MSVCP140.dll
 0002:00000160       __imp_??1?$basic_streambuf@DU?$char_traits@D@std@@@std@@UEAA@XZ 000000018000a160     msvcprt:MSVCP140.dll
 0002:00000168       __imp_??0?$basic_iostream@DU?$char_traits@D@std@@@std@@QEAA@PEAV?$basic_streambuf@DU?$char_traits@D@std@@@1@@Z 000000018000a168     msvcprt:MSVCP140.dll
 0002:00000170       __imp_?_Pninc@?$basic_streambuf@DU?$char_traits@D@std@@@std@@IEAAPEADXZ 000000018000a170     msvcprt:MSVCP140.dll
 0002:00000178       \177MSVCP140_NULL_THUNK_DATA 000000018000a178     msvcprt:MSVCP140.dll
 0002:00000180       __imp___CxxFrameHandler3   000000018000a180     vcruntime:VCRUNTIME140.dll
 0002:00000188       __imp___C_specific_handler 000000018000a188     vcruntime:VCRUNTIME140.dll
 0002:00000190       __imp_memset               000000018000a190     vcruntime:VCRUNTIME140.dll
 0002:00000198       __imp___std_exception_copy 000000018000a198     vcruntime:VCRUNTIME140.dll
 0002:000001a0       __imp___std_exception_destroy 000000018000a1a0     vcruntime:VCRUNTIME140.dll
 0002:000001a8       __imp__CxxThrowException   000000018000a1a8     vcruntime:VCRUNTIME140.dll
 0002:000001b0       __imp___std_type_info_destroy_list 000000018000a1b0     vcruntime:VCRUNTIME140.dll
 0002:000001b8       __imp_memcmp               000000018000a1b8     vcruntime:VCRUNTIME140.dll
 0002:000001c0       __imp_memcpy               000000018000a1c0     vcruntime:VCRUNTIME140.dll
 0002:000001c8       __imp___std_terminate      000000018000a1c8     vcruntime:VCRUNTIME140.dll
 0002:000001d0       __imp_memmove              000000018000a1d0     vcruntime:VCRUNTIME140.dll
 0002:000001d8       \177VCRUNTIME140_NULL_THUNK_DATA 000000018000a1d8     vcruntime:VCRUNTIME140.dll
 0002:000001e0       __imp_malloc               000000018000a1e0     ucrt:api-ms-win-crt-heap-l1-1-0.dll
 0002:000001e8       __imp__callnewh            000000018000a1e8     ucrt:api-ms-win-crt-heap-l1-1-0.dll
 0002:000001f0       __imp_free                 000000018000a1f0     ucrt:api-ms-win-crt-heap-l1-1-0.dll
 0002:000001f8       \177api-ms-win-crt-heap-l1-1-0_NULL_THUNK_DATA 000000018000a1f8     ucrt:api-ms-win-crt-heap-l1-1-0.dll
 0002:00000200       __imp__crt_atexit          000000018000a200     ucrt:api-ms-win-crt-runtime-l1-1-0.dll
 0002:00000208       __imp__execute_onexit_table 000000018000a208     ucrt:api-ms-win-crt-runtime-l1-1-0.dll
 0002:00000210       __imp__register_onexit_function 000000018000a210     ucrt:api-ms-win-crt-runtime-l1-1-0.dll
 0002:00000218       __imp__cexit               000000018000a218     ucrt:api-ms-win-crt-runtime-l1-1-0.dll
 0002:00000220       __imp__initialize_narrow_environment 000000018000a220     ucrt:api-ms-win-crt-runtime-l1-1-0.dll
 0002:00000228       __imp__configure_narrow_argv 000000018000a228     ucrt:api-ms-win-crt-runtime-l1-1-0.dll
 0002:00000230       __imp__seh_filter_dll      000000018000a230     ucrt:api-ms-win-crt-runtime-l1-1-0.dll
 0002:00000238       __imp__initterm            000000018000a238     ucrt:api-ms-win-crt-runtime-l1-1-0.dll
 0002:00000240       __imp__initterm_e          000000018000a240     ucrt:api-ms-win-crt-runtime-l1-1-0.dll
 0002:00000248       __imp__invalid_parameter_noinfo_noreturn 000000018000a248     ucrt:api-ms-win-crt-runtime-l1-1-0.dll
 0002:00000250       __imp__wassert             000000018000a250     ucrt:api-ms-win-crt-runtime-l1-1-0.dll
 0002:00000258       __imp__initialize_onexit_table 000000018000a258     ucrt:api-ms-win-crt-runtime-l1-1-0.dll
 0002:00000260       \177api-ms-win-crt-runtime-l1-1-0_NULL_THUNK_DATA 000000018000a260     ucrt:api-ms-win-crt-runtime-l1-1-0.dll
 0002:00000268       __imp_??1?$basic_ios@DU?$char_traits@D@std@@@std@@UEAA@XZ 000000018000a268     node:node.exe
 0002:00000270       __imp_??0?$basic_ios@DU?$char_traits@D@std@@@std@@IEAA@XZ 000000018000a270     node:node.exe
 0002:00000278       __imp_?setstate@?$basic_ios@DU?$char_traits@D@std@@@std@@QEAAXH_N@Z 000000018000a278     node:node.exe
 0002:00000280       __imp_?flush@?$basic_ostream@DU?$char_traits@D@std@@@std@@QEAAAEAV12@XZ 000000018000a280     node:node.exe
 0002:00000288       __imp_?_Osfx@?$basic_ostream@DU?$char_traits@D@std@@@std@@QEAAXXZ 000000018000a288     node:node.exe
 0002:00000290       __imp_uv_default_loop      000000018000a290     node:node.exe
 0002:00000298       __imp_uv_async_init        000000018000a298     node:node.exe
 0002:000002a0       __imp_uv_async_send        000000018000a2a0     node:node.exe
 0002:000002a8       __imp_uv_mutex_init        000000018000a2a8     node:node.exe
 0002:000002b0       __imp_?EmitAsyncInit@node@@YA?AUasync_context@1@PEAVIsolate@v8@@V?$Local@VObject@v8@@@4@V?$Local@VString@v8@@@4@N@Z 000000018000a2b0     node:node.exe
 0002:000002b8       __imp_?MakeCallback@node@@YA?AV?$MaybeLocal@VValue@v8@@@v8@@PEAVIsolate@3@V?$Local@VObject@v8@@@3@V?$Local@VFunction@v8@@@3@HPEAV?$Local@VValue@v8@@@3@Uasync_context@1@@Z 000000018000a2b8     node:node.exe
 0002:000002c0       __imp_?Copy@Buffer@node@@YA?AV?$MaybeLocal@VObject@v8@@@v8@@PEAVIsolate@4@PEBD_K@Z 000000018000a2c0     node:node.exe
 0002:000002c8       __imp_node_module_register 000000018000a2c8     node:node.exe
 0002:000002d0       __imp_?FatalException@node@@YAXPEAVIsolate@v8@@AEBVTryCatch@3@@Z 000000018000a2d0     node:node.exe
 0002:000002d8       __imp_uv_unref             000000018000a2d8     node:node.exe
 0002:000002e0       __imp_uv_mutex_lock        000000018000a2e0     node:node.exe
 0002:000002e8       __imp_?New@ObjectTemplate@v8@@SA?AV?$Local@VObjectTemplate@v8@@@2@PEAVIsolate@2@V?$Local@VFunctionTemplate@v8@@@2@@Z 000000018000a2e8     node:node.exe
 0002:000002f0       __imp_?NewInstance@ObjectTemplate@v8@@QEAA?AV?$MaybeLocal@VObject@v8@@@2@V?$Local@VContext@v8@@@2@@Z 000000018000a2f0     node:node.exe
 0002:000002f8       __imp_?SetInternalFieldCount@ObjectTemplate@v8@@QEAAXH@Z 000000018000a2f8     node:node.exe
 0002:00000300       __imp_?Set@Object@v8@@QEAA?AV?$Maybe@_N@2@V?$Local@VContext@v8@@@2@V?$Local@VValue@v8@@@2@1@Z 000000018000a300     node:node.exe
 0002:00000308       __imp_?Get@Object@v8@@QEAA?AV?$MaybeLocal@VValue@v8@@@2@V?$Local@VContext@v8@@@2@I@Z 000000018000a308     node:node.exe
 0002:00000310       __imp_?Get@Object@v8@@QEAA?AV?$MaybeLocal@VValue@v8@@@2@V?$Local@VContext@v8@@@2@V?$Local@VValue@v8@@@2@@Z 000000018000a310     node:node.exe
 0002:00000318       __imp_?GetOwnPropertyNames@Object@v8@@QEAA?AV?$MaybeLocal@VArray@v8@@@2@V?$Local@VContext@v8@@@2@@Z 000000018000a318     node:node.exe
 0002:00000320       __imp_?SetInternalField@Object@v8@@QEAAXHV?$Local@VValue@v8@@@2@@Z 000000018000a320     node:node.exe
 0002:00000328       __imp_?CallAsFunction@Object@v8@@QEAA?AV?$MaybeLocal@VValue@v8@@@2@V?$Local@VContext@v8@@@2@V?$Local@VValue@v8@@@2@HQEAV52@@Z 000000018000a328     node:node.exe
 0002:00000330       __imp_?New@Object@v8@@SA?AV?$Local@VObject@v8@@@2@PEAVIsolate@2@@Z 000000018000a330     node:node.exe
 0002:00000338       __imp_?SlowGetInternalField@Object@v8@@AEAA?AV?$Local@VValue@v8@@@2@H@Z 000000018000a338     node:node.exe
 0002:00000340       __imp_?Length@String@v8@@QEBAHXZ 000000018000a340     node:node.exe
 0002:00000348       __imp_?WriteUtf8@String@v8@@QEBAHPEADHPEAHH@Z 000000018000a348     node:node.exe
 0002:00000350       __imp_?WriteUtf8@String@v8@@QEBAHPEAVIsolate@2@PEADHPEAHH@Z 000000018000a350     node:node.exe
 0002:00000358       __imp_?NewFromUtf8@String@v8@@SA?AV?$MaybeLocal@VString@v8@@@2@PEAVIsolate@2@PEBDW4NewStringType@2@H@Z 000000018000a358     node:node.exe
 0002:00000360       __imp_?NewFromUtf8@String@v8@@SA?AV?$Local@VString@v8@@@2@PEAVIsolate@2@PEBDW4NewStringType@12@H@Z 000000018000a360     node:node.exe
 0002:00000368       __imp_??0EscapableHandleScope@v8@@QEAA@PEAVIsolate@1@@Z 000000018000a368     node:node.exe
 0002:00000370       __imp_?New@Number@v8@@SA?AV?$Local@VNumber@v8@@@2@PEAVIsolate@2@N@Z 000000018000a370     node:node.exe
 0002:00000378       __imp_?IntegerValue@Value@v8@@QEBA?AV?$Maybe@_J@2@V?$Local@VContext@v8@@@2@@Z 000000018000a378     node:node.exe
 0002:00000380       __imp_?FromJustIsNothing@V8@v8@@CAXXZ 000000018000a380     node:node.exe
 0002:00000388       __imp_?GetType@HeapGraphNode@v8@@QEBA?AW4Type@12@XZ 000000018000a388     node:node.exe
 0002:00000390       __imp_?GetName@HeapGraphNode@v8@@QEBA?AV?$Local@VString@v8@@@2@XZ 000000018000a390     node:node.exe
 0002:00000398       __imp_?GetShallowSize@HeapGraphNode@v8@@QEBA_KXZ 000000018000a398     node:node.exe
 0002:000003a0       __imp_?TakeHeapSnapshot@HeapProfiler@v8@@QEAAPEBVHeapSnapshot@2@PEAVActivityControl@2@PEAVObjectNameResolver@12@@Z 000000018000a3a0     node:node.exe
 0002:000003a8       __imp_?DeleteAllHeapSnapshots@HeapProfiler@v8@@QEAAXXZ 000000018000a3a8     node:node.exe
 0002:000003b0       __imp_?GetHeapProfiler@Isolate@v8@@QEAAPEAVHeapProfiler@2@XZ 000000018000a3b0     node:node.exe
 0002:000003b8       __imp_?GetNodesCount@HeapSnapshot@v8@@QEBAHXZ 000000018000a3b8     node:node.exe
 0002:000003c0       __imp_?GetNode@HeapSnapshot@v8@@QEBAPEBVHeapGraphNode@2@H@Z 000000018000a3c0     node:node.exe
 0002:000003c8       __imp_uv_close             000000018000a3c8     node:node.exe
 0002:000003d0       __imp_??1EscapableHandleScope@v8@@QEAA@XZ 000000018000a3d0     node:node.exe
 0002:000003d8       __imp_?EmitAsyncDestroy@node@@YAXPEAVIsolate@v8@@Uasync_context@1@@Z 000000018000a3d8     node:node.exe
 0002:000003e0       __imp_?Escape@EscapableHandleScope@v8@@AEAAPEAPEAVObject@internal@2@PEAPEAV342@@Z 000000018000a3e0     node:node.exe
 0002:000003e8       __imp_??0TryCatch@v8@@QEAA@PEAVIsolate@1@@Z 000000018000a3e8     node:node.exe
 0002:000003f0       __imp_??1TryCatch@v8@@QEAA@XZ 000000018000a3f0     node:node.exe
 0002:000003f8       __imp_?HasCaught@TryCatch@v8@@QEBA_NXZ 000000018000a3f8     node:node.exe
 0002:00000400       __imp_?IsFunction@Value@v8@@QEBA_NXZ 000000018000a400     node:node.exe
 0002:00000408       __imp_?IsObject@Value@v8@@QEBA_NXZ 000000018000a408     node:node.exe
 0002:00000410       __imp_?ToString@Value@v8@@QEBA?AV?$MaybeLocal@VString@v8@@@2@V?$Local@VContext@v8@@@2@@Z 000000018000a410     node:node.exe
 0002:00000418       __imp_?ToObject@Value@v8@@QEBA?AV?$MaybeLocal@VObject@v8@@@2@V?$Local@VContext@v8@@@2@@Z 000000018000a418     node:node.exe
 0002:00000420       __imp_?GlobalizeReference@V8@v8@@CAPEAPEAVObject@internal@2@PEAVIsolate@42@PEAPEAV342@@Z 000000018000a420     node:node.exe
 0002:00000428       __imp_?ToLocalEmpty@V8@v8@@CAXXZ 000000018000a428     node:node.exe
 0002:00000430       __imp_?New@FunctionTemplate@v8@@SA?AV?$Local@VFunctionTemplate@v8@@@2@PEAVIsolate@2@P6AXAEBV?$FunctionCallbackInfo@VValue@v8@@@2@@ZV?$Local@VValue@v8@@@2@V?$Local@VSignature@v8@@@2@HW4ConstructorBehavior@2@W4SideEffectType@2@@Z 000000018000a430     node:node.exe
 0002:00000438       __imp_?GetFunction@FunctionTemplate@v8@@QEAA?AV?$MaybeLocal@VFunction@v8@@@2@V?$Local@VContext@v8@@@2@@Z 000000018000a438     node:node.exe
 0002:00000440       __imp_?SetClassName@FunctionTemplate@v8@@QEAAXV?$Local@VString@v8@@@2@@Z 000000018000a440     node:node.exe
 0002:00000448       __imp_?Length@Array@v8@@QEBAIXZ 000000018000a448     node:node.exe
 0002:00000450       __imp_?Error@Exception@v8@@SA?AV?$Local@VValue@v8@@@2@V?$Local@VString@v8@@@2@@Z 000000018000a450     node:node.exe
 0002:00000458       __imp_??0HandleScope@v8@@QEAA@PEAVIsolate@1@@Z 000000018000a458     node:node.exe
 0002:00000460       __imp_??1HandleScope@v8@@QEAA@XZ 000000018000a460     node:node.exe
 0002:00000468       __imp_?CreateHandle@HandleScope@v8@@CAPEAPEAVObject@internal@2@PEAVHeapObject@42@PEAV342@@Z 000000018000a468     node:node.exe
 0002:00000470       __imp_?CreateHandle@HandleScope@v8@@KAPEAPEAVObject@internal@2@PEAVIsolate@42@PEAV342@@Z 000000018000a470     node:node.exe
 0002:00000478       __imp_?GetCurrent@Isolate@v8@@SAPEAV12@XZ 000000018000a478     node:node.exe
 0002:00000480       __imp_?GetCurrentContext@Isolate@v8@@QEAA?AV?$Local@VContext@v8@@@2@XZ 000000018000a480     node:node.exe
 0002:00000488       __imp_?ThrowException@Isolate@v8@@QEAA?AV?$Local@VValue@v8@@@2@V32@@Z 000000018000a488     node:node.exe
 0002:00000490       __imp_?New@External@v8@@SA?AV?$Local@VExternal@v8@@@2@PEAVIsolate@2@PEAX@Z 000000018000a490     node:node.exe
 0002:00000498       __imp_?Value@External@v8@@QEBAPEAXXZ 000000018000a498     node:node.exe
 0002:000004a0       __imp_?Global@Context@v8@@QEAA?AV?$Local@VObject@v8@@@2@XZ 000000018000a4a0     node:node.exe
 0002:000004a8       __imp_uv_mutex_unlock      000000018000a4a8     node:node.exe
 0002:000004b0       \177node_NULL_THUNK_DATA   000000018000a4b0     node:node.exe
 0002:000004b8       __guard_check_icall_fptr   000000018000a4b8     MSVCRT:guard_support.obj
 0002:000004c0       __guard_dispatch_icall_fptr 000000018000a4c0     MSVCRT:guard_support.obj
 0002:000004c8       __xc_a                     000000018000a4c8     MSVCRT:initializers.obj
 0002:000004d8       _register_appmetrics_      000000018000a4d8     appmetrics.obj
 0002:000004e0       __xc_z                     000000018000a4e0     MSVCRT:initializers.obj
 0002:000004e8       __xi_a                     000000018000a4e8     MSVCRT:initializers.obj
 0002:000004f8       __xi_z                     000000018000a4f8     MSVCRT:initializers.obj
 0002:00000500       __xl_a                     000000018000a500     MSVCRT:tlssup.obj
 0002:00000508       __xl_z                     000000018000a508     MSVCRT:tlssup.obj
 0002:00000510       __xp_a                     000000018000a510     MSVCRT:initializers.obj
 0002:00000518       __xp_z                     000000018000a518     MSVCRT:initializers.obj
 0002:00000520       __xt_a                     000000018000a520     MSVCRT:initializers.obj
 0002:00000528       __xt_z                     000000018000a528     MSVCRT:initializers.obj
 0002:00000560       ??_C@_1EC@JIJBPKFM@?$AAa?$AAp?$AAi?$AA?9?$AAm?$AAs?$AA?9?$AAw?$AAi?$AAn?$AA?9?$AAc?$AAo?$AAr?$AAe@ 000000018000a560     MSVCRT:thread_safe_statics.obj
 0002:000005a8       ??_C@_1BK@MGMFAEKH@?$AAk?$AAe?$AAr?$AAn?$AAe?$AAl?$AA3?$AA2?$AA?4?$AAd?$AAl?$AAl@ 000000018000a5a8     MSVCRT:thread_safe_statics.obj
 0002:000005c8       ??_C@_0BM@HLJJNPAH@InitializeConditionVariable@ 000000018000a5c8     MSVCRT:thread_safe_statics.obj
 0002:000005e8       ??_C@_0BJ@JEBJOJFJ@SleepConditionVariableCS@ 000000018000a5e8     MSVCRT:thread_safe_statics.obj
 0002:00000608       ??_C@_0BJ@PGPPEPCC@WakeAllConditionVariable@ 000000018000a608     MSVCRT:thread_safe_statics.obj
 0002:00000628       _pRawDllMain               000000018000a628     MSVCRT:dll_dllmain.obj
 0002:00000628       _pDefaultRawDllMain        000000018000a628     MSVCRT:dll_dllmain.obj
 0002:00000648       ??_7exception@std@@6B@     000000018000a648     MSVCRT:throw_bad_alloc.obj
 0002:00000658       ??_C@_0BC@EOODALEL@Unknown?5exception@ 000000018000a658     MSVCRT:throw_bad_alloc.obj
 0002:00000678       ??_7bad_alloc@std@@6B@     000000018000a678     MSVCRT:throw_bad_alloc.obj
 0002:00000688       ??_C@_0P@GHFPNOJB@bad?5allocation@ 000000018000a688     MSVCRT:throw_bad_alloc.obj
 0002:000006a0       ??_7bad_array_new_length@std@@6B@ 000000018000a6a0     MSVCRT:throw_bad_alloc.obj
 0002:000006b0       ??_C@_0BF@KINCDENJ@bad?5array?5new?5length@ 000000018000a6b0     MSVCRT:throw_bad_alloc.obj
 0002:000006d0       ??_7type_info@@6B@         000000018000a6d0     MSVCRT:std_type_info_static.obj
 0002:000006d8       ??_C@_0BA@JFNIOLAK@string?5too?5long@ 000000018000a6d8     appmetrics.obj
 0002:000006f0       ??_C@_1LK@FFGIENPL@?$AAc?$AA?3?$AA?2?$AAu?$AAs?$AAe?$AAr?$AAs?$AA?2?$AAn?$AAi?$AAc?$AAk?$AA_?$AAc@ 000000018000a6f0     appmetrics.obj
 0002:000007b0       ??_C@_1FM@LOELJOFK@?$AAs?$AAi?$AAz?$AAe?$AA?5?$AA?$DM?$AA?$DN?$AA?5?$AAi?$AAm?$AAp?$AA?3?$AA?3?$AAk?$AAM@ 000000018000a7b0     appmetrics.obj
 0002:00000810       ??_C@_1BO@OPFMAOCA@?$AAl?$AAe?$AAn?$AA?5?$AA?$DM?$AA?$DN?$AA?5?$AAI?$AAN?$AAT?$AA_?$AAM?$AAA?$AAX@ 000000018000a810     appmetrics.obj
 0002:00000830       ??_C@_1BE@CKDJNAPC@?$AAs?$AAt?$AAr?$AA_?$AA?5?$AA?$CB?$AA?$DN?$AA?5?$AA0@ 000000018000a830     appmetrics.obj
 0002:00000848       ??_C@_0BC@EBHDFLHM@nan?3Callback?3Call@ 000000018000a848     appmetrics.obj
 0002:0000085c       ??_C@_01LFCBOECM@?4@       000000018000a85c     appmetrics.obj
 0002:00000860       ??_C@_01KMDKNFGN@?1@       000000018000a860     appmetrics.obj
 0002:00000864       ??_C@_01KICIPPFI@?2@       000000018000a864     appmetrics.obj
 0002:00000868       ??_C@_08BABJIOEM@filename@ 000000018000a868     appmetrics.obj
 0002:00000878       ??_C@_07DEBHDLBL@process@  000000018000a878     appmetrics.obj
 0002:00000880       ??_C@_0L@LBNGPKKH@mainModule@ 000000018000a880     appmetrics.obj
 0002:00000890       ??_C@_0BG@HLAAEMMF@appmetrics?4properties@ 000000018000a890     appmetrics.obj
 0002:000008b0       ??_C@_0EL@PMGHMPHG@Cannot?5load?5properties?5from?5app@ 000000018000a8b0     appmetrics.obj
 0002:000008fc       ??_C@_01EEMJAFIK@?6@       000000018000a8fc     appmetrics.obj
 0002:00000900       ??_C@_0BI@EKGFNAJ@Failed?5to?5open?5library?5@ 000000018000a900     appmetrics.obj
 0002:00000918       ??_C@_0N@DPABGDEO@?5in?5library?5@ 000000018000a918     appmetrics.obj
 0002:00000928       ??_C@_0BI@NDNJCBDN@Failed?5to?5find?5symbol?5?8@ 000000018000a928     appmetrics.obj
 0002:00000940       ??_C@_0BA@CPILNEEN@hcapiplugin?4dll@ 000000018000a940     appmetrics.obj
 0002:00000950       ??_C@_0CN@LGLNEAOK@com?4ibm?4diagnostics?4healthcente@ 000000018000a950     appmetrics.obj
 0002:00000980       ??_C@_0M@EKDPAJDI@apiPushData@ 000000018000a980     appmetrics.obj
 0002:00000990       ??_C@_0M@JHGJKFAD@sendControl@ 000000018000a990     appmetrics.obj
 0002:000009a0       ??_C@_0BB@KOHGFLLJ@registerListener@ 000000018000a9a0     appmetrics.obj
 0002:000009b8       ??_C@_0O@MDMAAOG@agentcore?4dll@ 000000018000a9b8     appmetrics.obj
 0002:000009c8       ??_C@_0BC@JOPAKECK@loader_entrypoint@ 000000018000a9c8     appmetrics.obj
 0002:000009e0       ??_C@_0DD@HBGHHOIF@Incorrect?5number?5of?5parameters?5@ 000000018000a9e0     appmetrics.obj
 0002:00000a18       ??_C@_0DD@FPCCFPBH@Incorrect?5number?5of?5parameters?5@ 000000018000aa18     appmetrics.obj
 0002:00000a50       ??_C@_0CE@EAGCCFMO@Failed?5to?5initialize?5monitoring@ 000000018000aa50     appmetrics.obj
 0002:00000a78       ??_C@_0CC@OENKGDAE@Monitoring?5API?5is?5not?5initializ@ 000000018000aa78     appmetrics.obj
 0002:00000a9c       ??_C@_01JLIPDDHJ@?3@       000000018000aa9c     appmetrics.obj
 0002:00000aa0       ??_C@_0CI@MNHKJAHN@First?5argument?5must?5a?5event?5nam@ 000000018000aaa0     appmetrics.obj
 0002:00000ad0       ??_C@_0FD@FLDHCHNG@Second?5argument?5must?5be?5a?5JSON?5@ 000000018000aad0     appmetrics.obj
 0002:00000b30       ??_C@_0EJ@FENGLKME@Arguments?5must?5be?5strings?5conta@ 000000018000ab30     appmetrics.obj
 0002:00000b80       ??_C@_0CC@LODBDECI@First?5argument?5must?5be?5a?5functi@ 000000018000ab80     appmetrics.obj
 0002:00000ba8       ??_C@_0CL@NGCLMHPE@First?5argument?5must?5be?5a?5callba@ 000000018000aba8     appmetrics.obj
 0002:00000bd4       ??_C@_06BIEEJMKO@module@   000000018000abd4     appmetrics.obj
 0002:00000be0       ??_C@_07FFLLPPLH@require@  000000018000abe0     appmetrics.obj
 0002:00000be8       ??_C@_06OKOBMHEB@_cache@   000000018000abe8     appmetrics.obj
 0002:00000bf0       ??_C@_0M@KNEGPNPH@appmetrics?1@ 000000018000abf0     appmetrics.obj
 0002:00000c00       ??_C@_0M@KJFENHMC@appmetrics?2@ 000000018000ac00     appmetrics.obj
 0002:00000c0c       ??_C@_06MLKDMCBD@parent@   000000018000ac0c     appmetrics.obj
 0002:00000c18       ??_C@_08MDIKIPPI@index?4js@ 000000018000ac18     appmetrics.obj
 0002:00000c28       ??_C@_0M@IAEAHBFJ@launcher?4js@ 000000018000ac28     appmetrics.obj
 0002:00000c40       ??_C@_0FM@CBDALFON@Conflicting?5appmetrics?5module?5w@ 000000018000ac40     appmetrics.obj
 0002:00000ca0       ??_C@_09FKEIOPOC@getOption@ 000000018000aca0     appmetrics.obj
 0002:00000cb0       ??_C@_09HEANMOHA@setOption@ 000000018000acb0     appmetrics.obj
 0002:00000cbc       ??_C@_05FAGFPHJG@start@    000000018000acbc     appmetrics.obj
 0002:00000cc4       ??_C@_05EHBPHALJ@spath@    000000018000acc4     appmetrics.obj
 0002:00000ccc       ??_C@_04PEGFANN@stop@      000000018000accc     appmetrics.obj
 0002:00000cd8       ??_C@_0N@LAGKFENI@localConnect@ 000000018000acd8     appmetrics.obj
 0002:00000ce8       ??_C@_0L@EIJPHKGI@nativeEmit@ 000000018000ace8     appmetrics.obj
 0002:00000cf8       ??_C@_0BD@DOKNIHE@sendControlCommand@ 000000018000acf8     appmetrics.obj
 0002:00000d10       ??_C@_0BH@KAPEABLG@setHeadlessZipFunction@ 000000018000ad10     appmetrics.obj
 0002:00000d28       ??_C@_0BD@MLHAHJPA@getObjectHistogram@ 000000018000ad28     appmetrics.obj
 0002:00000d40       ??_C@_0CI@JGJBKFM@Failed?5to?5initialize?5Agent?5Core@ 000000018000ad40     appmetrics.obj
 0002:00000d68       ??_C@_0CK@HEEMFFNK@Failed?5to?5load?5appmetrics?4prope@ 000000018000ad68     appmetrics.obj
 0002:00000d98       ??_C@_0BC@FLCCNDPM@agentcore?4version@ 000000018000ad98     appmetrics.obj
 0002:00000db0       ??_C@_0BD@BKAGIPDJ@5?41?41?4201911220926@ 000000018000adb0     appmetrics.obj
 0002:00000dc8       ??_C@_0BD@MCOOMJNP@appmetrics?4version@ 000000018000adc8     appmetrics.obj
 0002:00000ddc       ??_C@_01PKGAHCOL@?$CJ@     000000018000addc     appmetrics.obj
 0002:00000de0       ??_C@_0O@BELMPAII@?5?$CIAgent?5Core?5@ 000000018000ade0     appmetrics.obj
 0002:00000df0       ??_C@_0BK@JGOKMHIL@Node?5Application?5Metrics?5@ 000000018000adf0     appmetrics.obj
 0002:00000e10       ??_C@_0IK@IHPKBPHO@c?3?2users?2nick_chen?2source?2repos@ 000000018000ae10     appmetrics.obj
 0002:00000ea0       ??_C@_0L@IKKEIMDD@appmetrics@ 000000018000aea0     appmetrics.obj
 0002:00000eb0       ??_C@_0BI@CFPLBAOH@invalid?5string?5position@ 000000018000aeb0     appmetrics.obj
 0002:00000ed8       ??_8?$basic_stringstream@DU?$char_traits@D@std@@V?$allocator@D@2@@std@@7B?$basic_ostream@DU?$char_traits@D@std@@@1@@ 000000018000aed8     appmetrics.obj
 0002:00000ee0       ??_7?$basic_stringbuf@DU?$char_traits@D@std@@V?$allocator@D@2@@std@@6B@ 000000018000aee0     appmetrics.obj
 0002:00000f58       ??_7?$basic_stringstream@DU?$char_traits@D@std@@V?$allocator@D@2@@std@@6B@ 000000018000af58     appmetrics.obj
 0002:00000f60       ??_8?$basic_stringstream@DU?$char_traits@D@std@@V?$allocator@D@2@@std@@7B?$basic_istream@DU?$char_traits@D@std@@@1@@ 000000018000af60     appmetrics.obj
 0002:00000f68       ??_C@_05IOMEMJEC@count@    000000018000af68     objecttracker.obj
 0002:00000f70       ??_C@_04IAGNFIBA@size@     000000018000af70     objecttracker.obj
 0002:00000f78       ??_C@_08BKMINCCJ@?$CIstring?$CJ@ 000000018000af78     objecttracker.obj
 0002:00000f88       ??_C@_07MEILFNBD@?$CIarray?$CJ@ 000000018000af88     objecttracker.obj
 0002:00001530       __real@43f0000000000000    000000018000b530     objecttracker.obj
 0002:00001538       __real@bff0000000000000    000000018000b538     appmetrics.obj
 0002:00001540       __xmm@000000000000000f0000000000000000 000000018000b540     headlessutils.obj
 0002:00001610       _load_config_used          000000018000b610     MSVCRT:loadcfg.obj
 0002:00001710       _tls_used                  000000018000b710     MSVCRT:tlssup.obj
 0002:00001738       ??_R4exception@std@@6B@    000000018000b738     MSVCRT:throw_bad_alloc.obj
 0002:00001760       ??_R3exception@std@@8      000000018000b760     MSVCRT:throw_bad_alloc.obj
 0002:00001778       ??_R2exception@std@@8      000000018000b778     MSVCRT:throw_bad_alloc.obj
 0002:00001788       ??_R1A@?0A@EA@exception@std@@8 000000018000b788     MSVCRT:throw_bad_alloc.obj
 0002:000017b0       ??_R4bad_alloc@std@@6B@    000000018000b7b0     MSVCRT:throw_bad_alloc.obj
 0002:000017d8       ??_R3bad_alloc@std@@8      000000018000b7d8     MSVCRT:throw_bad_alloc.obj
 0002:000017f0       ??_R2bad_alloc@std@@8      000000018000b7f0     MSVCRT:throw_bad_alloc.obj
 0002:00001808       ??_R1A@?0A@EA@bad_alloc@std@@8 000000018000b808     MSVCRT:throw_bad_alloc.obj
 0002:00001830       ??_R4bad_array_new_length@std@@6B@ 000000018000b830     MSVCRT:throw_bad_alloc.obj
 0002:00001858       ??_R3bad_array_new_length@std@@8 000000018000b858     MSVCRT:throw_bad_alloc.obj
 0002:00001870       ??_R2bad_array_new_length@std@@8 000000018000b870     MSVCRT:throw_bad_alloc.obj
 0002:00001890       ??_R1A@?0A@EA@bad_array_new_length@std@@8 000000018000b890     MSVCRT:throw_bad_alloc.obj
 0002:000018b8       ??_R4type_info@@6B@        000000018000b8b8     MSVCRT:std_type_info_static.obj
 0002:000018e0       ??_R3type_info@@8          000000018000b8e0     MSVCRT:std_type_info_static.obj
 0002:000018f8       ??_R2type_info@@8          000000018000b8f8     MSVCRT:std_type_info_static.obj
 0002:00001908       ??_R1A@?0A@EA@type_info@@8 000000018000b908     MSVCRT:std_type_info_static.obj
 0002:00001d10       __rtc_iaa                  000000018000bd10     MSVCRT:initsect.obj
 0002:00001d18       __rtc_izz                  000000018000bd18     MSVCRT:initsect.obj
 0002:00001d20       __rtc_taa                  000000018000bd20     MSVCRT:initsect.obj
 0002:00001d28       __rtc_tzz                  000000018000bd28     MSVCRT:initsect.obj
 0002:00001d30       _tls_start                 000000018000bd30     MSVCRT:tlssup.obj
 0002:00001d34       _Init_thread_epoch         000000018000bd34     MSVCRT:thread_safe_statics.obj
 0002:00001d38       _tls_end                   000000018000bd38     MSVCRT:tlssup.obj
 0002:000030a8       _TI2?AVbad_alloc@std@@     000000018000d0a8     MSVCRT:throw_bad_alloc.obj
 0002:000030c8       _CTA2?AVbad_alloc@std@@    000000018000d0c8     MSVCRT:throw_bad_alloc.obj
 0002:000030e0       _CT??_R0?AVbad_alloc@std@@@8??0bad_alloc@std@@QEAA@AEBV01@@Z24 000000018000d0e0     MSVCRT:throw_bad_alloc.obj
 0002:00003108       _CT??_R0?AVexception@std@@@8??0exception@std@@QEAA@AEBV01@@Z24 000000018000d108     MSVCRT:throw_bad_alloc.obj
 0002:00003130       _TI3?AVbad_array_new_length@std@@ 000000018000d130     MSVCRT:throw_bad_alloc.obj
 0002:00003150       _CTA3?AVbad_array_new_length@std@@ 000000018000d150     MSVCRT:throw_bad_alloc.obj
 0002:00003170       _CT??_R0?AVbad_array_new_length@std@@@8??0bad_array_new_length@std@@QEAA@AEBV01@@Z24 000000018000d170     MSVCRT:throw_bad_alloc.obj
 0002:000031f8       __IMPORT_DESCRIPTOR_KERNEL32 000000018000d1f8     kernel32:KERNEL32.dll
 0002:0000320c       __IMPORT_DESCRIPTOR_node   000000018000d20c     node:node.exe
 0002:00003220       __IMPORT_DESCRIPTOR_MSVCP140 000000018000d220     msvcprt:MSVCP140.dll
 0002:00003234       __IMPORT_DESCRIPTOR_VCRUNTIME140 000000018000d234     vcruntime:VCRUNTIME140.dll
 0002:00003248       __IMPORT_DESCRIPTOR_api-ms-win-crt-heap-l1-1-0 000000018000d248     ucrt:api-ms-win-crt-heap-l1-1-0.dll
 0002:0000325c       __IMPORT_DESCRIPTOR_api-ms-win-crt-runtime-l1-1-0 000000018000d25c     ucrt:api-ms-win-crt-runtime-l1-1-0.dll
 0002:00003270       __NULL_IMPORT_DESCRIPTOR   000000018000d270     kernel32:KERNEL32.dll
 0003:00000000       _Init_global_epoch         0000000180010000     MSVCRT:thread_safe_statics.obj
 0003:00000004       __scrt_native_dllmain_reason 0000000180010004     MSVCRT:utility.obj
 0003:00000008       __security_cookie_complement 0000000180010008     MSVCRT:gs_cookie.obj
 0003:00000010       __security_cookie          0000000180010010     MSVCRT:gs_cookie.obj
 0003:00000018       __isa_available            0000000180010018     MSVCRT:cpu_disp.obj
 0003:0000001c       __isa_enabled              000000018001001c     MSVCRT:cpu_disp.obj
 0003:00000020       __memcpy_nt_iters          0000000180010020     MSVCRT:cpu_disp.obj
 0003:00000030       __scrt_ucrt_dll_is_in_use  0000000180010030     MSVCRT:ucrt_stubs.obj
 0003:00000080       _fltused                   0000000180010080     MSVCRT:fltused.obj
 0003:00000088       ??_R0?AVbad_alloc@std@@@8  0000000180010088     MSVCRT:throw_bad_alloc.obj
 0003:000000b0       ??_R0?AVexception@std@@@8  00000001800100b0     MSVCRT:throw_bad_alloc.obj
 0003:000000d8       ??_R0?AVbad_array_new_length@std@@@8 00000001800100d8     MSVCRT:throw_bad_alloc.obj
 0003:00000108       ??_R0?AVtype_info@@@8      0000000180010108     MSVCRT:std_type_info_static.obj
 0003:00000178       __scrt_current_native_startup_state 0000000180010178     MSVCRT:utility.obj
 0003:00000180       __scrt_native_startup_lock 0000000180010180     MSVCRT:utility.obj
 0003:00000740       __scrt_debugger_hook_flag  0000000180010740     MSVCRT:utility_desktop.obj
 0003:00000744       _tls_index                 0000000180010744     MSVCRT:tlssup.obj
 0003:00000748       __favor                    0000000180010748     MSVCRT:cpu_disp.obj
 0003:00000750       ?__type_info_root_node@@3U__type_info_node@@A 0000000180010750     MSVCRT:tncleanup.obj
 0003:00000760       ?_OptionsStorage@?1??__local_stdio_printf_options@@9@4_KA 0000000180010760     MSVCRT:default_local_stdio_options.obj
 0003:00000768       ?_OptionsStorage@?1??__local_stdio_scanf_options@@9@4_KA 0000000180010768     MSVCRT:default_local_stdio_options.obj
 0003:00000770       ?cpu_profiler_@compat@@3PEAVCpuProfiler@v8@@EA 0000000180010770     appmetrics.obj
 0003:000007a0       ?listener@@3PEAUListener@@EA 00000001800107a0     appmetrics.obj
 0003:000007a8       ?pushData@monitorApi@@3P6AXPEBD@ZEA 00000001800107a8     appmetrics.obj
 0003:00000890       ?registerListener@monitorApi@@3P6AXP6AXPEBDIPEAX@Z@ZEA 0000000180010890     appmetrics.obj
 0003:00000898       ?sendControl@monitorApi@@3P6AXPEBDIPEAX@ZEA 0000000180010898     appmetrics.obj
 0003:000008a0       ?async_zip@headless@@3Uuv_async_s@@A 00000001800108a0     headlessutils.obj
 0003:00000980       ?loop@headless@@3PEAUuv_loop_s@@EA 0000000180010980     headlessutils.obj
 0003:00000988       ?zipFunction@headless@@3PEAVCallback@Nan@@EA 0000000180010988     headlessutils.obj
 0003:00000990       ?outputDir@headless@@3V?$basic_string@DU?$char_traits@D@std@@V?$allocator@D@2@@std@@A 0000000180010990     headlessutils.obj
 0003:00000a00       __dyn_tls_init_callback    0000000180010a00     <common>

 entry point at        0001:00006fcc

 Static symbols

 0000:fffec000       .debug$S                   0000000180000000     kernel32:KERNEL32.dll
 0000:fffec000       .debug$S                   0000000180000000     vcruntime:VCRUNTIME140.dll
 0000:fffec000       .debug$S                   0000000180000000     vcruntime:VCRUNTIME140.dll
 0000:fffec000       .debug$S                   0000000180000000     vcruntime:VCRUNTIME140.dll
 0000:fffec000       .debug$S                   0000000180000000     kernel32:KERNEL32.dll
 0000:fffec000       .debug$S                   0000000180000000     node:node.exe
 0000:fffec000       .debug$S                   0000000180000000     node:node.exe
 0000:fffec000       .debug$S                   0000000180000000     node:node.exe
 0000:fffec000       .debug$S                   0000000180000000     node:node.exe
 0000:fffec000       .debug$S                   0000000180000000     node:node.exe
 0000:fffec000       .debug$S                   0000000180000000     node:node.exe
 0000:fffec000       .debug$S                   0000000180000000     node:node.exe
 0000:fffec000       .debug$S                   0000000180000000     node:node.exe
 0000:fffec000       .debug$S                   0000000180000000     node:node.exe
 0000:fffec000       .debug$S                   0000000180000000     node:node.exe
 0000:fffec000       .debug$S                   0000000180000000     node:node.exe
 0000:fffec000       .debug$S                   0000000180000000     node:node.exe
 0000:fffec000       .debug$S                   0000000180000000     node:node.exe
 0000:fffec000       .debug$S                   0000000180000000     node:node.exe
 0000:fffec000       .debug$S                   0000000180000000     node:node.exe
 0000:fffec000       .debug$S                   0000000180000000     node:node.exe
 0000:fffec000       .debug$S                   0000000180000000     node:node.exe
 0000:fffec000       .debug$S                   0000000180000000     node:node.exe
 0000:fffec000       .debug$S                   0000000180000000     node:node.exe
 0000:fffec000       .debug$S                   0000000180000000     node:node.exe
 0000:fffec000       .debug$S                   0000000180000000     node:node.exe
 0000:fffec000       .debug$S                   0000000180000000     appmetrics.exp
 0000:fffec000       .debug$S                   0000000180000000     kernel32:KERNEL32.dll
 0000:fffec000       .debug$S                   0000000180000000     node:node.exe
 0000:fffec000       .debug$S                   0000000180000000     node:node.exe
 0000:fffec000       .debug$S                   0000000180000000     node:node.exe
 0000:fffec000       .debug$S                   0000000180000000     node:node.exe
 0000:fffec000       .debug$S                   0000000180000000     node:node.exe
 0000:fffec000       .debug$S                   0000000180000000     node:node.exe
 0000:fffec000       .debug$S                   0000000180000000     node:node.exe
 0000:fffec000       .debug$S                   0000000180000000     node:node.exe
 0000:fffec000       .debug$S                   0000000180000000     node:node.exe
 0000:fffec000       .debug$S                   0000000180000000     node:node.exe
 0000:fffec000       .debug$S                   0000000180000000     node:node.exe
 0000:fffec000       .debug$S                   0000000180000000     node:node.exe
 0000:fffec000       .debug$S                   0000000180000000     node:node.exe
 0000:fffec000       .debug$S                   0000000180000000     node:node.exe
 0000:fffec000       .debug$S                   0000000180000000     node:node.exe
 0000:fffec000       .debug$S                   0000000180000000     node:node.exe
 0000:fffec000       .debug$S                   0000000180000000     node:node.exe
 0000:fffec000       .debug$S                   0000000180000000     node:node.exe
 0000:fffec000       .debug$S                   0000000180000000     node:node.exe
 0000:fffec000       .debug$S                   0000000180000000     node:node.exe
 0000:fffec000       .debug$S                   0000000180000000     node:node.exe
 0000:fffec000       .debug$S                   0000000180000000     node:node.exe
 0000:fffec000       .debug$S                   0000000180000000     node:node.exe
 0000:fffec000       .debug$S                   0000000180000000     node:node.exe
 0000:fffec000       .debug$S                   0000000180000000     node:node.exe
 0000:fffec000       .debug$S                   0000000180000000     node:node.exe
 0000:fffec000       .debug$S                   0000000180000000     node:node.exe
 0000:fffec000       .debug$S                   0000000180000000     node:node.exe
 0000:fffec000       .debug$S                   0000000180000000     node:node.exe
 0000:fffec000       .debug$S                   0000000180000000     node:node.exe
 0000:fffec000       .debug$S                   0000000180000000     node:node.exe
 0000:fffec000       .debug$S                   0000000180000000     node:node.exe
 0000:fffec000       .debug$S                   0000000180000000     node:node.exe
 0000:fffec000       .debug$S                   0000000180000000     node:node.exe
 0000:fffec000       .debug$S                   0000000180000000     node:node.exe
 0000:fffec000       .debug$S                   0000000180000000     node:node.exe
 0000:fffec000       .debug$S                   0000000180000000     node:node.exe
 0000:fffec000       .debug$S                   0000000180000000     node:node.exe
 0000:fffec000       .debug$S                   0000000180000000     node:node.exe
 0000:fffec000       .debug$S                   0000000180000000     node:node.exe
 0000:fffec000       .debug$S                   0000000180000000     node:node.exe
 0000:fffec000       .debug$S                   0000000180000000     node:node.exe
 0000:fffec000       .debug$S                   0000000180000000     node:node.exe
 0000:fffec000       .debug$S                   0000000180000000     node:node.exe
 0000:fffec000       .debug$S                   0000000180000000     node:node.exe
 0000:fffec000       .debug$S                   0000000180000000     node:node.exe
 0000:fffec000       .debug$S                   0000000180000000     node:node.exe
 0000:fffec000       .debug$S                   0000000180000000     node:node.exe
 0000:fffec000       .debug$S                   0000000180000000     node:node.exe
 0000:fffec000       .debug$S                   0000000180000000     node:node.exe
 0000:fffec000       .debug$S                   0000000180000000     node:node.exe
 0000:fffec000       .debug$S                   0000000180000000     node:node.exe
 0000:fffec000       .debug$S                   0000000180000000     node:node.exe
 0000:fffec000       .debug$S                   0000000180000000     node:node.exe
 0000:fffec000       .debug$S                   0000000180000000     node:node.exe
 0000:fffec000       .debug$S                   0000000180000000     node:node.exe
 0000:fffec000       .debug$S                   0000000180000000     node:node.exe
 0000:fffec000       .debug$S                   0000000180000000     node:node.exe
 0000:fffec000       .debug$S                   0000000180000000     node:node.exe
 0000:fffec000       .debug$S                   0000000180000000     node:node.exe
 0000:fffec000       .debug$S                   0000000180000000     node:node.exe
 0000:fffec000       .debug$S                   0000000180000000     node:node.exe
 0000:fffec000       .debug$S                   0000000180000000     node:node.exe
 0000:fffec000       .debug$S                   0000000180000000     node:node.exe
 0000:fffec000       .debug$S                   0000000180000000     node:node.exe
 0000:fffec000       .debug$S                   0000000180000000     node:node.exe
 0000:fffec000       .debug$S                   0000000180000000     node:node.exe
 0000:fffec000       .debug$S                   0000000180000000     node:node.exe
 0000:fffec000       .debug$S                   0000000180000000     node:node.exe
 0000:fffec000       .debug$S                   0000000180000000     node:node.exe
 0000:fffec000       .debug$S                   0000000180000000     msvcprt:MSVCP140.dll
 0000:fffec000       .debug$S                   0000000180000000     msvcprt:MSVCP140.dll
 0000:fffec000       .debug$S                   0000000180000000     msvcprt:MSVCP140.dll
 0000:fffec000       .debug$S                   0000000180000000     msvcprt:MSVCP140.dll
 0000:fffec000       .debug$S                   0000000180000000     msvcprt:MSVCP140.dll
 0000:fffec000       .debug$S                   0000000180000000     msvcprt:MSVCP140.dll
 0000:fffec000       .debug$S                   0000000180000000     msvcprt:MSVCP140.dll
 0000:fffec000       .debug$S                   0000000180000000     msvcprt:MSVCP140.dll
 0000:fffec000       .debug$S                   0000000180000000     msvcprt:MSVCP140.dll
 0000:fffec000       .debug$S                   0000000180000000     msvcprt:MSVCP140.dll
 0000:fffec000       .debug$S                   0000000180000000     msvcprt:MSVCP140.dll
 0000:fffec000       .debug$S                   0000000180000000     msvcprt:MSVCP140.dll
 0000:fffec000       .debug$S                   0000000180000000     msvcprt:MSVCP140.dll
 0000:fffec000       .debug$S                   0000000180000000     msvcprt:MSVCP140.dll
 0000:fffec000       .debug$S                   0000000180000000     msvcprt:MSVCP140.dll
 0000:fffec000       .debug$S                   0000000180000000     msvcprt:MSVCP140.dll
 0000:fffec000       .debug$S                   0000000180000000     msvcprt:MSVCP140.dll
 0000:fffec000       .debug$S                   0000000180000000     msvcprt:MSVCP140.dll
 0000:fffec000       .debug$S                   0000000180000000     msvcprt:MSVCP140.dll
 0000:fffec000       .debug$S                   0000000180000000     msvcprt:MSVCP140.dll
 0000:fffec000       .debug$S                   0000000180000000     msvcprt:MSVCP140.dll
 0000:fffec000       .debug$S                   0000000180000000     msvcprt:MSVCP140.dll
 0000:fffec000       .debug$S                   0000000180000000     msvcprt:MSVCP140.dll
 0000:fffec000       .debug$S                   0000000180000000     msvcprt:MSVCP140.dll
 0000:fffec000       .debug$S                   0000000180000000     msvcprt:MSVCP140.dll
 0000:fffec000       .debug$S                   0000000180000000     msvcprt:MSVCP140.dll
 0000:fffec000       .debug$S                   0000000180000000     msvcprt:MSVCP140.dll
 0000:fffec000       .debug$S                   0000000180000000     msvcprt:MSVCP140.dll
 0000:fffec000       .debug$S                   0000000180000000     msvcprt:MSVCP140.dll
 0000:fffec000       .debug$S                   0000000180000000     msvcprt:MSVCP140.dll
 0000:fffec000       .debug$S                   0000000180000000     msvcprt:MSVCP140.dll
 0000:fffec000       .debug$S                   0000000180000000     msvcprt:MSVCP140.dll
 0000:fffec000       .debug$S                   0000000180000000     msvcprt:MSVCP140.dll
 0000:fffec000       .debug$S                   0000000180000000     msvcprt:MSVCP140.dll
 0000:fffec000       .debug$S                   0000000180000000     kernel32:KERNEL32.dll
 0000:fffec000       .debug$S                   0000000180000000     kernel32:KERNEL32.dll
 0000:fffec000       .debug$S                   0000000180000000     kernel32:KERNEL32.dll
 0000:fffec000       .debug$S                   0000000180000000     kernel32:KERNEL32.dll
 0000:fffec000       .debug$S                   0000000180000000     kernel32:KERNEL32.dll
 0000:fffec000       .debug$S                   0000000180000000     kernel32:KERNEL32.dll
 0000:fffec000       .debug$S                   0000000180000000     kernel32:KERNEL32.dll
 0000:fffec000       .debug$S                   0000000180000000     kernel32:KERNEL32.dll
 0000:fffec000       .debug$S                   0000000180000000     kernel32:KERNEL32.dll
 0000:fffec000       .debug$S                   0000000180000000     vcruntime:VCRUNTIME140.dll
 0000:fffec000       .debug$S                   0000000180000000     vcruntime:VCRUNTIME140.dll
 0000:fffec000       .debug$S                   0000000180000000     vcruntime:VCRUNTIME140.dll
 0000:fffec000       .debug$S                   0000000180000000     vcruntime:VCRUNTIME140.dll
 0000:fffec000       .debug$S                   0000000180000000     vcruntime:VCRUNTIME140.dll
 0000:fffec000       .debug$S                   0000000180000000     vcruntime:VCRUNTIME140.dll
 0000:fffec000       .debug$S                   0000000180000000     vcruntime:VCRUNTIME140.dll
 0000:fffec000       .debug$S                   0000000180000000     vcruntime:VCRUNTIME140.dll
 0000:fffec000       .debug$S                   0000000180000000     ucrt:api-ms-win-crt-heap-l1-1-0.dll
 0000:fffec000       .debug$S                   0000000180000000     ucrt:api-ms-win-crt-runtime-l1-1-0.dll
 0000:fffec000       .debug$S                   0000000180000000     ucrt:api-ms-win-crt-runtime-l1-1-0.dll
 0000:fffec000       .debug$S                   0000000180000000     ucrt:api-ms-win-crt-heap-l1-1-0.dll
 0000:fffec000       .debug$S                   0000000180000000     ucrt:api-ms-win-crt-heap-l1-1-0.dll
 0000:fffec000       .debug$S                   0000000180000000     ucrt:api-ms-win-crt-runtime-l1-1-0.dll
 0000:fffec000       .debug$S                   0000000180000000     ucrt:api-ms-win-crt-runtime-l1-1-0.dll
 0000:fffec000       .debug$S                   0000000180000000     ucrt:api-ms-win-crt-runtime-l1-1-0.dll
 0000:fffec000       .debug$S                   0000000180000000     ucrt:api-ms-win-crt-runtime-l1-1-0.dll
 0000:fffec000       .debug$S                   0000000180000000     ucrt:api-ms-win-crt-runtime-l1-1-0.dll
 0000:fffec000       .debug$S                   0000000180000000     ucrt:api-ms-win-crt-runtime-l1-1-0.dll
 0000:fffec000       .debug$S                   0000000180000000     ucrt:api-ms-win-crt-runtime-l1-1-0.dll
 0000:fffec000       .debug$S                   0000000180000000     ucrt:api-ms-win-crt-runtime-l1-1-0.dll
 0000:fffec000       .debug$S                   0000000180000000     ucrt:api-ms-win-crt-runtime-l1-1-0.dll
 0000:fffec000       .debug$S                   0000000180000000     ucrt:api-ms-win-crt-runtime-l1-1-0.dll
 0000:fffec000       .debug$S                   0000000180000000     ucrt:api-ms-win-crt-runtime-l1-1-0.dll
 0000:fffec000       .debug$S                   0000000180000000     ucrt:api-ms-win-crt-runtime-l1-1-0.dll
 0000:fffec000       .debug$S                   0000000180000000     kernel32:KERNEL32.dll
 0000:fffec000       .debug$S                   0000000180000000     kernel32:KERNEL32.dll
 0000:fffec000       .debug$S                   0000000180000000     kernel32:KERNEL32.dll
 0000:fffec000       .debug$S                   0000000180000000     kernel32:KERNEL32.dll
 0000:fffec000       .debug$S                   0000000180000000     kernel32:KERNEL32.dll
 0000:fffec000       .debug$S                   0000000180000000     kernel32:KERNEL32.dll
 0000:fffec000       .debug$S                   0000000180000000     kernel32:KERNEL32.dll
 0000:fffec000       .debug$S                   0000000180000000     kernel32:KERNEL32.dll
 0000:fffec000       .debug$S                   0000000180000000     kernel32:KERNEL32.dll
 0000:fffec000       .debug$S                   0000000180000000     kernel32:KERNEL32.dll
 0000:fffec000       .debug$S                   0000000180000000     kernel32:KERNEL32.dll
 0000:fffec000       .debug$S                   0000000180000000     kernel32:KERNEL32.dll
 0000:fffec000       .debug$S                   0000000180000000     kernel32:KERNEL32.dll
 0000:fffec000       .debug$S                   0000000180000000     kernel32:KERNEL32.dll
 0000:fffec000       .debug$S                   0000000180000000     kernel32:KERNEL32.dll
 0000:fffec000       .debug$S                   0000000180000000     kernel32:KERNEL32.dll
 0001:00000000       ??__EoutputDir@headless@@YAXXZ 0000000180001000 f   headlessutils.obj
 0001:00000030       ?FunctionCallbackWrapper@imp@Nan@@YAXAEBV?$FunctionCallbackInfo@VValue@v8@@@v8@@@Z 0000000180001030 f   appmetrics.obj
 0001:00000610       ?toStdString@@YA?AV?$basic_string@DU?$char_traits@D@std@@V?$allocator@D@2@@std@@V?$Local@VString@v8@@@v8@@@Z 0000000180001610 f   appmetrics.obj
 0001:000006c0       ?portDirname@@YA?AV?$basic_string@DU?$char_traits@D@std@@V?$allocator@D@2@@std@@AEBV12@@Z 00000001800016c0 f   appmetrics.obj
 0001:00000880       ?fileJoin@@YA?AV?$basic_string@DU?$char_traits@D@std@@V?$allocator@D@2@@std@@AEBV12@0@Z 0000000180001880 f   appmetrics.obj
 0001:00000a60       ?getModuleDir@@YAPEAV?$basic_string@DU?$char_traits@D@std@@V?$allocator@D@2@@std@@V?$Local@VObject@v8@@@v8@@@Z 0000000180001a60 f   appmetrics.obj
 0001:00000ca0       ?getSubObject@@YA?AV?$Local@VObject@v8@@@v8@@V12@V?$Local@VString@v8@@@2@@Z 0000000180001ca0 f   appmetrics.obj
 0001:00000da0       ?findApplicationDir@@YAPEAV?$basic_string@DU?$char_traits@D@std@@V?$allocator@D@2@@std@@XZ 0000000180001da0 f   appmetrics.obj
 0001:00000f90       ?loadProperties@@YA_NXZ    0000000180001f90 f   appmetrics.obj
 0001:00001240       ?getFunctionFromLibrary@@YAPEAXV?$basic_string@DU?$char_traits@D@std@@V?$allocator@D@2@@std@@0@Z 0000000180002240 f   appmetrics.obj
 0001:000019b0       ?getMonitorApiFunction@@YAPEAXV?$basic_string@DU?$char_traits@D@std@@V?$allocator@D@2@@std@@0@Z 00000001800029b0 f   appmetrics.obj
 0001:00001b70       ?initMonitorApi@@YA_NXZ    0000000180002b70 f   appmetrics.obj
 0001:00002750       ?freePayload@@YAXPEAUMessageData@@@Z 0000000180003750 f   appmetrics.obj
 0001:00002810       ?emitMessage@@YAXPEAUuv_async_s@@H@Z 0000000180003810 f   appmetrics.obj
 0001:00002a70       ?sendData@@YAXPEBDIPEAX@Z  0000000180003a70 f   appmetrics.obj
 0001:00003330       ?getRequireCache@@YA?AV?$Local@VObject@v8@@@v8@@V12@@Z 0000000180004330 f   appmetrics.obj
 0001:000036a0       ?isAppMetricsFile@@YA_NV?$basic_string@DU?$char_traits@D@std@@V?$allocator@D@2@@std@@0@Z 00000001800046a0 f   appmetrics.obj
 0001:00003be0       ?isGlobalAgent@@YA_NV?$Local@VObject@v8@@@v8@@@Z 0000000180004be0 f   appmetrics.obj
 0001:00003fa0       ?isGlobalAgentAlreadyLoaded@@YA_NV?$Local@VObject@v8@@@v8@@@Z 0000000180004fa0 f   appmetrics.obj
 0001:00004800       _register_appmetrics       0000000180005800 f   appmetrics.obj
 0001:000064f0       $$000000                   00000001800074f0     MSVCRT:amdsecgs.obj
 0001:0000652c       ?__scrt_initialize_thread_safe_statics@@YAHXZ 000000018000752c f   MSVCRT:thread_safe_statics.obj
 0001:0000668c       ?__scrt_uninitialize_thread_safe_statics@@YAXXZ 000000018000768c f   MSVCRT:thread_safe_statics.obj
 0001:00006c9c       ?dllmain_crt_dispatch@@YAHQEAUHINSTANCE__@@KQEAX@Z 0000000180007c9c f   MSVCRT:dll_dllmain.obj
 0001:00006cec       ?dllmain_crt_process_attach@@YAHQEAUHINSTANCE__@@QEAX@Z 0000000180007cec f   MSVCRT:dll_dllmain.obj
 0001:00006e08       ?dllmain_crt_process_detach@@YAH_N@Z 0000000180007e08 f   MSVCRT:dll_dllmain.obj
 0001:00006e98       ?dllmain_dispatch@@YAHQEAUHINSTANCE__@@KQEAX@Z 0000000180007e98 f   MSVCRT:dll_dllmain.obj
 0001:00007114       capture_previous_context   0000000180008114 f   MSVCRT:gs_report.obj
 0001:00007990       $$000000                   0000000180008990     MSVCRT:guard_dispatch.obj
 0001:000079b0       ?dtor$0@?0??Get@Nan@@YA?AV?$MaybeLocal@VValue@v8@@@v8@@V?$Local@VObject@v8@@@3@V?$Local@VValue@v8@@@3@@Z@4HA 00000001800089b0 f   appmetrics.obj
 0001:000079c0       ?dtor$0@?0??ThrowError@Nan@@YAXPEBD@Z@4HA 00000001800089c0 f   appmetrics.obj
 0001:000079c0       ?dtor$0@?0???0Utf8String@Nan@@QEAA@V?$Local@VValue@v8@@@v8@@@Z@4HA 00000001800089c0 f   appmetrics.obj
 0001:000079c0       ?dtor$0@?0??asyncfunc@headless@@YAXPEAUuv_async_s@@@Z@4HA 00000001800089c0 f   headlessutils.obj
 0001:000079d0       ?dtor$0@?0??Call@Callback@Nan@@QEBA?AV?$Local@VValue@v8@@@v8@@HQEAV34@@Z@4HA 00000001800089d0 f   appmetrics.obj
 0001:000079de       ?dtor$1@?0??Call@Callback@Nan@@QEBA?AV?$Local@VValue@v8@@@v8@@HQEAV34@@Z@4HA 00000001800089de f   appmetrics.obj
 0001:000079ea       ?dtor$2@?0??Call@Callback@Nan@@QEBA?AV?$Local@VValue@v8@@@v8@@HQEAV34@@Z@4HA 00000001800089ea f   appmetrics.obj
 0001:00007a00       ?dtor$0@?0??fileJoin@@YA?AV?$basic_string@DU?$char_traits@D@std@@V?$allocator@D@2@@std@@AEBV12@0@Z@4HA 0000000180008a00 f   appmetrics.obj
 0001:00007a0c       ?dtor$3@?0??fileJoin@@YA?AV?$basic_string@DU?$char_traits@D@std@@V?$allocator@D@2@@std@@AEBV12@0@Z@4HA 0000000180008a0c f   appmetrics.obj
 0001:00007a40       ?dtor$2@?0??getModuleDir@@YAPEAV?$basic_string@DU?$char_traits@D@std@@V?$allocator@D@2@@std@@V?$Local@VObject@v8@@@v8@@@Z@4HA 0000000180008a40 f   appmetrics.obj
 0001:00007a4e       ?dtor$4@?0??getModuleDir@@YAPEAV?$basic_string@DU?$char_traits@D@std@@V?$allocator@D@2@@std@@V?$Local@VObject@v8@@@v8@@@Z@4HA 0000000180008a4e f   appmetrics.obj
 0001:00007a5c       ?dtor$0@?0??getModuleDir@@YAPEAV?$basic_string@DU?$char_traits@D@std@@V?$allocator@D@2@@std@@V?$Local@VObject@v8@@@v8@@@Z@4HA 0000000180008a5c f   appmetrics.obj
 0001:00007a68       ?dtor$1@?0??getModuleDir@@YAPEAV?$basic_string@DU?$char_traits@D@std@@V?$allocator@D@2@@std@@V?$Local@VObject@v8@@@v8@@@Z@4HA 0000000180008a68 f   appmetrics.obj
 0001:00007a90       ?dtor$0@?0??getSubObject@@YA?AV?$Local@VObject@v8@@@v8@@V12@V?$Local@VString@v8@@@2@@Z@4HA 0000000180008a90 f   appmetrics.obj
 0001:00007a9e       ?dtor$2@?0??getSubObject@@YA?AV?$Local@VObject@v8@@@v8@@V12@V?$Local@VString@v8@@@2@@Z@4HA 0000000180008a9e f   appmetrics.obj
 0001:00007ab0       ?dtor$0@?0??findApplicationDir@@YAPEAV?$basic_string@DU?$char_traits@D@std@@V?$allocator@D@2@@std@@XZ@4HA 0000000180008ab0 f   appmetrics.obj
 0001:00007abe       ?dtor$2@?0??findApplicationDir@@YAPEAV?$basic_string@DU?$char_traits@D@std@@V?$allocator@D@2@@std@@XZ@4HA 0000000180008abe f   appmetrics.obj
 0001:00007ad0       ?dtor$0@?0??loadProperties@@YA_NXZ@4HA 0000000180008ad0 f   appmetrics.obj
 0001:00007adc       ?dtor$1@?0??loadProperties@@YA_NXZ@4HA 0000000180008adc f   appmetrics.obj
 0001:00007ae8       ?dtor$2@?0??loadProperties@@YA_NXZ@4HA 0000000180008ae8 f   appmetrics.obj
 0001:00007af4       ?dtor$3@?0??loadProperties@@YA_NXZ@4HA 0000000180008af4 f   appmetrics.obj
[...]
 0003:000009b0       ?applicationDir@@3PEAV?$basic_string@DU?$char_traits@D@std@@V?$allocator@D@2@@std@@EA 00000001800109b0     appmetrics.obj
 0003:000009b8       ?messageList@@3PEAUMessageData@@EA 00000001800109b8     appmetrics.obj
 0003:000009c0       ?running@@3_NA             00000001800109c0     appmetrics.obj
 0003:000009c8       ?loaderApi@@3PEAUloaderCoreFunctions@@EA 00000001800109c8     appmetrics.obj
 0003:000009d0       ?appmetricsDir@@3PEAV?$basic_string@DU?$char_traits@D@std@@V?$allocator@D@2@@std@@EA 00000001800109d0     appmetrics.obj
 0003:000009d8       ?$TSS0@?1??fileJoin@@YA?AV?$basic_string@DU?$char_traits@D@std@@V?$allocator@D@2@@std@@AEBV23@0@Z@4HA 00000001800109d8     appmetrics.obj
 0003:000009e0       ?fileSeparator@?1??fileJoin@@YA?AV?$basic_string@DU?$char_traits@D@std@@V?$allocator@D@2@@std@@AEBV23@0@Z@4V23@B 00000001800109e0     appmetrics.obj
 0004:00000000       $pdata$?FunctionCallbackWrapper@imp@Nan@@YAXAEBV?$FunctionCallbackInfo@VValue@v8@@@v8@@@Z 0000000180011000     appmetrics.obj
 0004:0000000c       $pdata$?Get@Nan@@YA?AV?$MaybeLocal@VValue@v8@@@v8@@V?$Local@VObject@v8@@@3@V?$Local@VValue@v8@@@3@@Z 000000018001100c     appmetrics.obj
 0004:00000018       $pdata$??1AsyncResource@Nan@@QEAA@XZ 0000000180011018     appmetrics.obj
 0004:00000024       $pdata$?ThrowError@Nan@@YAXPEBD@Z 0000000180011024     appmetrics.obj
 0004:00000030       $pdata$??0Utf8String@Nan@@QEAA@V?$Local@VValue@v8@@@v8@@@Z 0000000180011030     appmetrics.obj
 0004:0000003c       $pdata$?Call@Callback@Nan@@QEBA?AV?$Local@VValue@v8@@@v8@@HQEAV34@@Z 000000018001103c     appmetrics.obj
 0004:00000048       $pdata$?toStdString@@YA?AV?$basic_string@DU?$char_traits@D@std@@V?$allocator@D@2@@std@@V?$Local@VString@v8@@@v8@@@Z 0000000180011048     appmetrics.obj
 0004:00000054       $pdata$?portDirname@@YA?AV?$basic_string@DU?$char_traits@D@std@@V?$allocator@D@2@@std@@AEBV12@@Z 0000000180011054     appmetrics.obj
 0004:00000060       $pdata$?fileJoin@@YA?AV?$basic_string@DU?$char_traits@D@std@@V?$allocator@D@2@@std@@AEBV12@0@Z 0000000180011060     appmetrics.obj
 0004:0000006c       $pdata$?getModuleDir@@YAPEAV?$basic_string@DU?$char_traits@D@std@@V?$allocator@D@2@@std@@V?$Local@VObject@v8@@@v8@@@Z 000000018001106c     appmetrics.obj
 0004:00000078       $pdata$?getSubObject@@YA?AV?$Local@VObject@v8@@@v8@@V12@V?$Local@VString@v8@@@2@@Z 0000000180011078     appmetrics.obj
 0004:00000084       $pdata$?findApplicationDir@@YAPEAV?$basic_string@DU?$char_traits@D@std@@V?$allocator@D@2@@std@@XZ 0000000180011084     appmetrics.obj
 0004:00000090       $pdata$?loadProperties@@YA_NXZ 0000000180011090     appmetrics.obj
 0004:0000009c       $pdata$?getFunctionFromLibrary@@YAPEAXV?$basic_string@DU?$char_traits@D@std@@V?$allocator@D@2@@std@@0@Z 000000018001109c     appmetrics.obj
 0004:000000a8       $pdata$??_D?$basic_stringstream@DU?$char_traits@D@std@@V?$allocator@D@2@@std@@QEAAXXZ 00000001800110a8     appmetrics.obj
 0004:000000b4       $pdata$?getMonitorApiFunction@@YAPEAXV?$basic_string@DU?$char_traits@D@std@@V?$allocator@D@2@@std@@0@Z 00000001800110b4     appmetrics.obj
 0004:000000c0       $pdata$?initMonitorApi@@YA_NXZ 00000001800110c0     appmetrics.obj
 0004:000000cc       $pdata$?setOption@@YAXAEBV?$FunctionCallbackInfo@VValue@v8@@@Nan@@@Z 00000001800110cc     appmetrics.obj
 0004:000000d8       $pdata$?getOption@@YAXAEBV?$FunctionCallbackInfo@VValue@v8@@@Nan@@@Z 00000001800110d8     appmetrics.obj
 0004:000000e4       $pdata$?start@@YAXAEBV?$FunctionCallbackInfo@VValue@v8@@@Nan@@@Z 00000001800110e4     appmetrics.obj
 0004:000000f0       $pdata$?stop@@YAXAEBV?$FunctionCallbackInfo@VValue@v8@@@Nan@@@Z 00000001800110f0     appmetrics.obj
 0004:000000fc       $pdata$?spath@@YAXAEBV?$FunctionCallbackInfo@VValue@v8@@@Nan@@@Z 00000001800110fc     appmetrics.obj
 0004:00000108       $pdata$?freePayload@@YAXPEAUMessageData@@@Z 0000000180011108     appmetrics.obj
 0004:00000114       $pdata$1$?freePayload@@YAXPEAUMessageData@@@Z 0000000180011114     appmetrics.obj
 0004:00000120       $pdata$2$?freePayload@@YAXPEAUMessageData@@@Z 0000000180011120     appmetrics.obj
 0004:0000012c       $pdata$3$?freePayload@@YAXPEAUMessageData@@@Z 000000018001112c     appmetrics.obj
 0004:00000138       $pdata$?emitMessage@@YAXPEAUuv_async_s@@H@Z 0000000180011138     appmetrics.obj
 0004:00000144       $pdata$?sendData@@YAXPEBDIPEAX@Z 0000000180011144     appmetrics.obj
 0004:00000150       $pdata$?nativeEmit@@YAXAEBV?$FunctionCallbackInfo@VValue@v8@@@Nan@@@Z 0000000180011150     appmetrics.obj
 0004:0000015c       $pdata$?sendControlCommand@@YAXAEBV?$FunctionCallbackInfo@VValue@v8@@@Nan@@@Z 000000018001115c     appmetrics.obj
 0004:00000168       $pdata$?setHeadlessZipFunction@@YAXAEBV?$FunctionCallbackInfo@VValue@v8@@@Nan@@@Z 0000000180011168     appmetrics.obj
 0004:00000174       $pdata$?localConnect@@YAXAEBV?$FunctionCallbackInfo@VValue@v8@@@Nan@@@Z 0000000180011174     appmetrics.obj
 0004:00000180       $pdata$?getRequireCache@@YA?AV?$Local@VObject@v8@@@v8@@V12@@Z 0000000180011180     appmetrics.obj
 0004:0000018c       $pdata$?isAppMetricsFile@@YA_NV?$basic_string@DU?$char_traits@D@std@@V?$allocator@D@2@@std@@0@Z 000000018001118c     appmetrics.obj
 0004:00000198       $pdata$?isGlobalAgent@@YA_NV?$Local@VObject@v8@@@v8@@@Z 0000000180011198     appmetrics.obj
 0004:000001a4       $pdata$?isGlobalAgentAlreadyLoaded@@YA_NV?$Local@VObject@v8@@@v8@@@Z 00000001800111a4     appmetrics.obj
 0004:000001b0       $pdata$?zip@@YAXPEBD@Z     00000001800111b0     appmetrics.obj
 0004:000001bc       $pdata$?init@@YAXV?$Local@VObject@v8@@@v8@@0@Z 00000001800111bc     appmetrics.obj
 0004:000001c8       $pdata$??1?$basic_string@DU?$char_traits@D@std@@V?$allocator@D@2@@std@@QEAA@XZ 00000001800111c8     appmetrics.obj
 0004:000001d4       $pdata$??0?$basic_string@DU?$char_traits@D@std@@V?$allocator@D@2@@std@@QEAA@AEBV01@@Z 00000001800111d4     appmetrics.obj
 0004:000001e0       $pdata$??0?$basic_stringstream@DU?$char_traits@D@std@@V?$allocator@D@2@@std@@QEAA@H@Z 00000001800111e0     appmetrics.obj
 0004:000001ec       $pdata$?seekpos@?$basic_stringbuf@DU?$char_traits@D@std@@V?$allocator@D@2@@std@@MEAA?AV?$fpos@U_Mbstatet@@@2@V32@H@Z 00000001800111ec     appmetrics.obj
 0004:000001f8       $pdata$?seekoff@?$basic_stringbuf@DU?$char_traits@D@std@@V?$allocator@D@2@@std@@MEAA?AV?$fpos@U_Mbstatet@@@2@_JHH@Z 00000001800111f8     appmetrics.obj
 0004:00000204       $pdata$?overflow@?$basic_stringbuf@DU?$char_traits@D@std@@V?$allocator@D@2@@std@@MEAAHH@Z 0000000180011204     appmetrics.obj
 0004:00000210       $pdata$??1?$basic_stringbuf@DU?$char_traits@D@std@@V?$allocator@D@2@@std@@UEAA@XZ 0000000180011210     appmetrics.obj
 0004:0000021c       $pdata$??_G?$basic_stringstream@DU?$char_traits@D@std@@V?$allocator@D@2@@std@@UEAAPEAXI@Z 000000018001121c     appmetrics.obj
 0004:00000228       $pdata$??_G?$basic_stringbuf@DU?$char_traits@D@std@@V?$allocator@D@2@@std@@UEAAPEAXI@Z 0000000180011228     appmetrics.obj
 0004:00000234       $pdata$?assign@?$basic_string@DU?$char_traits@D@std@@V?$allocator@D@2@@std@@QEAAAEAV12@QEBD_K@Z 0000000180011234     appmetrics.obj
 0004:00000240       $pdata$0$?assign@?$basic_string@DU?$char_traits@D@std@@V?$allocator@D@2@@std@@QEAAAEAV12@QEBD_K@Z 0000000180011240     appmetrics.obj
 0004:0000024c       $pdata$1$?assign@?$basic_string@DU?$char_traits@D@std@@V?$allocator@D@2@@std@@QEAAAEAV12@QEBD_K@Z 000000018001124c     appmetrics.obj
 0004:00000258       $pdata$2$?assign@?$basic_string@DU?$char_traits@D@std@@V?$allocator@D@2@@std@@QEAAAEAV12@QEBD_K@Z 0000000180011258     appmetrics.obj
 0004:00000264       $pdata$3$?assign@?$basic_string@DU?$char_traits@D@std@@V?$allocator@D@2@@std@@QEAAAEAV12@QEBD_K@Z 0000000180011264     appmetrics.obj
 0004:00000270       $pdata$?append@?$basic_string@DU?$char_traits@D@std@@V?$allocator@D@2@@std@@QEAAAEAV12@QEBD_K@Z 0000000180011270     appmetrics.obj
 0004:0000027c       $pdata$0$?append@?$basic_string@DU?$char_traits@D@std@@V?$allocator@D@2@@std@@QEAAAEAV12@QEBD_K@Z 000000018001127c     appmetrics.obj
 0004:00000288       $pdata$1$?append@?$basic_string@DU?$char_traits@D@std@@V?$allocator@D@2@@std@@QEAAAEAV12@QEBD_K@Z 0000000180011288     appmetrics.obj
 0004:00000294       $pdata$?_Xran@?$_String_val@U?$_Simple_types@D@std@@@std@@SAXXZ 0000000180011294     appmetrics.obj
 0004:000002a0       $pdata$??$?6U?$char_traits@D@std@@@std@@YAAEAV?$basic_ostream@DU?$char_traits@D@std@@@0@AEAV10@PEBD@Z 00000001800112a0     appmetrics.obj
 0004:000002ac       $pdata$??$?6U?$char_traits@D@std@@@std@@YAAEAV?$basic_ostream@DU?$char_traits@D@std@@@0@AEAV10@D@Z 00000001800112ac     appmetrics.obj
 0004:000002b8       $pdata$??$?HDU?$char_traits@D@std@@V?$allocator@D@1@@std@@YA?AV?$basic_string@DU?$char_traits@D@std@@V?$allocator@D@2@@0@QEBDAEBV10@@Z 00000001800112b8     appmetrics.obj
 0004:000002c4       $pdata$??$SetMethod@VObject@v8@@VLocal@2@@Nan@@YAXV?$Local@VObject@v8@@@v8@@PEBDP6AXAEBV?$FunctionCallbackInfo@VValue@v8@@@0@@Z@Z 00000001800112c4     appmetrics.obj
 0004:000002d0       $pdata$??$_Reallocate_grow_by@V<lambda_65e615be2a453ca0576c979606f46740>@@PEBD_K@?$basic_string@DU?$char_traits@D@std@@V?$allocator@D@2@@std@@QEAAAEAV01@_KV<lambda_65e615be2a453ca0576c979606f46740>@@PEBD_K@Z 00000001800112d0     appmetrics.obj
 0004:000002dc       $pdata$3$??$_Reallocate_grow_by@V<lambda_65e615be2a453ca0576c979606f46740>@@PEBD_K@?$basic_string@DU?$char_traits@D@std@@V?$allocator@D@2@@std@@QEAAAEAV01@_KV<lambda_65e615be2a453ca0576c979606f46740>@@PEBD_K@Z 00000001800112dc     appmetrics.obj
 0004:000002e8       $pdata$4$??$_Reallocate_grow_by@V<lambda_65e615be2a453ca0576c979606f46740>@@PEBD_K@?$basic_string@DU?$char_traits@D@std@@V?$allocator@D@2@@std@@QEAAAEAV01@_KV<lambda_65e615be2a453ca0576c979606f46740>@@PEBD_K@Z 00000001800112e8     appmetrics.obj
 0004:000002f4       $pdata$??1sentry@?$basic_ostream@DU?$char_traits@D@std@@@std@@QEAA@XZ 00000001800112f4     appmetrics.obj
 0004:00000300       $pdata$?_Xlen@?$basic_string@DU?$char_traits@D@std@@V?$allocator@D@2@@std@@SAXXZ 0000000180011300     appmetrics.obj
 0004:0000030c       $pdata$?reserve@?$basic_string@DU?$char_traits@D@std@@V?$allocator@D@2@@std@@QEAAX_K@Z 000000018001130c     appmetrics.obj
 0004:00000318       $pdata$0$?reserve@?$basic_string@DU?$char_traits@D@std@@V?$allocator@D@2@@std@@QEAAX_K@Z 0000000180011318     appmetrics.obj
 0004:00000324       $pdata$2$?reserve@?$basic_string@DU?$char_traits@D@std@@V?$allocator@D@2@@std@@QEAAX_K@Z 0000000180011324     appmetrics.obj
 0004:00000330       $pdata$3$?reserve@?$basic_string@DU?$char_traits@D@std@@V?$allocator@D@2@@std@@QEAAX_K@Z 0000000180011330     appmetrics.obj
 0004:0000033c       $pdata$4$?reserve@?$basic_string@DU?$char_traits@D@std@@V?$allocator@D@2@@std@@QEAAX_K@Z 000000018001133c     appmetrics.obj
 0004:00000348       $pdata$5$?reserve@?$basic_string@DU?$char_traits@D@std@@V?$allocator@D@2@@std@@QEAAX_K@Z 0000000180011348     appmetrics.obj
 0004:00000354       $pdata$??1_Sentry_base@?$basic_ostream@DU?$char_traits@D@std@@@std@@QEAA@XZ 0000000180011354     appmetrics.obj
 0004:00000360       $pdata$??$_Insert_string@DU?$char_traits@D@std@@_K@std@@YAAEAV?$basic_ostream@DU?$char_traits@D@std@@@0@AEAV10@QEBD_K@Z 0000000180011360     appmetrics.obj
 0004:0000036c       $pdata$??$SetMethodAux@V?$Local@VObject@v8@@@v8@@@imp@Nan@@YAXV?$Local@VObject@v8@@@v8@@V?$Local@VString@v8@@@3@V?$Local@VFunctionTemplate@v8@@@3@ZZ 000000018001136c     appmetrics.obj
 0004:00000378       $pdata$?asyncfunc@headless@@YAXPEAUuv_async_s@@@Z 0000000180011378     headlessutils.obj
 0004:00000384       $pdata$?getObjectHistogram@@YAXAEBV?$FunctionCallbackInfo@VValue@v8@@@Nan@@@Z 0000000180011384     objecttracker.obj
 0004:0000039c       $pdata$?__scrt_initialize_thread_safe_statics@@YAHXZ 000000018001139c     MSVCRT:thread_safe_statics.obj
 0004:000003a8       $pdata$?__scrt_uninitialize_thread_safe_statics@@YAXXZ 00000001800113a8     MSVCRT:thread_safe_statics.obj
 0004:000003b4       $pdata$_Init_thread_abort  00000001800113b4     MSVCRT:thread_safe_statics.obj
 0004:000003c0       $pdata$_Init_thread_footer 00000001800113c0     MSVCRT:thread_safe_statics.obj
 0004:000003cc       $pdata$_Init_thread_header 00000001800113cc     MSVCRT:thread_safe_statics.obj
 0004:000003d8       $pdata$_Init_thread_notify 00000001800113d8     MSVCRT:thread_safe_statics.obj
 0004:000003e4       $pdata$_Init_thread_wait   00000001800113e4     MSVCRT:thread_safe_statics.obj
 0004:000003f0       $pdata$??2@YAPEAX_K@Z      00000001800113f0     MSVCRT:new_scalar.obj
 0004:000003fc       $pdata$__scrt_acquire_startup_lock 00000001800113fc     MSVCRT:utility.obj
 0004:00000408       $pdata$__scrt_dllmain_after_initialize_c 0000000180011408     MSVCRT:utility.obj
 0004:00000414       $pdata$__scrt_dllmain_before_initialize_c 0000000180011414     MSVCRT:utility.obj
 0004:00000420       $pdata$__scrt_dllmain_crt_thread_attach 0000000180011420     MSVCRT:utility.obj
 0004:0000042c       $pdata$__scrt_dllmain_crt_thread_detach 000000018001142c     MSVCRT:utility.obj
 0004:00000438       $pdata$__scrt_dllmain_exception_filter 0000000180011438     MSVCRT:utility.obj
 0004:00000444       $pdata$__scrt_dllmain_uninitialize_c 0000000180011444     MSVCRT:utility.obj
 0004:00000450       $pdata$__scrt_dllmain_uninitialize_critical 0000000180011450     MSVCRT:utility.obj
 0004:0000045c       $pdata$__scrt_initialize_crt 000000018001145c     MSVCRT:utility.obj
 0004:00000468       $pdata$__scrt_initialize_onexit_tables 0000000180011468     MSVCRT:utility.obj
 0004:00000474       $pdata$__scrt_is_nonwritable_in_current_image 0000000180011474     MSVCRT:utility.obj
 0004:00000480       $pdata$__scrt_release_startup_lock 0000000180011480     MSVCRT:utility.obj
 0004:0000048c       $pdata$__scrt_uninitialize_crt 000000018001148c     MSVCRT:utility.obj
 0004:00000498       $pdata$_onexit             0000000180011498     MSVCRT:utility.obj
 0004:000004a4       $pdata$atexit              00000001800114a4     MSVCRT:utility.obj
 0004:000004b0       $pdata$?dllmain_crt_dispatch@@YAHQEAUHINSTANCE__@@KQEAX@Z 00000001800114b0     MSVCRT:dll_dllmain.obj
 0004:000004bc       $pdata$?dllmain_crt_process_attach@@YAHQEAUHINSTANCE__@@QEAX@Z 00000001800114bc     MSVCRT:dll_dllmain.obj
 0004:000004c8       $pdata$?dllmain_crt_process_detach@@YAH_N@Z 00000001800114c8     MSVCRT:dll_dllmain.obj
 0004:000004d4       $pdata$?dllmain_dispatch@@YAHQEAUHINSTANCE__@@KQEAX@Z 00000001800114d4     MSVCRT:dll_dllmain.obj
 0004:000004e0       $pdata$_DllMainCRTStartup  00000001800114e0     MSVCRT:dll_dllmain.obj
 0004:000004ec       $pdata$__raise_securityfailure 00000001800114ec     MSVCRT:gs_report.obj
 0004:000004f8       $pdata$__report_gsfailure  00000001800114f8     MSVCRT:gs_report.obj
 0004:00000504       $pdata$capture_previous_context 0000000180011504     MSVCRT:gs_report.obj
 0004:00000510       $pdata$__scrt_fastfail     0000000180011510     MSVCRT:utility_desktop.obj
 0004:0000051c       $pdata$??0bad_alloc@std@@QEAA@AEBV01@@Z 000000018001151c     MSVCRT:throw_bad_alloc.obj
 0004:00000528       $pdata$??0bad_array_new_length@std@@QEAA@AEBV01@@Z 0000000180011528     MSVCRT:throw_bad_alloc.obj
 0004:00000534       $pdata$??0exception@std@@QEAA@AEBV01@@Z 0000000180011534     MSVCRT:throw_bad_alloc.obj
 0004:00000540       $pdata$??_Gbad_alloc@std@@UEAAPEAXI@Z 0000000180011540     MSVCRT:throw_bad_alloc.obj
 0004:00000540       $pdata$??_Gexception@std@@UEAAPEAXI@Z 0000000180011540     MSVCRT:throw_bad_alloc.obj
 0004:00000540       $pdata$??_Gbad_array_new_length@std@@UEAAPEAXI@Z 0000000180011540     MSVCRT:throw_bad_alloc.obj
 0004:0000054c       $pdata$?__scrt_throw_std_bad_alloc@@YAXXZ 000000018001154c     MSVCRT:throw_bad_alloc.obj
 0004:00000558       $pdata$?__scrt_throw_std_bad_array_new_length@@YAXXZ 0000000180011558     MSVCRT:throw_bad_alloc.obj
 0004:00000564       $pdata$__isa_available_init 0000000180011564     MSVCRT:cpu_disp.obj
 0004:00000570       $pdata$__security_init_cookie 0000000180011570     MSVCRT:gs_support.obj
 0004:0000057c       $pdata$DllMain             000000018001157c     MSVCRT:dll_dllmain_stub.obj
 0004:00000588       $pdata$__scrt_initialize_default_local_stdio_options 0000000180011588     MSVCRT:default_local_stdio_options.obj
 0004:00000594       $pdata$_RTC_Initialize     0000000180011594     MSVCRT:initsect.obj
 0004:000005a0       $pdata$_RTC_Terminate      00000001800115a0     MSVCRT:initsect.obj
 0004:000005ac       $pdata$??_Gtype_info@@UEAAPEAXI@Z 00000001800115ac     MSVCRT:std_type_info_static.obj
 0004:000005b8       $pdata$__GSHandlerCheck    00000001800115b8     MSVCRT:gshandler.obj
 0004:000005c4       $pdata$__GSHandlerCheckCommon 00000001800115c4     MSVCRT:gshandler.obj
 0004:000005d0       $pdata$__GSHandlerCheck_EH 00000001800115d0     MSVCRT:gshandlereh.obj
 0004:000005e8       $pdata$?dtor$3@?0??fileJoin@@YA?AV?$basic_string@DU?$char_traits@D@std@@V?$allocator@D@2@@std@@AEBV12@0@Z@4HA 00000001800115e8     appmetrics.obj
 0004:000005f4       $pdata$?dtor$1@?0??getModuleDir@@YAPEAV?$basic_string@DU?$char_traits@D@std@@V?$allocator@D@2@@std@@V?$Local@VObject@v8@@@v8@@@Z@4HA 00000001800115f4     appmetrics.obj
 0004:00000600       $pdata$?dtor$9@?0??getFunctionFromLibrary@@YAPEAXV?$basic_string@DU?$char_traits@D@std@@V?$allocator@D@2@@std@@0@Z@4HA 0000000180011600     appmetrics.obj
 0004:0000060c       $pdata$?dtor$16@?0??getFunctionFromLibrary@@YAPEAXV?$basic_string@DU?$char_traits@D@std@@V?$allocator@D@2@@std@@0@Z@4HA 000000018001160c     appmetrics.obj
 0004:00000618       $pdata$?dtor$32@?0??getFunctionFromLibrary@@YAPEAXV?$basic_string@DU?$char_traits@D@std@@V?$allocator@D@2@@std@@0@Z@4HA 0000000180011618     appmetrics.obj
 0004:00000624       $pdata$?dtor$39@?0??getFunctionFromLibrary@@YAPEAXV?$basic_string@DU?$char_traits@D@std@@V?$allocator@D@2@@std@@0@Z@4HA 0000000180011624     appmetrics.obj
 0004:00000630       $pdata$?dtor$0@?0??sendData@@YAXPEBDIPEAX@Z@4HA 0000000180011630     appmetrics.obj
 0004:0000063c       $pdata$?dtor$7@?0??nativeEmit@@YAXAEBV?$FunctionCallbackInfo@VValue@v8@@@Nan@@@Z@4HA 000000018001163c     appmetrics.obj
 0004:00000648       $pdata$?dtor$0@?0??setHeadlessZipFunction@@YAXAEBV?$FunctionCallbackInfo@VValue@v8@@@Nan@@@Z@4HA 0000000180011648     appmetrics.obj
 0004:00000654       $pdata$?dtor$0@?0??localConnect@@YAXAEBV?$FunctionCallbackInfo@VValue@v8@@@Nan@@@Z@4HA 0000000180011654     appmetrics.obj
 0004:00000660       $pdata$?dtor$14@?0??init@@YAXV?$Local@VObject@v8@@@v8@@0@Z@4HA 0000000180011660     appmetrics.obj
 0004:0000066c       $pdata$?dtor$0@?0???0?$basic_stringstream@DU?$char_traits@D@std@@V?$allocator@D@2@@std@@QEAA@H@Z@4HA 000000018001166c     appmetrics.obj
 0004:00000678       $pdata$?dtor$0@?0???$?HDU?$char_traits@D@std@@V?$allocator@D@1@@std@@YA?AV?$basic_string@DU?$char_traits@D@std@@V?$allocator@D@2@@0@QEBDAEBV10@@Z@4HA 0000000180011678     appmetrics.obj
 0004:00000684       $pdata$__scrt_is_nonwritable_in_current_image$filt$0 0000000180011684     MSVCRT:utility.obj
 0004:00000690       $pdata$?fin$0@?0??dllmain_crt_process_attach@@YAHQEAUHINSTANCE__@@QEAX@Z@4HA 0000000180011690     MSVCRT:dll_dllmain.obj
 0004:0000069c       $pdata$?fin$0@?0??dllmain_crt_process_detach@@YAH_N@Z@4HA 000000018001169c     MSVCRT:dll_dllmain.obj
 0004:000006a8       $pdata$?filt$0@?0??dllmain_dispatch@@YAHQEAUHINSTANCE__@@KQEAX@Z@4HA 00000001800116a8     MSVCRT:dll_dllmain.obj
 0004:000006b4       $pdata$??__FfileSeparator@?1??fileJoin@@YA?AV?$basic_string@DU?$char_traits@D@std@@V?$allocator@D@2@@std@@AEBV12@0@Z@YAXXZ 00000001800116b4     appmetrics.obj
 0004:000006c0       $pdata$??__FoutputDir@headless@@YAXXZ 00000001800116c0     headlessutils.obj
 0005:00000060       $R000000                   0000000180012060     * linker generated manifest res *

 Exports

  ordinal    name

        1    _register_appmetrics_
