 hcmqtt

 Timestamp is 5dd7396c (Fri Nov 22 09:27:08 2019)

 Preferred load address is 0000000180000000

 Start         Length     Name                   Class
 0001:00000000 00000020H .text$di                CODE
 0001:00000020 000176d0H .text$mn                CODE
 0001:000176f0 00000020H .text$mn$00             CODE
 0001:00017710 000003aaH .text$x                 CODE
 0002:00000000 00000510H .idata$5                DATA
 0002:00000510 00000010H .00cfg                  DATA
 0002:00000520 00000008H .CRT$XCA                DATA
 0002:00000528 00000008H .CRT$XCU                DATA
 0002:00000530 00000008H .CRT$XCZ                DATA
 0002:00000538 00000008H .CRT$XIA                DATA
 0002:00000540 00000008H .CRT$XIZ                DATA
 0002:00000548 00000008H .CRT$XPA                DATA
 0002:00000550 00000008H .CRT$XPZ                DATA
 0002:00000558 00000008H .CRT$XTA                DATA
 0002:00000560 00000010H .CRT$XTZ                DATA
 0002:00000568 00000000H .gfids$y                DATA
 0002:00000570 00003c90H .rdata                  DATA
 0002:00004200 000001f4H .rdata$r                DATA
 0002:000043f4 00000344H .rdata$zzzdbg           DATA
 0002:00004738 00000008H .rtc$IAA                DATA
 0002:00004740 00000008H .rtc$IZZ                DATA
 0002:00004748 00000008H .rtc$TAA                DATA
 0002:00004750 00000010H .rtc$TZZ                DATA
 0002:00004760 00001eb8H .xdata                  DATA
 0002:00006618 000000f8H .xdata$x                DATA
 0002:00006710 00000688H .edata                  DATA
 0002:00006d98 0000012cH .idata$2                DATA
 0002:00006ec4 00000014H .idata$3                DATA
 0002:00006ed8 00000510H .idata$4                DATA
 0002:000073e8 00001386H .idata$6                DATA
 0003:00000000 00000170H .data                   DATA
 0003:00000170 000000b0H .data$r                 DATA
 0003:00000220 0007e920H .bss                    DATA
 0004:00000000 00001608H .pdata                  DATA
 0005:00000000 00000060H .rsrc$01                DATA
 0005:00000060 00000180H .rsrc$02                DATA

  Address         Publics by Value              Rva+Base               Lib:Object

 0000:00000000       __guard_iat_table          0000000000000000     <absolute>
 0000:00000000       __guard_fids_count         0000000000000000     <absolute>
 0000:00000000       __guard_longjmp_table      0000000000000000     <absolute>
 0000:00000000       __hybrid_code_map          0000000000000000     <absolute>
 0000:00000000       __dynamic_value_reloc_table 0000000000000000     <absolute>
 0000:00000000       __guard_iat_count          0000000000000000     <absolute>
 0000:00000000       __guard_longjmp_count      0000000000000000     <absolute>
 0000:00000000       __volatile_metadata        0000000000000000     <absolute>
 0000:00000000       __hybrid_code_map_count    0000000000000000     <absolute>
 0000:00000000       ___safe_se_handler_count   0000000000000000     <absolute>
 0000:00000000       __enclave_config           0000000000000000     <absolute>
 0000:00000000       ___safe_se_handler_table   0000000000000000     <absolute>
 0000:00000000       __guard_fids_table         0000000000000000     <absolute>
 0000:00000000       __hybrid_auxiliary_iat     0000000000000000     <absolute>
 0000:00000100       __guard_flags              0000000000000100     <absolute>
 0000:00000000       __ImageBase                0000000180000000     <linker-defined>
 0001:00000020       Heap_set_allocator         0000000180001020 f   Heap.obj
 0001:00000030       reallocate                 0000000180001030 f   Heap.obj
 0001:000000d0       ptrCompare                 00000001800010d0 f   Heap.obj
 0001:00000100       mymalloc                   0000000180001100 f   Heap.obj
 0001:00000350       checkEyecatchers           0000000180001350 f   Heap.obj
 0001:000003f0       Internal_heap_unlink       00000001800013f0 f   Heap.obj
 0001:000004f0       myfree                     00000001800014f0 f   Heap.obj
 0001:00000570       myrealloc                  0000000180001570 f   Heap.obj
 0001:00000780       ListInitialize             0000000180001780 f   LinkedList.obj
 0001:000007b0       ListAppend                 00000001800017b0 f   LinkedList.obj
 0001:00000820       ListInsert                 0000000180001820 f   LinkedList.obj
 0001:000008d0       ListFindItem               00000001800018d0 f   LinkedList.obj
 0001:00000980       ListUnlink                 0000000180001980 f   LinkedList.obj
 0001:00000ad0       ListEmpty                  0000000180001ad0 f   LinkedList.obj
 0001:00000be0       ListFree                   0000000180001be0 f   LinkedList.obj
 0001:00000c50       ListFreeNoContent          0000000180001c50 f   LinkedList.obj
 0001:00000d40       intcompare                 0000000180001d40 f   LinkedList.obj
 0001:00000d40       pending_socketcompare      0000000180001d40 f   SocketBuffer.obj
 0001:00000d50       __local_stdio_printf_options 0000000180001d50 f i Log.obj
 0001:00000d60       fprintf                    0000000180001d60 f i Log.obj
 0001:00000db0       sprintf                    0000000180001db0 f i Log.obj
 0001:00000e10       _snprintf                  0000000180001e10 f i Log.obj
 0001:00000e70       Log_initialize             0000000180001e70 f   Log.obj
 0001:00001620       Log                        0000000180002620 f   Log.obj
 0001:00001750       Log_stackTrace             0000000180002750 f   Log.obj
 0001:00001850       DllMain                    0000000180002850 f   MQTTAsync.obj
 0001:00001960       MQTTAsync_lock_mutex       0000000180002960 f   MQTTAsync.obj
 0001:000019a0       MQTTAsync_unlock_mutex     00000001800029a0 f   MQTTAsync.obj
 0001:000019e0       MQTTAsync_create           00000001800029e0 f   MQTTAsync.obj
 0001:000021b0       MQTTAsync_terminate        00000001800031b0 f   MQTTAsync.obj
 0001:00002590       MQTTAsync_persistCommand   0000000180003590 f   MQTTAsync.obj
 0001:000029e0       MQTTAsync_restoreCommand   00000001800039e0 f   MQTTAsync.obj
 0001:00002c70       MQTTAsync_restoreCommands  0000000180003c70 f   MQTTAsync.obj
 0001:00002f10       MQTTAsync_addCommand       0000000180003f10 f   MQTTAsync.obj
 0001:00003060       MQTTAsync_checkDisconnect  0000000180004060 f   MQTTAsync.obj
 0001:00003180       MQTTAsync_freeConnect      0000000180004180 f   MQTTAsync.obj
 0001:00003290       MQTTAsync_freeCommand1     0000000180004290 f   MQTTAsync.obj
 0001:000034d0       MQTTAsync_freeCommand      00000001800044d0 f   MQTTAsync.obj
 0001:00003540       MQTTAsync_writeComplete    0000000180004540 f   MQTTAsync.obj
 0001:000037b0       MQTTAsync_processCommand   00000001800047b0 f   MQTTAsync.obj
 0001:000042f0       MQTTAsync_checkTimeouts    00000001800052f0 f   MQTTAsync.obj
 0001:00004600       MQTTAsync_sendThread       0000000180005600 f   MQTTAsync.obj
 0001:00004800       MQTTAsync_emptyMessageQueue 0000000180005800 f   MQTTAsync.obj
 0001:000049b0       MQTTAsync_removeResponsesAndCommands 00000001800059b0 f   MQTTAsync.obj
 0001:00004b50       MQTTAsync_destroy          0000000180005b50 f   MQTTAsync.obj
 0001:00004e80       MQTTAsync_freeMessage      0000000180005e80 f   MQTTAsync.obj
 0001:00004f80       MQTTAsync_free             0000000180005f80 f   MQTTAsync.obj
 0001:00005010       MQTTAsync_completeConnection 0000000180006010 f   MQTTAsync.obj
 0001:00005260       MQTTAsync_receiveThread    0000000180006260 f   MQTTAsync.obj
 0001:00005d80       MQTTAsync_stop             0000000180006d80 f   MQTTAsync.obj
 0001:00005f30       MQTTAsync_setCallbacks     0000000180006f30 f   MQTTAsync.obj
 0001:00006030       MQTTAsync_closeOnly        0000000180007030 f   MQTTAsync.obj
 0001:00006120       MQTTAsync_cleanSession     0000000180007120 f   MQTTAsync.obj
 0001:00006230       Protocol_processPublication 0000000180007230 f   MQTTAsync.obj
 0001:00006460       MQTTAsync_connect          0000000180007460 f   MQTTAsync.obj
 0001:00006880       MQTTAsync_disconnect1      0000000180007880 f   MQTTAsync.obj
 0001:00006970       MQTTAsync_disconnect_internal 0000000180007970 f   MQTTAsync.obj
 0001:00006a30       MQTTAsync_disconnect       0000000180007a30 f   MQTTAsync.obj
 0001:00006a40       MQTTAsync_isConnected      0000000180007a40 f   MQTTAsync.obj
 0001:00006b10       MQTTAsync_assignMsgId      0000000180007b10 f   MQTTAsync.obj
 0001:00006ce0       MQTTAsync_subscribeMany    0000000180007ce0 f   MQTTAsync.obj
 0001:00006ef0       MQTTAsync_subscribe        0000000180007ef0 f   MQTTAsync.obj
 0001:00006f60       MQTTAsync_unsubscribeMany  0000000180007f60 f   MQTTAsync.obj
 0001:00007140       MQTTAsync_unsubscribe      0000000180008140 f   MQTTAsync.obj
 0001:000071b0       MQTTAsync_send             00000001800081b0 f   MQTTAsync.obj
 0001:00007340       MQTTAsync_sendMessage      0000000180008340 f   MQTTAsync.obj
 0001:00007400       MQTTAsync_retry            0000000180008400 f   MQTTAsync.obj
 0001:000075f0       MQTTAsync_connecting       00000001800085f0 f   MQTTAsync.obj
 0001:00007900       MQTTAsync_cycle            0000000180008900 f   MQTTAsync.obj
 0001:00007f20       MQTTAsync_getPendingTokens 0000000180008f20 f   MQTTAsync.obj
 0001:00008110       MQTTAsync_isComplete       0000000180009110 f   MQTTAsync.obj
 0001:00008250       MQTTAsync_waitForCompletion 0000000180009250 f   MQTTAsync.obj
 0001:000083c0       MQTTAsync_setTraceLevel    00000001800093c0 f   MQTTAsync.obj
 0001:000083e0       MQTTAsync_setTraceCallback 00000001800093e0 f   MQTTAsync.obj
 0001:000083f0       MQTTAsync_getVersionInfo   00000001800093f0 f   MQTTAsync.obj
 0001:00008460       MQTTPacket_Factory         0000000180009460 f   MQTTPacket.obj
 0001:00008700       MQTTPacket_send            0000000180009700 f   MQTTPacket.obj
 0001:00008890       MQTTPacket_sends           0000000180009890 f   MQTTPacket.obj
 0001:00008ac0       MQTTPacket_encode          0000000180009ac0 f   MQTTPacket.obj
 0001:00008b50       readUTFlen                 0000000180009b50 f   MQTTPacket.obj
 0001:00008c20       MQTTPacket_header_only     0000000180009c20 f   MQTTPacket.obj
 0001:00008c30       MQTTPacket_publish         0000000180009c30 f   MQTTPacket.obj
 0001:00008d60       MQTTPacket_freePublish     0000000180009d60 f   MQTTPacket.obj
 0001:00008e50       MQTTPacket_send_ack        0000000180009e50 f   MQTTPacket.obj
 0001:00008f90       MQTTPacket_ack             0000000180009f90 f   MQTTPacket.obj
 0001:00009010       MQTTPacket_send_publish    000000018000a010 f   MQTTPacket.obj
 0001:00009380       MQTTPacket_send_connect    000000018000a380 f   MQTTPacketOut.obj
 0001:000097c0       MQTTPacket_connack         000000018000a7c0 f   MQTTPacketOut.obj
 0001:00009840       MQTTPacket_send_subscribe  000000018000a840 f   MQTTPacketOut.obj
 0001:00009a80       MQTTPacket_suback          000000018000aa80 f   MQTTPacketOut.obj
 0001:00009bd0       MQTTPacket_send_unsubscribe 000000018000abd0 f   MQTTPacketOut.obj
 0001:00009de0       MQTTPersistence_restore    000000018000ade0 f   MQTTPersistence.obj
 0001:0000a4f0       MQTTPersistence_insertInOrder 000000018000b4f0 f   MQTTPersistence.obj
 0001:0000a5a0       MQTTPersistence_put        000000018000b5a0 f   MQTTPersistence.obj
 0001:0000a890       MQTTPersistence_remove     000000018000b890 f   MQTTPersistence.obj
 0001:0000aa00       MQTTPersistence_persistQueueEntry 000000018000ba00 f   MQTTPersistence.obj
 0001:0000ac50       MQTTPersistence_restoreMessageQueue 000000018000bc50 f   MQTTPersistence.obj
 0001:0000b070       pstopen                    000000018000c070 f   MQTTPersistenceDefault.obj
 0001:0000b400       pstput                     000000018000c400 f   MQTTPersistenceDefault.obj
 0001:0000b5e0       pstget                     000000018000c5e0 f   MQTTPersistenceDefault.obj
 0001:0000b7c0       pstremove                  000000018000c7c0 f   MQTTPersistenceDefault.obj
 0001:0000b900       pstclose                   000000018000c900 f   MQTTPersistenceDefault.obj
 0001:0000b9e0       pstcontainskey             000000018000c9e0 f   MQTTPersistenceDefault.obj
 0001:0000bc10       pstclear                   000000018000cc10 f   MQTTPersistenceDefault.obj
 0001:0000be30       pstkeys                    000000018000ce30 f   MQTTPersistenceDefault.obj
 0001:0000beb0       keysWin32                  000000018000ceb0 f   MQTTPersistenceDefault.obj
 0001:0000c0b0       MQTTProtocol_storeQoS0     000000018000d0b0 f   MQTTProtocolClient.obj
 0001:0000c250       MQTTProtocol_storePublication 000000018000d250 f   MQTTProtocolClient.obj
 0001:0000c410       MQTTProtocol_removePublication 000000018000d410 f   MQTTProtocolClient.obj
 0001:0000c520       MQTTProtocol_handlePublishes 000000018000d520 f   MQTTProtocolClient.obj
 0001:0000c840       MQTTProtocol_handlePubacks 000000018000d840 f   MQTTProtocolClient.obj
 0001:0000ca60       MQTTProtocol_handlePubrecs 000000018000da60 f   MQTTProtocolClient.obj
 0001:0000cd20       MQTTProtocol_handlePubrels 000000018000dd20 f   MQTTProtocolClient.obj
 0001:0000d130       MQTTProtocol_handlePubcomps 000000018000e130 f   MQTTProtocolClient.obj
 0001:0000d380       MQTTProtocol_keepalive     000000018000e380 f   MQTTProtocolClient.obj
 0001:0000d580       MQTTProtocol_retries       000000018000e580 f   MQTTProtocolClient.obj
 0001:0000d890       MQTTProtocol_freeClient    000000018000e890 f   MQTTProtocolClient.obj
 0001:0000dac0       MQTTProtocol_emptyMessageList 000000018000eac0 f   MQTTProtocolClient.obj
 0001:0000db30       MQTTStrncpy                000000018000eb30 f   MQTTProtocolClient.obj
 0001:0000dbf0       MQTTStrdup                 000000018000ebf0 f   MQTTProtocolClient.obj
 0001:0000dc60       MQTTProtocol_connect       000000018000ec60 f   MQTTProtocolOut.obj
 0001:0000de30       MQTTProtocol_handleUnsubacks 000000018000ee30 f   MQTTProtocolOut.obj
 0001:0000df50       SocketBuffer_freeDefQ      000000018000ef50 f   SocketBuffer.obj
 0001:0000e020       SocketBuffer_interrupted   000000018000f020 f   SocketBuffer.obj
 0001:0000e130       SocketBuffer_complete      000000018000f130 f   SocketBuffer.obj
 0001:0000e210       Socket_error               000000018000f210 f   Socket.obj
 0001:0000e320       Socket_addSocket           000000018000f320 f   Socket.obj
 0001:0000e620       isReady                    000000018000f620 f   Socket.obj
 0001:0000e730       Socket_getReadySocket      000000018000f730 f   Socket.obj
 0001:0000ec40       Socket_getch               000000018000fc40 f   Socket.obj
 0001:0000ef00       Socket_getdata             000000018000ff00 f   Socket.obj
 0001:0000f120       Socket_noPendingWrites     0000000180010120 f   Socket.obj
 0001:0000f190       Socket_putdatas            0000000180010190 f   Socket.obj
 0001:0000f6c0       Socket_close               00000001800106c0 f   Socket.obj
 0001:0000fa70       Socket_new                 0000000180010a70 f   Socket.obj
 0001:0000fd40       Socket_continueWrite       0000000180010d40 f   Socket.obj
 0001:00010020       Socket_getpeer             0000000180011020 f   Socket.obj
 0001:000100f0       setStack                   00000001800110f0 f   StackTrace.obj
 0001:000101b0       StackTrace_entry           00000001800111b0 f   StackTrace.obj
 0001:000102a0       StackTrace_exit            00000001800112a0 f   StackTrace.obj
 0001:00010410       Thread_start               0000000180011410 f   Thread.obj
 0001:00010470       Thread_post_sem            0000000180011470 f   Thread.obj
 0001:000104e0       TreeBAASub                 00000001800114e0 f   Tree.obj
 0001:00010660       TreeAddByIndex             0000000180011660 f   Tree.obj
 0001:000107f0       TreeAdd                    00000001800117f0 f   Tree.obj
 0001:00010860       TreeFindIndex1             0000000180011860 f   Tree.obj
 0001:00010900       TreeBARSub                 0000000180011900 f   Tree.obj
 0001:00010b60       TreeRemoveNodeIndex        0000000180011b60 f   Tree.obj
 0001:00010d60       UTF8_char_validate         0000000180011d60 f   utf-8.obj
 0001:00010e40       UTF8_validateString        0000000180011e40 f   utf-8.obj
 0001:00010f10       ?getID@Connector@connector@monitoring@ibmras@@UEAA?AV?$basic_string@DU?$char_traits@D@std@@V?$allocator@D@2@@std@@XZ 0000000180011f10 f i MQTTConnector.obj
 0001:00010f50       __scrt_stub_for_is_c_termination_complete 0000000180011f50 f i MSVCRT:ucrt_stubs.obj
 0001:00010f50       ibmras_monitoring_plugin_stop 0000000180011f50 f i MQTTConnector.obj
 0001:00010f50       ?start@Connector@connector@monitoring@ibmras@@UEAAHXZ 0000000180011f50 f i MQTTConnector.obj
 0001:00010f50       ibmras_monitoring_plugin_start 0000000180011f50 f i MQTTConnector.obj
 0001:00010f50       _is_c_termination_complete 0000000180011f50 f i MSVCRT:ucrt_stubs.obj
 0001:00010f50       ?stop@Connector@connector@monitoring@ibmras@@UEAAHXZ 0000000180011f50 f i MQTTConnector.obj
 0001:00010f50       ?sendMessage@Connector@connector@monitoring@ibmras@@UEAAHAEBV?$basic_string@DU?$char_traits@D@std@@V?$allocator@D@2@@std@@IPEAX@Z 0000000180011f50 f i MQTTConnector.obj
 0001:00010f60       _guard_check_icall_nop     0000000180011f60 f i MSVCRT:guard_support.obj
 0001:00010f60       ?registerReceiver@Connector@connector@monitoring@ibmras@@UEAAXPEAVReceiver@234@@Z 0000000180011f60 f i MQTTConnector.obj
 0001:00010f70       ??1Connector@connector@monitoring@ibmras@@UEAA@XZ 0000000180011f70 f i MQTTConnector.obj
 0001:00010f80       ??_EConnector@connector@monitoring@ibmras@@UEAAPEAXI@Z 0000000180011f80 f i * CIL library *:* CIL module *
 0001:00010f80       ??_GConnector@connector@monitoring@ibmras@@UEAAPEAXI@Z 0000000180011f80 f i MQTTConnector.obj
 0001:00010fb0       ?getID@MQTTConnector@mqttcon@connector@monitoring@ibmras@@UEAA?AV?$basic_string@DU?$char_traits@D@std@@V?$allocator@D@2@@std@@XZ 0000000180011fb0 f i MQTTConnector.obj
 0001:00010ff0       ??0Logger@common@ibmras@@QEAA@AEBV012@@Z 0000000180011ff0 f i MQTTConnector.obj
 0001:00011040       ??4Logger@common@ibmras@@QEAAAEAV012@AEBV012@@Z 0000000180012040 f i MQTTConnector.obj
 0001:000110a0       ??_ELogger@common@ibmras@@UEAAPEAXI@Z 00000001800120a0 f i MQTTConnector.obj
 0001:00011140       ??4Lock@port@common@ibmras@@QEAAAEAV0123@AEBV0123@@Z 0000000180012140 f i MQTTConnector.obj
 0001:00011150       ??1LogManager@common@ibmras@@QEAA@XZ 0000000180012150 f i MQTTConnector.obj
 0001:000111b0       ??0LogManager@common@ibmras@@QEAA@AEBV012@@Z 00000001800121b0 f i MQTTConnector.obj
 0001:00011250       ??0LogManager@common@ibmras@@QEAA@$$QEAV012@@Z 0000000180012250 f i MQTTConnector.obj
 0001:000112a0       ??4LogManager@common@ibmras@@QEAAAEAV012@AEBV012@@Z 00000001800122a0 f i MQTTConnector.obj
 0001:000112e0       ??4LogManager@common@ibmras@@QEAAAEAV012@$$QEAV012@@Z 00000001800122e0 f i MQTTConnector.obj
 0001:00011360       ??1Properties@common@ibmras@@UEAA@XZ 0000000180012360 f i MQTTConnector.obj
 0001:000113a0       ??0Properties@common@ibmras@@QEAA@XZ 00000001800123a0 f i MQTTConnector.obj
 0001:00011400       ??0Properties@common@ibmras@@QEAA@AEBV012@@Z 0000000180012400 f i MQTTConnector.obj
 0001:00011490       ??4Properties@common@ibmras@@QEAAAEAV012@AEBV012@@Z 0000000180012490 f i MQTTConnector.obj
 0001:00011520       ??_EProperties@common@ibmras@@UEAAPEAXI@Z 0000000180012520 f i MQTTConnector.obj
 0001:000115f0       ??0MQTTConnector@mqttcon@connector@monitoring@ibmras@@QEAA@AEBV?$basic_string@DU?$char_traits@D@std@@V?$allocator@D@2@@std@@00000@Z 00000001800125f0 f   MQTTConnector.obj
 0001:00012320       ??_GMQTTConnector@mqttcon@connector@monitoring@ibmras@@UEAAPEAXI@Z 0000000180013320 f i MQTTConnector.obj
 0001:00012320       ??_EMQTTConnector@mqttcon@connector@monitoring@ibmras@@UEAAPEAXI@Z 0000000180013320 f i * CIL library *:* CIL module *
 0001:00012360       ??_D?$basic_stringstream@DU?$char_traits@D@std@@V?$allocator@D@2@@std@@QEAAXXZ 0000000180013360 f i MQTTConnector.obj
 0001:000123c0       ??1MQTTConnector@mqttcon@connector@monitoring@ibmras@@UEAA@XZ 00000001800133c0 f   MQTTConnector.obj
 0001:00012760       ?createClient@MQTTConnector@mqttcon@connector@monitoring@ibmras@@AEAAXAEBV?$basic_string@DU?$char_traits@D@std@@V?$allocator@D@2@@std@@@Z 0000000180013760 f   MQTTConnector.obj
 0001:00012940       ?connect@MQTTConnector@mqttcon@connector@monitoring@ibmras@@AEAAHXZ 0000000180013940 f   MQTTConnector.obj
 0001:00012af0       ?onConnect@MQTTConnector@mqttcon@connector@monitoring@ibmras@@CAXPEAXPEAUMQTTAsync_successData@@@Z 0000000180013af0 f   MQTTConnector.obj
 0001:00012b00       ?onFailure@MQTTConnector@mqttcon@connector@monitoring@ibmras@@CAXPEAXPEAUMQTTAsync_failureData@@@Z 0000000180013b00 f   MQTTConnector.obj
 0001:00012b90       ?handleOnConnect@MQTTConnector@mqttcon@connector@monitoring@ibmras@@AEAAXPEAUMQTTAsync_successData@@@Z 0000000180013b90 f   MQTTConnector.obj
 0001:00012e00       ?connectionLost@MQTTConnector@mqttcon@connector@monitoring@ibmras@@CAXPEAXPEAD@Z 0000000180013e00 f   MQTTConnector.obj
 0001:00012e50       ?sendMessage@MQTTConnector@mqttcon@connector@monitoring@ibmras@@UEAAHAEBV?$basic_string@DU?$char_traits@D@std@@V?$allocator@D@2@@std@@IPEAX@Z 0000000180013e50 f   MQTTConnector.obj
 0001:00012fb0       ?messageReceived@MQTTConnector@mqttcon@connector@monitoring@ibmras@@CAHPEAXPEADHPEAUMQTTAsync_message@@@Z 0000000180013fb0 f   MQTTConnector.obj
 0001:00012fc0       ?handleReceivedmessage@MQTTConnector@mqttcon@connector@monitoring@ibmras@@AEAAHPEADHPEAUMQTTAsync_message@@@Z 0000000180013fc0 f   MQTTConnector.obj
 0001:000132d0       ?registerReceiver@MQTTConnector@mqttcon@connector@monitoring@ibmras@@UEAAXPEAVReceiver@345@@Z 00000001800142d0 f   MQTTConnector.obj
 0001:00013320       ?start@MQTTConnector@mqttcon@connector@monitoring@ibmras@@UEAAHXZ 0000000180014320 f   MQTTConnector.obj
 0001:000133a0       ?stop@MQTTConnector@mqttcon@connector@monitoring@ibmras@@UEAAHXZ 00000001800143a0 f   MQTTConnector.obj
 0001:000134b0       ?sendIdentityMessage@MQTTConnector@mqttcon@connector@monitoring@ibmras@@AEAAXXZ 00000001800144b0 f   MQTTConnector.obj
 0001:000135b0       ibmras_monitoring_getVersion 00000001800145b0 f   MQTTConnector.obj
 0001:000135c0       ibmras_monitoring_plugin_init 00000001800145c0 f   MQTTConnector.obj
 0001:000135e0       ibmras_monitoring_getConnector 00000001800145e0 f   MQTTConnector.obj
 0001:00014510       ??4?$vector@PEAVLogger@common@ibmras@@V?$allocator@PEAVLogger@common@ibmras@@@std@@@std@@QEAAAEAV01@AEBV01@@Z 0000000180015510 f i MQTTConnector.obj
 0001:00014670       ??1?$basic_string@DU?$char_traits@D@std@@V?$allocator@D@2@@std@@QEAA@XZ 0000000180015670 f i MQTTConnector.obj
 0001:000146d0       ??4?$basic_string@DU?$char_traits@D@std@@V?$allocator@D@2@@std@@QEAAAEAV01@$$QEAV01@@Z 00000001800156d0 f i MQTTConnector.obj
 0001:00014760       ??0?$basic_string@DU?$char_traits@D@std@@V?$allocator@D@2@@std@@QEAA@AEBV01@@Z 0000000180015760 f i MQTTConnector.obj
 0001:00014840       ??0?$basic_stringstream@DU?$char_traits@D@std@@V?$allocator@D@2@@std@@QEAA@H@Z 0000000180015840 f i MQTTConnector.obj
 0001:00014900       ?seekpos@?$basic_stringbuf@DU?$char_traits@D@std@@V?$allocator@D@2@@std@@MEAA?AV?$fpos@U_Mbstatet@@@2@V32@H@Z 0000000180015900 f i MQTTConnector.obj
 0001:000149f0       ?seekoff@?$basic_stringbuf@DU?$char_traits@D@std@@V?$allocator@D@2@@std@@MEAA?AV?$fpos@U_Mbstatet@@@2@_JHH@Z 00000001800159f0 f i MQTTConnector.obj
 0001:00014b40       ?underflow@?$basic_stringbuf@DU?$char_traits@D@std@@V?$allocator@D@2@@std@@MEAAHXZ 0000000180015b40 f i MQTTConnector.obj
 0001:00014bb0       ?pbackfail@?$basic_stringbuf@DU?$char_traits@D@std@@V?$allocator@D@2@@std@@MEAAHH@Z 0000000180015bb0 f i MQTTConnector.obj
 0001:00014c10       ?overflow@?$basic_stringbuf@DU?$char_traits@D@std@@V?$allocator@D@2@@std@@MEAAHH@Z 0000000180015c10 f i MQTTConnector.obj
 0001:00014e10       ??1?$basic_stringbuf@DU?$char_traits@D@std@@V?$allocator@D@2@@std@@UEAA@XZ 0000000180015e10 f i MQTTConnector.obj
 0001:00014ed0       ??_G?$basic_stringstream@DU?$char_traits@D@std@@V?$allocator@D@2@@std@@UEAAPEAXI@Z 0000000180015ed0 f i MQTTConnector.obj
 0001:00014ed0       ??_E?$basic_stringstream@DU?$char_traits@D@std@@V?$allocator@D@2@@std@@UEAAPEAXI@Z 0000000180015ed0 f i * CIL library *:* CIL module *
 0001:00014f70       ??_G?$basic_stringbuf@DU?$char_traits@D@std@@V?$allocator@D@2@@std@@UEAAPEAXI@Z 0000000180015f70 f i MQTTConnector.obj
 0001:00014f70       ??_E?$basic_stringbuf@DU?$char_traits@D@std@@V?$allocator@D@2@@std@@UEAAPEAXI@Z 0000000180015f70 f i * CIL library *:* CIL module *
 0001:00014fb0       ??1?$_Tree_comp_alloc@V?$_Tmap_traits@V?$basic_string@DU?$char_traits@D@std@@V?$allocator@D@2@@std@@V12@U?$less@V?$basic_string@DU?$char_traits@D@std@@V?$allocator@D@2@@std@@@2@V?$allocator@U?$pair@$$CBV?$basic_string@DU?$char_traits@D@std@@V?$allocator@D@2@@std@@V12@@std@@@2@$0A@@std@@@std@@QEAA@XZ 0000000180015fb0 f i MQTTConnector.obj
 0001:00014fc0       ?_Tidy@?$vector@PEAVLogger@common@ibmras@@V?$allocator@PEAVLogger@common@ibmras@@@std@@@std@@AEAAXXZ 0000000180015fc0 f i MQTTConnector.obj
 0001:00015020       ?_Buy@?$vector@PEAVLogger@common@ibmras@@V?$allocator@PEAVLogger@common@ibmras@@@std@@@std@@AEAA_N_K@Z 0000000180016020 f i MQTTConnector.obj
 0001:000150d0       ??1sentry@?$basic_ostream@DU?$char_traits@D@std@@@std@@QEAA@XZ 00000001800160d0 f i MQTTConnector.obj
 0001:00015110       ?assign@?$basic_string@DU?$char_traits@D@std@@V?$allocator@D@2@@std@@QEAAAEAV12@QEBD_K@Z 0000000180016110 f i MQTTConnector.obj
 0001:00015260       ?append@?$basic_string@DU?$char_traits@D@std@@V?$allocator@D@2@@std@@QEAAAEAV12@QEBD_K@Z 0000000180016260 f i MQTTConnector.obj
 0001:000152e0       ?erase@?$_Tree@V?$_Tmap_traits@V?$basic_string@DU?$char_traits@D@std@@V?$allocator@D@2@@std@@V12@U?$less@V?$basic_string@DU?$char_traits@D@std@@V?$allocator@D@2@@std@@@2@V?$allocator@U?$pair@$$CBV?$basic_string@DU?$char_traits@D@std@@V?$allocator@D@2@@std@@V12@@std@@@2@$0A@@std@@@std@@QEAA?AV?$_Tree_iterator@V?$_Tree_val@U?$_Tree_simple_types@U?$pair@$$CBV?$basic_string@DU?$char_traits@D@std@@V?$allocator@D@2@@std@@V12@@std@@@std@@@std@@@2@V?$_Tree_const_iterator@V?$_Tree_val@U?$_Tree_simple_types@U?$pair@$$CBV?$basic_string@DU?$char_traits@D@std@@V?$allocator@D@2@@std@@V12@@std@@@std@@@std@@@2@0@Z 00000001800162e0 f i MQTTConnector.obj
 0001:000154e0       ?_Xlength@?$vector@PEAVLogger@common@ibmras@@V?$allocator@PEAVLogger@common@ibmras@@@std@@@std@@CAXXZ 00000001800164e0 f i MQTTConnector.obj
 0001:00015500       ??1_Sentry_base@?$basic_ostream@DU?$char_traits@D@std@@@std@@QEAA@XZ 0000000180016500 f i MQTTConnector.obj
 0001:00015530       ?_Erase@?$_Tree@V?$_Tmap_traits@V?$basic_string@DU?$char_traits@D@std@@V?$allocator@D@2@@std@@V12@U?$less@V?$basic_string@DU?$char_traits@D@std@@V?$allocator@D@2@@std@@@2@V?$allocator@U?$pair@$$CBV?$basic_string@DU?$char_traits@D@std@@V?$allocator@D@2@@std@@V12@@std@@@2@$0A@@std@@@std@@IEAAXPEAU?$_Tree_node@U?$pair@$$CBV?$basic_string@DU?$char_traits@D@std@@V?$allocator@D@2@@std@@V12@@std@@PEAX@2@@Z 0000000180016530 f i MQTTConnector.obj
 0001:00015640       ?_Extract@?$_Tree_val@U?$_Tree_simple_types@U?$pair@$$CBV?$basic_string@DU?$char_traits@D@std@@V?$allocator@D@2@@std@@V12@@std@@@std@@@std@@QEAAPEAU?$_Tree_node@U?$pair@$$CBV?$basic_string@DU?$char_traits@D@std@@V?$allocator@D@2@@std@@V12@@std@@PEAX@2@V?$_Tree_const_iterator@V?$_Tree_val@U?$_Tree_simple_types@U?$pair@$$CBV?$basic_string@DU?$char_traits@D@std@@V?$allocator@D@2@@std@@V12@@std@@@std@@@std@@@2@@Z 0000000180016640 f i MQTTConnector.obj
 0001:00015ad0       ?_Xran@?$_String_val@U?$_Simple_types@D@std@@@std@@SAXXZ 0000000180016ad0 f i MQTTConnector.obj
 0001:00015af0       ??$?6U?$char_traits@D@std@@@std@@YAAEAV?$basic_ostream@DU?$char_traits@D@std@@@0@AEAV10@PEBD@Z 0000000180016af0 f i MQTTConnector.obj
 0001:00015cc0       ??$_Copy@U_Copy_tag@?$_Tree@V?$_Tmap_traits@V?$basic_string@DU?$char_traits@D@std@@V?$allocator@D@2@@std@@V12@U?$less@V?$basic_string@DU?$char_traits@D@std@@V?$allocator@D@2@@std@@@2@V?$allocator@U?$pair@$$CBV?$basic_string@DU?$char_traits@D@std@@V?$allocator@D@2@@std@@V12@@std@@@2@$0A@@std@@@std@@@?$_Tree@V?$_Tmap_traits@V?$basic_string@DU?$char_traits@D@std@@V?$allocator@D@2@@std@@V12@U?$less@V?$basic_string@DU?$char_traits@D@std@@V?$allocator@D@2@@std@@@2@V?$allocator@U?$pair@$$CBV?$basic_string@DU?$char_traits@D@std@@V?$allocator@D@2@@std@@V12@@std@@@2@$0A@@std@@@std@@IEAAXAEBV01@U_Copy_tag@01@@Z 0000000180016cc0 f i MQTTConnector.obj
 0001:00015d70       ??$_Reallocate_grow_by@V<lambda_319d5e083f45f90dcdce5dce53cbb275>@@D@?$basic_string@DU?$char_traits@D@std@@V?$allocator@D@2@@std@@QEAAAEAV01@_KV<lambda_319d5e083f45f90dcdce5dce53cbb275>@@D@Z 0000000180016d70 f i MQTTConnector.obj
 0001:00015ed0       ??$_Reallocate_grow_by@V<lambda_65e615be2a453ca0576c979606f46740>@@PEBD_K@?$basic_string@DU?$char_traits@D@std@@V?$allocator@D@2@@std@@QEAAAEAV01@_KV<lambda_65e615be2a453ca0576c979606f46740>@@PEBD_K@Z 0000000180016ed0 f i MQTTConnector.obj
 0001:00016050       ?_Xlen@?$basic_string@DU?$char_traits@D@std@@V?$allocator@D@2@@std@@SAXXZ 0000000180017050 f i MQTTConnector.obj
 0001:00016070       ?reserve@?$basic_string@DU?$char_traits@D@std@@V?$allocator@D@2@@std@@QEAAX_K@Z 0000000180017070 f i MQTTConnector.obj
 0001:00016230       ??$_Insert_string@DU?$char_traits@D@std@@_K@std@@YAAEAV?$basic_ostream@DU?$char_traits@D@std@@@0@AEAV10@QEBD_K@Z 0000000180017230 f i MQTTConnector.obj
 0001:000163e0       ??$_Copy_nodes@U_Copy_tag@?$_Tree@V?$_Tmap_traits@V?$basic_string@DU?$char_traits@D@std@@V?$allocator@D@2@@std@@V12@U?$less@V?$basic_string@DU?$char_traits@D@std@@V?$allocator@D@2@@std@@@2@V?$allocator@U?$pair@$$CBV?$basic_string@DU?$char_traits@D@std@@V?$allocator@D@2@@std@@V12@@std@@@2@$0A@@std@@@std@@@?$_Tree@V?$_Tmap_traits@V?$basic_string@DU?$char_traits@D@std@@V?$allocator@D@2@@std@@V12@U?$less@V?$basic_string@DU?$char_traits@D@std@@V?$allocator@D@2@@std@@@2@V?$allocator@U?$pair@$$CBV?$basic_string@DU?$char_traits@D@std@@V?$allocator@D@2@@std@@V12@@std@@@2@$0A@@std@@@std@@IEAAPEAU?$_Tree_node@U?$pair@$$CBV?$basic_string@DU?$char_traits@D@std@@V?$allocator@D@2@@std@@V12@@std@@PEAX@1@PEAU21@0U_Copy_tag@01@@Z 00000001800173e0 f i MQTTConnector.obj
 0001:000164dc       ??_E?$basic_stringstream@DU?$char_traits@D@std@@V?$allocator@D@2@@std@@$4PPPPPPPM@A@EAAPEAXI@Z 00000001800174dc f i MQTTConnector.obj
 0001:000164e8       ?toString@Properties@common@ibmras@@UEAA?AV?$basic_string@DU?$char_traits@D@std@@V?$allocator@D@2@@std@@XZ 00000001800174e8 f   agentcore:agentcore.dll
 0001:000164ee       ?getKeys@Properties@common@ibmras@@UEAA?AV?$list@V?$basic_string@DU?$char_traits@D@std@@V?$allocator@D@2@@std@@V?$allocator@V?$basic_string@DU?$char_traits@D@std@@V?$allocator@D@2@@std@@@2@@std@@AEBV?$basic_string@DU?$char_traits@D@std@@V?$allocator@D@2@@5@@Z 00000001800174ee f   agentcore:agentcore.dll
 0001:000164f4       ?add@Properties@common@ibmras@@UEAAXAEBV123@@Z 00000001800174f4 f   agentcore:agentcore.dll
 0001:000164fa       ?add@Properties@common@ibmras@@UEAAXAEBV?$basic_string@DU?$char_traits@D@std@@V?$allocator@D@2@@std@@@Z 00000001800174fa f   agentcore:agentcore.dll
 0001:00016500       ?put@Properties@common@ibmras@@UEAAXAEBV?$basic_string@DU?$char_traits@D@std@@V?$allocator@D@2@@std@@0@Z 0000000180017500 f   agentcore:agentcore.dll
 0001:00016506       ?exists@Properties@common@ibmras@@UEAA_NAEBV?$basic_string@DU?$char_traits@D@std@@V?$allocator@D@2@@std@@@Z 0000000180017506 f   agentcore:agentcore.dll
 0001:0001650c       ?get@Properties@common@ibmras@@UEAA?AV?$basic_string@DU?$char_traits@D@std@@V?$allocator@D@2@@std@@AEBV45@0@Z 000000018001750c f   agentcore:agentcore.dll
 0001:00016530       __security_check_cookie    0000000180017530 f   MSVCRT:amdsecgs.obj
 0001:00016554       ??_V@YAXPEAX@Z             0000000180017554 f   MSVCRT:delete_array.obj
 0001:00016554       ??3@YAXPEAX_K@Z            0000000180017554 f   MSVCRT:delete_scalar_size.obj
 0001:0001655c       ??_V@YAXPEAX_K@Z           000000018001755c f   MSVCRT:delete_array_size.obj
 0001:00016564       ??2@YAPEAX_K@Z             0000000180017564 f   MSVCRT:new_scalar.obj
 0001:000165a0       ??_M@YAXPEAX_K1P6AX0@Z@Z   00000001800175a0 f   MSVCRT:ehvecdtr.obj
 0001:0001660c       ?__ArrayUnwind@@YAXPEAX_K1P6AX0@Z@Z 000000018001760c f   MSVCRT:ehvecdtr.obj
 0001:00016670       ??_U@YAPEAX_K@Z            0000000180017670 f   MSVCRT:new_array.obj
 0001:000169a8       _DllMainCRTStartup         00000001800179a8 f   MSVCRT:dll_dllmain.obj
 0001:000169e8       __raise_securityfailure    00000001800179e8 f   MSVCRT:gs_report.obj
 0001:00016a1c       __report_gsfailure         0000000180017a1c f   MSVCRT:gs_report.obj
 0001:00016b64       ??3@YAXPEAX@Z              0000000180017b64 f   MSVCRT:delete_scalar.obj
 0001:00016b6c       ??0bad_alloc@std@@QEAA@AEBV01@@Z 0000000180017b6c f i MSVCRT:throw_bad_alloc.obj
 0001:00016bac       ??0bad_alloc@std@@QEAA@XZ  0000000180017bac f i MSVCRT:throw_bad_alloc.obj
 0001:00016bcc       ??0bad_array_new_length@std@@QEAA@AEBV01@@Z 0000000180017bcc f i MSVCRT:throw_bad_alloc.obj
 0001:00016c0c       ??0bad_array_new_length@std@@QEAA@XZ 0000000180017c0c f i MSVCRT:throw_bad_alloc.obj
 0001:00016c2c       ??0exception@std@@QEAA@AEBV01@@Z 0000000180017c2c f i MSVCRT:throw_bad_alloc.obj
 0001:00016c64       ??1bad_array_new_length@std@@UEAA@XZ 0000000180017c64 f i MSVCRT:throw_bad_alloc.obj
 0001:00016c64       ??1bad_alloc@std@@UEAA@XZ  0000000180017c64 f i MSVCRT:throw_bad_alloc.obj
 0001:00016c78       ??_Ebad_alloc@std@@UEAAPEAXI@Z 0000000180017c78 f i MSVCRT:throw_bad_alloc.obj
 0001:00016c78       ??_Ebad_array_new_length@std@@UEAAPEAXI@Z 0000000180017c78 f i MSVCRT:throw_bad_alloc.obj
 0001:00016c78       ??_Gbad_alloc@std@@UEAAPEAXI@Z 0000000180017c78 f i MSVCRT:throw_bad_alloc.obj
 0001:00016c78       ??_Eexception@std@@UEAAPEAXI@Z 0000000180017c78 f i MSVCRT:throw_bad_alloc.obj
 0001:00016c78       ??_Gexception@std@@UEAAPEAXI@Z 0000000180017c78 f i MSVCRT:throw_bad_alloc.obj
 0001:00016c78       ??_Gbad_array_new_length@std@@UEAAPEAXI@Z 0000000180017c78 f i MSVCRT:throw_bad_alloc.obj
 0001:00016cbc       ?__scrt_throw_std_bad_alloc@@YAXXZ 0000000180017cbc f   MSVCRT:throw_bad_alloc.obj
 0001:00016cdc       ?__scrt_throw_std_bad_array_new_length@@YAXXZ 0000000180017cdc f   MSVCRT:throw_bad_alloc.obj
 0001:00016cfc       ?what@exception@std@@UEBAPEBDXZ 0000000180017cfc f i MSVCRT:throw_bad_alloc.obj
 0001:00016d10       __security_init_cookie     0000000180017d10 f   MSVCRT:gs_support.obj
 0001:00016dbc       ?__scrt_initialize_type_info@@YAXXZ 0000000180017dbc f   MSVCRT:tncleanup.obj
 0001:00016dcc       ?__scrt_uninitialize_type_info@@YAXXZ 0000000180017dcc f   MSVCRT:tncleanup.obj
 0001:00016dd8       __local_stdio_scanf_options 0000000180017dd8 f i MSVCRT:default_local_stdio_options.obj
 0001:00016de0       __scrt_initialize_default_local_stdio_options 0000000180017de0 f   MSVCRT:default_local_stdio_options.obj
 0001:00016dfc       __scrt_acquire_startup_lock 0000000180017dfc f   MSVCRT:utility.obj
 0001:00016e38       __scrt_dllmain_after_initialize_c 0000000180017e38 f   MSVCRT:utility.obj
 0001:00016e6c       __scrt_dllmain_before_initialize_c 0000000180017e6c f   MSVCRT:utility.obj
 0001:00016e84       __scrt_dllmain_crt_thread_attach 0000000180017e84 f   MSVCRT:utility.obj
 0001:00016eac       __scrt_dllmain_crt_thread_detach 0000000180017eac f   MSVCRT:utility.obj
 0001:00016ec4       __scrt_dllmain_exception_filter 0000000180017ec4 f   MSVCRT:utility.obj
 0001:00016f24       __scrt_dllmain_uninitialize_c 0000000180017f24 f   MSVCRT:utility.obj
 0001:00016f54       __scrt_dllmain_uninitialize_critical 0000000180017f54 f   MSVCRT:utility.obj
 0001:00016f68       __scrt_initialize_crt      0000000180017f68 f   MSVCRT:utility.obj
 0001:00016fb4       __scrt_initialize_onexit_tables 0000000180017fb4 f   MSVCRT:utility.obj
 0001:0001708c       __scrt_is_nonwritable_in_current_image 000000018001808c f   MSVCRT:utility.obj
 0001:00017128       __scrt_release_startup_lock 0000000180018128 f   MSVCRT:utility.obj
 0001:0001714c       __scrt_uninitialize_crt    000000018001814c f   MSVCRT:utility.obj
 0001:00017178       __scrt_get_dyn_tls_init_callback 0000000180018178 f   MSVCRT:dyn_tls_init.obj
 0001:00017180       __crt_debugger_hook        0000000180018180 f   MSVCRT:utility_desktop.obj
 0001:00017188       __scrt_fastfail            0000000180018188 f   MSVCRT:utility_desktop.obj
 0001:000172d4       _RTC_Initialize            00000001800182d4 f   MSVCRT:initsect.obj
 0001:00017310       _RTC_Terminate             0000000180018310 f   MSVCRT:initsect.obj
 0001:0001734c       ??_Etype_info@@UEAAPEAXI@Z 000000018001834c f i MSVCRT:std_type_info_static.obj
 0001:0001734c       ??_Gtype_info@@UEAAPEAXI@Z 000000018001834c f i MSVCRT:std_type_info_static.obj
 0001:00017380       __isa_available_init       0000000180018380 f   MSVCRT:cpu_disp.obj
 0001:000174fc       _get_startup_argv_mode     00000001800184fc f   MSVCRT:argv_mode.obj
 0001:00017504       __scrt_is_ucrt_dll_in_use  0000000180018504 f   MSVCRT:ucrt_detection.obj
 0001:00017510       ?_Lock@?$basic_streambuf@DU?$char_traits@D@std@@@std@@UEAAXXZ 0000000180018510 f   msvcprt:MSVCP140.dll
 0001:00017516       ?_Unlock@?$basic_streambuf@DU?$char_traits@D@std@@@std@@UEAAXXZ 0000000180018516 f   msvcprt:MSVCP140.dll
 0001:0001751c       ?showmanyc@?$basic_streambuf@DU?$char_traits@D@std@@@std@@MEAA_JXZ 000000018001851c f   msvcprt:MSVCP140.dll
 0001:00017522       ?uflow@?$basic_streambuf@DU?$char_traits@D@std@@@std@@MEAAHXZ 0000000180018522 f   msvcprt:MSVCP140.dll
 0001:00017528       ?xsgetn@?$basic_streambuf@DU?$char_traits@D@std@@@std@@MEAA_JPEAD_J@Z 0000000180018528 f   msvcprt:MSVCP140.dll
 0001:0001752e       ?xsputn@?$basic_streambuf@DU?$char_traits@D@std@@@std@@MEAA_JPEBD_J@Z 000000018001852e f   msvcprt:MSVCP140.dll
 0001:00017534       ?setbuf@?$basic_streambuf@DU?$char_traits@D@std@@@std@@MEAAPEAV12@PEAD_J@Z 0000000180018534 f   msvcprt:MSVCP140.dll
 0001:0001753a       ?sync@?$basic_streambuf@DU?$char_traits@D@std@@@std@@MEAAHXZ 000000018001853a f   msvcprt:MSVCP140.dll
 0001:00017540       ?imbue@?$basic_streambuf@DU?$char_traits@D@std@@@std@@MEAAXAEBVlocale@2@@Z 0000000180018540 f   msvcprt:MSVCP140.dll
 0001:00017546       __CxxFrameHandler3         0000000180018546 f   vcruntime:VCRUNTIME140.dll
 0001:0001754c       __std_terminate            000000018001854c f   vcruntime:VCRUNTIME140.dll
 0001:00017552       __C_specific_handler       0000000180018552 f   vcruntime:VCRUNTIME140.dll
 0001:00017558       __std_exception_copy       0000000180018558 f   vcruntime:VCRUNTIME140.dll
 0001:0001755e       __std_exception_destroy    000000018001855e f   vcruntime:VCRUNTIME140.dll
 0001:00017564       _CxxThrowException         0000000180018564 f   vcruntime:VCRUNTIME140.dll
 0001:0001756a       __std_type_info_destroy_list 000000018001856a f   vcruntime:VCRUNTIME140.dll
 0001:00017570       memset                     0000000180018570 f   vcruntime:VCRUNTIME140.dll
 0001:00017576       free                       0000000180018576 f   ucrt:api-ms-win-crt-heap-l1-1-0.dll
 0001:0001757c       malloc                     000000018001857c f   ucrt:api-ms-win-crt-heap-l1-1-0.dll
 0001:00017582       _callnewh                  0000000180018582 f   ucrt:api-ms-win-crt-heap-l1-1-0.dll
 0001:00017588       terminate                  0000000180018588 f   ucrt:api-ms-win-crt-runtime-l1-1-0.dll
 0001:0001758e       _initterm                  000000018001858e f   ucrt:api-ms-win-crt-runtime-l1-1-0.dll
 0001:00017594       _initterm_e                0000000180018594 f   ucrt:api-ms-win-crt-runtime-l1-1-0.dll
 0001:0001759a       _seh_filter_dll            000000018001859a f   ucrt:api-ms-win-crt-runtime-l1-1-0.dll
 0001:000175a0       _configure_narrow_argv     00000001800185a0 f   ucrt:api-ms-win-crt-runtime-l1-1-0.dll
 0001:000175a6       _initialize_narrow_environment 00000001800185a6 f   ucrt:api-ms-win-crt-runtime-l1-1-0.dll
 0001:000175ac       _initialize_onexit_table   00000001800185ac f   ucrt:api-ms-win-crt-runtime-l1-1-0.dll
 0001:000175b2       _execute_onexit_table      00000001800185b2 f   ucrt:api-ms-win-crt-runtime-l1-1-0.dll
 0001:000175b8       _cexit                     00000001800185b8 f   ucrt:api-ms-win-crt-runtime-l1-1-0.dll
 0001:000175be       IsProcessorFeaturePresent  00000001800185be f   kernel32:KERNEL32.dll
 0001:000175c4       __acrt_thread_detach       00000001800185c4 f   MSVCRT:ucrt_stubs.obj
 0001:000175c4       __acrt_thread_attach       00000001800185c4 f   MSVCRT:ucrt_stubs.obj
 0001:000175c4       __vcrt_initialize          00000001800185c4 f   MSVCRT:ucrt_stubs.obj
 0001:000175c4       __scrt_stub_for_acrt_initialize 00000001800185c4 f   MSVCRT:ucrt_stubs.obj
 0001:000175c4       __scrt_stub_for_acrt_thread_attach 00000001800185c4 f   MSVCRT:ucrt_stubs.obj
 0001:000175c4       __vcrt_thread_detach       00000001800185c4 f   MSVCRT:ucrt_stubs.obj
 0001:000175c4       __vcrt_uninitialize        00000001800185c4 f   MSVCRT:ucrt_stubs.obj
 0001:000175c4       __acrt_uninitialize        00000001800185c4 f   MSVCRT:ucrt_stubs.obj
 0001:000175c4       __scrt_stub_for_acrt_uninitialize_critical 00000001800185c4 f   MSVCRT:ucrt_stubs.obj
 0001:000175c4       __acrt_uninitialize_critical 00000001800185c4 f   MSVCRT:ucrt_stubs.obj
 0001:000175c4       __vcrt_thread_attach       00000001800185c4 f   MSVCRT:ucrt_stubs.obj
 0001:000175c4       __scrt_stub_for_acrt_thread_detach 00000001800185c4 f   MSVCRT:ucrt_stubs.obj
 0001:000175c4       __vcrt_uninitialize_critical 00000001800185c4 f   MSVCRT:ucrt_stubs.obj
 0001:000175c4       __scrt_stub_for_acrt_uninitialize 00000001800185c4 f   MSVCRT:ucrt_stubs.obj
 0001:000175c4       __acrt_initialize          00000001800185c4 f   MSVCRT:ucrt_stubs.obj
 0001:000175c8       __GSHandlerCheck           00000001800185c8 f   MSVCRT:gshandler.obj
 0001:000175e8       __GSHandlerCheckCommon     00000001800185e8 f   MSVCRT:gshandler.obj
 0001:00017644       __GSHandlerCheck_EH        0000000180018644 f   MSVCRT:gshandlereh.obj
 0001:000176c3       memchr                     00000001800186c3 f   vcruntime:VCRUNTIME140.dll
 0001:000176c9       memcmp                     00000001800186c9 f   vcruntime:VCRUNTIME140.dll
 0001:000176cf       memcpy                     00000001800186cf f   vcruntime:VCRUNTIME140.dll
 0001:000176d5       memmove                    00000001800186d5 f   vcruntime:VCRUNTIME140.dll
 0001:000176db       strcmp                     00000001800186db f   ucrt:api-ms-win-crt-string-l1-1-0.dll
 0001:00017700       _guard_dispatch_icall_nop  0000000180018700 f   MSVCRT:guard_dispatch.obj
 0002:00000000       __imp_UnhandledExceptionFilter 0000000180019000     kernel32:KERNEL32.dll
 0002:00000008       __imp_RtlLookupFunctionEntry 0000000180019008     kernel32:KERNEL32.dll
 0002:00000010       __imp_RtlVirtualUnwind     0000000180019010     kernel32:KERNEL32.dll
 0002:00000018       __imp_SetUnhandledExceptionFilter 0000000180019018     kernel32:KERNEL32.dll
 0002:00000020       __imp_GetCurrentProcess    0000000180019020     kernel32:KERNEL32.dll
 0002:00000028       __imp_TerminateProcess     0000000180019028     kernel32:KERNEL32.dll
 0002:00000030       __imp_IsProcessorFeaturePresent 0000000180019030     kernel32:KERNEL32.dll
 0002:00000038       __imp_QueryPerformanceCounter 0000000180019038     kernel32:KERNEL32.dll
 0002:00000040       __imp_GetCurrentProcessId  0000000180019040     kernel32:KERNEL32.dll
 0002:00000048       __imp_GetSystemTimeAsFileTime 0000000180019048     kernel32:KERNEL32.dll
 0002:00000050       __imp_InitializeSListHead  0000000180019050     kernel32:KERNEL32.dll
 0002:00000058       __imp_IsDebuggerPresent    0000000180019058     kernel32:KERNEL32.dll
 0002:00000060       __imp_CreateThread         0000000180019060     kernel32:KERNEL32.dll
 0002:00000068       __imp_SetEvent             0000000180019068     kernel32:KERNEL32.dll
 0002:00000070       __imp_ReleaseMutex         0000000180019070     kernel32:KERNEL32.dll
 0002:00000078       __imp_GetCurrentThreadId   0000000180019078     kernel32:KERNEL32.dll
 0002:00000080       __imp_CreateMutexA         0000000180019080     kernel32:KERNEL32.dll
 0002:00000088       __imp_Sleep                0000000180019088     kernel32:KERNEL32.dll
 0002:00000090       __imp_CreateEventA         0000000180019090     kernel32:KERNEL32.dll
 0002:00000098       __imp_GetTickCount         0000000180019098     kernel32:KERNEL32.dll
 0002:000000a0       __imp_FindFirstFileA       00000001800190a0     kernel32:KERNEL32.dll
 0002:000000a8       __imp_FindNextFileA        00000001800190a8     kernel32:KERNEL32.dll
 0002:000000b0       __imp_FindClose            00000001800190b0     kernel32:KERNEL32.dll
 0002:000000b8       __imp_GetLastError         00000001800190b8     kernel32:KERNEL32.dll
 0002:000000c0       __imp_WaitForSingleObject  00000001800190c0     kernel32:KERNEL32.dll
 0002:000000c8       __imp_RtlCaptureContext    00000001800190c8     kernel32:KERNEL32.dll
 0002:000000d0       \177KERNEL32_NULL_THUNK_DATA 00000001800190d0     kernel32:KERNEL32.dll
 0002:000000d8       __imp_??0?$basic_iostream@DU?$char_traits@D@std@@@std@@QEAA@PEAV?$basic_streambuf@DU?$char_traits@D@std@@@1@@Z 00000001800190d8     msvcprt:MSVCP140.dll
 0002:000000e0       __imp_??1?$basic_streambuf@DU?$char_traits@D@std@@@std@@UEAA@XZ 00000001800190e0     msvcprt:MSVCP140.dll
 0002:000000e8       __imp_?_Pninc@?$basic_streambuf@DU?$char_traits@D@std@@@std@@IEAAPEADXZ 00000001800190e8     msvcprt:MSVCP140.dll
 0002:000000f0       __imp_?_Lock@?$basic_streambuf@DU?$char_traits@D@std@@@std@@UEAAXXZ 00000001800190f0     msvcprt:MSVCP140.dll
 0002:000000f8       __imp_?_Unlock@?$basic_streambuf@DU?$char_traits@D@std@@@std@@UEAAXXZ 00000001800190f8     msvcprt:MSVCP140.dll
 0002:00000100       __imp_?showmanyc@?$basic_streambuf@DU?$char_traits@D@std@@@std@@MEAA_JXZ 0000000180019100     msvcprt:MSVCP140.dll
 0002:00000108       __imp_?uflow@?$basic_streambuf@DU?$char_traits@D@std@@@std@@MEAAHXZ 0000000180019108     msvcprt:MSVCP140.dll
 0002:00000110       __imp_?xsgetn@?$basic_streambuf@DU?$char_traits@D@std@@@std@@MEAA_JPEAD_J@Z 0000000180019110     msvcprt:MSVCP140.dll
 0002:00000118       __imp_?xsputn@?$basic_streambuf@DU?$char_traits@D@std@@@std@@MEAA_JPEBD_J@Z 0000000180019118     msvcprt:MSVCP140.dll
 0002:00000120       __imp_?setbuf@?$basic_streambuf@DU?$char_traits@D@std@@@std@@MEAAPEAV12@PEAD_J@Z 0000000180019120     msvcprt:MSVCP140.dll
 0002:00000128       __imp_?sync@?$basic_streambuf@DU?$char_traits@D@std@@@std@@MEAAHXZ 0000000180019128     msvcprt:MSVCP140.dll
 0002:00000130       __imp_?imbue@?$basic_streambuf@DU?$char_traits@D@std@@@std@@MEAAXAEBVlocale@2@@Z 0000000180019130     msvcprt:MSVCP140.dll
 0002:00000138       __imp_??1?$basic_iostream@DU?$char_traits@D@std@@@std@@UEAA@XZ 0000000180019138     msvcprt:MSVCP140.dll
 0002:00000140       __imp_??0?$basic_streambuf@DU?$char_traits@D@std@@@std@@IEAA@XZ 0000000180019140     msvcprt:MSVCP140.dll
 0002:00000148       __imp_?sputc@?$basic_streambuf@DU?$char_traits@D@std@@@std@@QEAAHD@Z 0000000180019148     msvcprt:MSVCP140.dll
 0002:00000150       __imp_?sputn@?$basic_streambuf@DU?$char_traits@D@std@@@std@@QEAA_JPEBD_J@Z 0000000180019150     msvcprt:MSVCP140.dll
 0002:00000158       __imp_?_Xlength_error@std@@YAXPEBD@Z 0000000180019158     msvcprt:MSVCP140.dll
 0002:00000160       __imp_?_Xout_of_range@std@@YAXPEBD@Z 0000000180019160     msvcprt:MSVCP140.dll
 0002:00000168       \177MSVCP140_NULL_THUNK_DATA 0000000180019168     msvcprt:MSVCP140.dll
 0002:00000170       __imp_strrchr              0000000180019170     vcruntime:VCRUNTIME140.dll
 0002:00000178       __imp___CxxFrameHandler3   0000000180019178     vcruntime:VCRUNTIME140.dll
 0002:00000180       __imp___std_terminate      0000000180019180     vcruntime:VCRUNTIME140.dll
 0002:00000188       __imp___C_specific_handler 0000000180019188     vcruntime:VCRUNTIME140.dll
 0002:00000190       __imp___std_exception_copy 0000000180019190     vcruntime:VCRUNTIME140.dll
 0002:00000198       __imp___std_exception_destroy 0000000180019198     vcruntime:VCRUNTIME140.dll
 0002:000001a0       __imp__CxxThrowException   00000001800191a0     vcruntime:VCRUNTIME140.dll
 0002:000001a8       __imp___std_type_info_destroy_list 00000001800191a8     vcruntime:VCRUNTIME140.dll
 0002:000001b0       __imp_memset               00000001800191b0     vcruntime:VCRUNTIME140.dll
 0002:000001b8       __imp_strstr               00000001800191b8     vcruntime:VCRUNTIME140.dll
 0002:000001c0       __imp_memchr               00000001800191c0     vcruntime:VCRUNTIME140.dll
 0002:000001c8       __imp_memcmp               00000001800191c8     vcruntime:VCRUNTIME140.dll
 0002:000001d0       __imp_memcpy               00000001800191d0     vcruntime:VCRUNTIME140.dll
 0002:000001d8       __imp_memmove              00000001800191d8     vcruntime:VCRUNTIME140.dll
 0002:000001e0       \177VCRUNTIME140_NULL_THUNK_DATA 00000001800191e0     vcruntime:VCRUNTIME140.dll
 0002:000001e8       __imp_WSACleanup           00000001800191e8     Ws2_32:WS2_32.dll
 0002:000001f0       __imp_closesocket          00000001800191f0     Ws2_32:WS2_32.dll
 0002:000001f8       __imp_WSASend              00000001800191f8     Ws2_32:WS2_32.dll
 0002:00000200       __imp_select               0000000180019200     Ws2_32:WS2_32.dll
 0002:00000208       __imp_shutdown             0000000180019208     Ws2_32:WS2_32.dll
 0002:00000210       __imp_getaddrinfo          0000000180019210     Ws2_32:WS2_32.dll
 0002:00000218       __imp_WSAStartup           0000000180019218     Ws2_32:WS2_32.dll
 0002:00000220       __imp_getpeername          0000000180019220     Ws2_32:WS2_32.dll
 0002:00000228       __imp_WSAAddressToStringA  0000000180019228     Ws2_32:WS2_32.dll
 0002:00000230       __imp_socket               0000000180019230     Ws2_32:WS2_32.dll
 0002:00000238       __imp_connect              0000000180019238     Ws2_32:WS2_32.dll
 0002:00000240       __imp_recv                 0000000180019240     Ws2_32:WS2_32.dll
 0002:00000248       __imp_htons                0000000180019248     Ws2_32:WS2_32.dll
 0002:00000250       __imp_freeaddrinfo         0000000180019250     Ws2_32:WS2_32.dll
 0002:00000258       __imp_getsockopt           0000000180019258     Ws2_32:WS2_32.dll
 0002:00000260       __imp_ioctlsocket          0000000180019260     Ws2_32:WS2_32.dll
 0002:00000268       __imp_WSAGetLastError      0000000180019268     Ws2_32:WS2_32.dll
 0002:00000270       __imp___WSAFDIsSet         0000000180019270     Ws2_32:WS2_32.dll
 0002:00000278       \177WS2_32_NULL_THUNK_DATA 0000000180019278     Ws2_32:WS2_32.dll
 0002:00000280       __imp_ibmras_common_LogManager_getLogger 0000000180019280     agentcore:agentcore.dll
 0002:00000288       __imp_?getInstance@LogManager@common@ibmras@@SAPEAV123@XZ 0000000180019288     agentcore:agentcore.dll
 0002:00000290       __imp_?setLevel@LogManager@common@ibmras@@QEAAXAEBV?$basic_string@DU?$char_traits@D@std@@V?$allocator@D@2@@std@@0@Z 0000000180019290     agentcore:agentcore.dll
 0002:00000298       __imp_??1Logger@common@ibmras@@UEAA@XZ 0000000180019298     agentcore:agentcore.dll
 0002:000002a0       __imp_?log@Logger@common@ibmras@@QEAAXW4loggingLevel@@PEBDZZ 00000001800192a0     agentcore:agentcore.dll
 0002:000002a8       __imp_?logDebug@Logger@common@ibmras@@QEAAXW4loggingLevel@@PEBDZZ 00000001800192a8     agentcore:agentcore.dll
 0002:000002b0       __imp_?equalsIgnoreCase@util@common@ibmras@@YA_NAEBV?$basic_string@DU?$char_traits@D@std@@V?$allocator@D@2@@std@@0@Z 00000001800192b0     agentcore:agentcore.dll
 0002:000002b8       __imp_?getMilliseconds@util@common@ibmras@@YA_KXZ 00000001800192b8     agentcore:agentcore.dll
 0002:000002c0       __imp_?get@Properties@common@ibmras@@UEAA?AV?$basic_string@DU?$char_traits@D@std@@V?$allocator@D@2@@std@@AEBV45@0@Z 00000001800192c0     agentcore:agentcore.dll
 0002:000002c8       __imp_?exists@Properties@common@ibmras@@UEAA_NAEBV?$basic_string@DU?$char_traits@D@std@@V?$allocator@D@2@@std@@@Z 00000001800192c8     agentcore:agentcore.dll
 0002:000002d0       __imp_?put@Properties@common@ibmras@@UEAAXAEBV?$basic_string@DU?$char_traits@D@std@@V?$allocator@D@2@@std@@0@Z 00000001800192d0     agentcore:agentcore.dll
 0002:000002d8       __imp_?add@Properties@common@ibmras@@UEAAXAEBV123@@Z 00000001800192d8     agentcore:agentcore.dll
 0002:000002e0       __imp_?add@Properties@common@ibmras@@UEAAXAEBV?$basic_string@DU?$char_traits@D@std@@V?$allocator@D@2@@std@@@Z 00000001800192e0     agentcore:agentcore.dll
 0002:000002e8       __imp_?getKeys@Properties@common@ibmras@@UEAA?AV?$list@V?$basic_string@DU?$char_traits@D@std@@V?$allocator@D@2@@std@@V?$allocator@V?$basic_string@DU?$char_traits@D@std@@V?$allocator@D@2@@std@@@2@@std@@AEBV?$basic_string@DU?$char_traits@D@std@@V?$allocator@D@2@@5@@Z 00000001800192e8     agentcore:agentcore.dll
 0002:000002f0       __imp_?toString@Properties@common@ibmras@@UEAA?AV?$basic_string@DU?$char_traits@D@std@@V?$allocator@D@2@@std@@XZ 00000001800192f0     agentcore:agentcore.dll
 0002:000002f8       __imp_?allocate@memory@common@ibmras@@YAPEAEI@Z 00000001800192f8     agentcore:agentcore.dll
 0002:00000300       __imp_?deallocate@memory@common@ibmras@@YAXPEAPEAE@Z 0000000180019300     agentcore:agentcore.dll
 0002:00000308       __imp_?getHostName@port@common@ibmras@@YA?AV?$basic_string@DU?$char_traits@D@std@@V?$allocator@D@2@@std@@XZ 0000000180019308     agentcore:agentcore.dll
 0002:00000310       __imp_?getProcessId@port@common@ibmras@@YAHXZ 0000000180019310     agentcore:agentcore.dll
 0002:00000318       \177agentcore_NULL_THUNK_DATA 0000000180019318     agentcore:agentcore.dll
 0002:00000320       __imp_atoi                 0000000180019320     ucrt:api-ms-win-crt-convert-l1-1-0.dll
 0002:00000328       __imp_wcstombs             0000000180019328     ucrt:api-ms-win-crt-convert-l1-1-0.dll
 0002:00000330       \177api-ms-win-crt-convert-l1-1-0_NULL_THUNK_DATA 0000000180019330     ucrt:api-ms-win-crt-convert-l1-1-0.dll
 0002:00000338       __imp_getenv               0000000180019338     ucrt:api-ms-win-crt-environment-l1-1-0.dll
 0002:00000340       \177api-ms-win-crt-environment-l1-1-0_NULL_THUNK_DATA 0000000180019340     ucrt:api-ms-win-crt-environment-l1-1-0.dll
 0002:00000348       __imp__mkdir               0000000180019348     ucrt:api-ms-win-crt-filesystem-l1-1-0.dll
 0002:00000350       __imp__unlink              0000000180019350     ucrt:api-ms-win-crt-filesystem-l1-1-0.dll
 0002:00000358       __imp_rename               0000000180019358     ucrt:api-ms-win-crt-filesystem-l1-1-0.dll
 0002:00000360       __imp_remove               0000000180019360     ucrt:api-ms-win-crt-filesystem-l1-1-0.dll
 0002:00000368       __imp__rmdir               0000000180019368     ucrt:api-ms-win-crt-filesystem-l1-1-0.dll
 0002:00000370       \177api-ms-win-crt-filesystem-l1-1-0_NULL_THUNK_DATA 0000000180019370     ucrt:api-ms-win-crt-filesystem-l1-1-0.dll
 0002:00000378       __imp_free                 0000000180019378     ucrt:api-ms-win-crt-heap-l1-1-0.dll
 0002:00000380       __imp_malloc               0000000180019380     ucrt:api-ms-win-crt-heap-l1-1-0.dll
 0002:00000388       __imp__callnewh            0000000180019388     ucrt:api-ms-win-crt-heap-l1-1-0.dll
 0002:00000390       \177api-ms-win-crt-heap-l1-1-0_NULL_THUNK_DATA 0000000180019390     ucrt:api-ms-win-crt-heap-l1-1-0.dll
 0002:00000398       __imp__errno               0000000180019398     ucrt:api-ms-win-crt-runtime-l1-1-0.dll
 0002:000003a0       __imp__cexit               00000001800193a0     ucrt:api-ms-win-crt-runtime-l1-1-0.dll
 0002:000003a8       __imp__execute_onexit_table 00000001800193a8     ucrt:api-ms-win-crt-runtime-l1-1-0.dll
 0002:000003b0       __imp_strerror             00000001800193b0     ucrt:api-ms-win-crt-runtime-l1-1-0.dll
 0002:000003b8       __imp_exit                 00000001800193b8     ucrt:api-ms-win-crt-runtime-l1-1-0.dll
 0002:000003c0       __imp__configure_narrow_argv 00000001800193c0     ucrt:api-ms-win-crt-runtime-l1-1-0.dll
 0002:000003c8       __imp__initialize_onexit_table 00000001800193c8     ucrt:api-ms-win-crt-runtime-l1-1-0.dll
 0002:000003d0       __imp__invalid_parameter_noinfo_noreturn 00000001800193d0     ucrt:api-ms-win-crt-runtime-l1-1-0.dll
 0002:000003d8       __imp_terminate            00000001800193d8     ucrt:api-ms-win-crt-runtime-l1-1-0.dll
 0002:000003e0       __imp__initterm            00000001800193e0     ucrt:api-ms-win-crt-runtime-l1-1-0.dll
 0002:000003e8       __imp__initterm_e          00000001800193e8     ucrt:api-ms-win-crt-runtime-l1-1-0.dll
 0002:000003f0       __imp__seh_filter_dll      00000001800193f0     ucrt:api-ms-win-crt-runtime-l1-1-0.dll
 0002:000003f8       __imp__initialize_narrow_environment 00000001800193f8     ucrt:api-ms-win-crt-runtime-l1-1-0.dll
 0002:00000400       \177api-ms-win-crt-runtime-l1-1-0_NULL_THUNK_DATA 0000000180019400     ucrt:api-ms-win-crt-runtime-l1-1-0.dll
 0002:00000408       __imp___stdio_common_vsprintf 0000000180019408     ucrt:api-ms-win-crt-stdio-l1-1-0.dll
 0002:00000410       __imp___acrt_iob_func      0000000180019410     ucrt:api-ms-win-crt-stdio-l1-1-0.dll
 0002:00000418       __imp_fread                0000000180019418     ucrt:api-ms-win-crt-stdio-l1-1-0.dll
 0002:00000420       __imp_fseek                0000000180019420     ucrt:api-ms-win-crt-stdio-l1-1-0.dll
 0002:00000428       __imp_fflush               0000000180019428     ucrt:api-ms-win-crt-stdio-l1-1-0.dll
 0002:00000430       __imp_ftell                0000000180019430     ucrt:api-ms-win-crt-stdio-l1-1-0.dll
 0002:00000438       __imp_fclose               0000000180019438     ucrt:api-ms-win-crt-stdio-l1-1-0.dll
 0002:00000440       __imp___stdio_common_vfprintf 0000000180019440     ucrt:api-ms-win-crt-stdio-l1-1-0.dll
 0002:00000448       __imp_fopen                0000000180019448     ucrt:api-ms-win-crt-stdio-l1-1-0.dll
 0002:00000450       __imp_fwrite               0000000180019450     ucrt:api-ms-win-crt-stdio-l1-1-0.dll
 0002:00000458       \177api-ms-win-crt-stdio-l1-1-0_NULL_THUNK_DATA 0000000180019458     ucrt:api-ms-win-crt-stdio-l1-1-0.dll
 0002:00000460       __imp__strdup              0000000180019460     ucrt:api-ms-win-crt-string-l1-1-0.dll
 0002:00000460       __imp_strdup               0000000180019460     ucrt:api-ms-win-crt-string-l1-1-0.dll
 0002:00000468       __imp_strncpy              0000000180019468     ucrt:api-ms-win-crt-string-l1-1-0.dll
 0002:00000470       __imp_strncmp              0000000180019470     ucrt:api-ms-win-crt-string-l1-1-0.dll
 0002:00000478       __imp_strcmp               0000000180019478     ucrt:api-ms-win-crt-string-l1-1-0.dll
 0002:00000480       __imp_strtok               0000000180019480     ucrt:api-ms-win-crt-string-l1-1-0.dll
 0002:00000488       \177api-ms-win-crt-string-l1-1-0_NULL_THUNK_DATA 0000000180019488     ucrt:api-ms-win-crt-string-l1-1-0.dll
 0002:00000490       __imp__time64              0000000180019490     ucrt:api-ms-win-crt-time-l1-1-0.dll
 0002:00000498       __imp_strftime             0000000180019498     ucrt:api-ms-win-crt-time-l1-1-0.dll
 0002:000004a0       __imp__localtime64         00000001800194a0     ucrt:api-ms-win-crt-time-l1-1-0.dll
 0002:000004a8       __imp__ftime64             00000001800194a8     ucrt:api-ms-win-crt-time-l1-1-0.dll
 0002:000004b0       __imp__difftime64          00000001800194b0     ucrt:api-ms-win-crt-time-l1-1-0.dll
 0002:000004b8       \177api-ms-win-crt-time-l1-1-0_NULL_THUNK_DATA 00000001800194b8     ucrt:api-ms-win-crt-time-l1-1-0.dll
 0002:000004c0       __imp_rand                 00000001800194c0     ucrt:api-ms-win-crt-utility-l1-1-0.dll
 0002:000004c8       __imp_srand                00000001800194c8     ucrt:api-ms-win-crt-utility-l1-1-0.dll
 0002:000004d0       \177api-ms-win-crt-utility-l1-1-0_NULL_THUNK_DATA 00000001800194d0     ucrt:api-ms-win-crt-utility-l1-1-0.dll
 0002:000004d8       __imp_??6?$basic_ostream@DU?$char_traits@D@std@@@std@@QEAAAEAV01@H@Z 00000001800194d8     node:node.exe
 0002:000004e0       __imp_??0?$basic_ios@DU?$char_traits@D@std@@@std@@IEAA@XZ 00000001800194e0     node:node.exe
 0002:000004e8       __imp_?setstate@?$basic_ios@DU?$char_traits@D@std@@@std@@QEAAXH_N@Z 00000001800194e8     node:node.exe
 0002:000004f0       __imp_?flush@?$basic_ostream@DU?$char_traits@D@std@@@std@@QEAAAEAV12@XZ 00000001800194f0     node:node.exe
 0002:000004f8       __imp_?_Osfx@?$basic_ostream@DU?$char_traits@D@std@@@std@@QEAAXXZ 00000001800194f8     node:node.exe
 0002:00000500       __imp_??1?$basic_ios@DU?$char_traits@D@std@@@std@@UEAA@XZ 0000000180019500     node:node.exe
 0002:00000508       \177node_NULL_THUNK_DATA   0000000180019508     node:node.exe
 0002:00000510       __guard_check_icall_fptr   0000000180019510     MSVCRT:guard_support.obj
 0002:00000518       __guard_dispatch_icall_fptr 0000000180019518     MSVCRT:guard_support.obj
 0002:00000520       __xc_a                     0000000180019520     MSVCRT:initializers.obj
 0002:00000530       __xc_z                     0000000180019530     MSVCRT:initializers.obj
 0002:00000538       __xi_a                     0000000180019538     MSVCRT:initializers.obj
 0002:00000540       __xi_z                     0000000180019540     MSVCRT:initializers.obj
 0002:00000548       __xp_a                     0000000180019548     MSVCRT:initializers.obj
 0002:00000550       __xp_z                     0000000180019550     MSVCRT:initializers.obj
 0002:00000558       __xt_a                     0000000180019558     MSVCRT:initializers.obj
 0002:00000560       __xt_z                     0000000180019560     MSVCRT:initializers.obj
 0002:00000570       _pRawDllMain               0000000180019570     MSVCRT:dll_dllmain.obj
 0002:00000570       _pDefaultRawDllMain        0000000180019570     MSVCRT:dll_dllmain.obj
 0002:00000590       ??_7exception@std@@6B@     0000000180019590     MSVCRT:throw_bad_alloc.obj
 0002:000005a0       ??_C@_0BC@EOODALEL@Unknown?5exception@ 00000001800195a0     MSVCRT:throw_bad_alloc.obj
 0002:000005c0       ??_7bad_alloc@std@@6B@     00000001800195c0     MSVCRT:throw_bad_alloc.obj
 0002:000005d0       ??_C@_0P@GHFPNOJB@bad?5allocation@ 00000001800195d0     MSVCRT:throw_bad_alloc.obj
 0002:000005e8       ??_7bad_array_new_length@std@@6B@ 00000001800195e8     MSVCRT:throw_bad_alloc.obj
 0002:000005f8       ??_C@_0BF@KINCDENJ@bad?5array?5new?5length@ 00000001800195f8     MSVCRT:throw_bad_alloc.obj
 0002:00000618       ??_7type_info@@6B@         0000000180019618     MSVCRT:std_type_info_static.obj
 0002:00000620       ??_C@_0BI@KENAOCFB@Memory?5allocation?5error@ 0000000180019620     Heap.obj
 0002:00000638       ??_C@_0DH@KNKJPGFL@Allocating?5?$CFd?5bytes?5in?5heap?5at?5@ 0000000180019638     Heap.obj
 0002:00000670       ??_C@_0DJ@OLHDIIMM@Invalid?5?$CFs?5eyecatcher?5?$CFd?5in?5hea@ 0000000180019670     Heap.obj
 0002:000006ac       ??_C@_05FAGFPHJG@start@    00000001800196ac     Heap.obj
 0002:000006b4       ??_C@_03JBJLGPFL@end@      00000001800196b4     Heap.obj
 0002:000006b8       ??_C@_0CO@BBIELFAA@Failed?5to?5remove?5heap?5item?5at?5f@ 00000001800196b8     Heap.obj
 0002:000006f0       ??_C@_0EE@JAODKPFG@Freeing?5?$CFd?5bytes?5in?5heap?5at?5fil@ 00000001800196f0     Heap.obj
 0002:00000738       ??_C@_0DC@OGMEBKBE@Failed?5to?5reallocate?5heap?5item?5@ 0000000180019738     Heap.obj
 0002:00000770       ??_C@_0CA@MCDCLCOH@Heap?5scan?5start?0?5total?5?$CFd?5bytes@ 0000000180019770     Heap.obj
 0002:00000790       ??_C@_0CP@NAKPNID@Heap?5element?5size?5?$CFd?0?5line?5?$CFd?0?5@ 0000000180019790     Heap.obj
 0002:000007c0       ??_C@_0P@PGHNAFAD@?5?5Content?5?$CF?$CK?4s@ 00000001800197c0     Heap.obj
 0002:000007d0       ??_C@_0O@ELGEGGHJ@Heap?5scan?5end@ 00000001800197d0     Heap.obj
 0002:000007e0       ??_C@_0BO@KAOBHEPF@Maximum?5heap?5use?5was?5?$CFd?5bytes@ 00000001800197e0     Heap.obj
 0002:00000800       ??_C@_0DI@PBGGLIHP@Some?5memory?5not?5freed?5at?5shutdo@ 0000000180019800     Heap.obj
 0002:000009b8       ?mqttConnVersion@mqttcon@connector@monitoring@ibmras@@3PEBDEB 00000001800199b8     MQTTConnector.obj
 0002:000009c0       new_packets                00000001800199c0     MQTTPacket.obj
 0002:00000a40       ??_C@_0JF@JNPHOA@c?3?2users?2nick_chen?2source?2repos@ 0000000180019a40     LinkedList.obj
 0002:00000ad8       ??_C@_0BE@ELLHEFBM@MQTT_C_CLIENT_TRACE@ 0000000180019ad8     Log.obj
 0002:00000aec       ??_C@_02BFICIOJL@ON@       0000000180019aec     Log.obj
 0002:00000af0       ??_C@_01NOFIACDB@w@        0000000180019af0     Log.obj
 0002:00000af4       ??_C@_04KEODPKPN@?$CFs?40@ 0000000180019af4     Log.obj
 0002:00000b00       ??_C@_0BO@JIGIIEBF@MQTT_C_CLIENT_TRACE_MAX_LINES@ 0000000180019b00     Log.obj
 0002:00000b20       ??_C@_0BK@OBICJKPH@MQTT_C_CLIENT_TRACE_LEVEL@ 0000000180019b20     Log.obj
 0002:00000b40       ??_C@_07DJNJGEDG@MAXIMUM@  0000000180019b40     Log.obj
 0002:00000b48       ??_C@_0O@OLCFMCBG@TRACE_MAXIMUM@ 0000000180019b48     Log.obj
 0002:00000b58       ??_C@_06HMBFJLMK@MEDIUM@   0000000180019b58     Log.obj
 0002:00000b60       ??_C@_0N@INDGEGOM@TRACE_MEDIUM@ 0000000180019b60     Log.obj
 0002:00000b70       ??_C@_07NPLJMLNH@MINIMUM@  0000000180019b70     Log.obj
 0002:00000b78       ??_C@_08CNPDODFC@PROTOCOL@ 0000000180019b78     Log.obj
 0002:00000b88       ??_C@_0P@BGEPDPDM@TRACE_PROTOCOL@ 0000000180019b88     Log.obj
 0002:00000b98       ??_C@_05MBDEGLCK@ERROR@    0000000180019b98     Log.obj
 0002:00000ba0       ??_C@_0M@DGALAPPL@TRACE_ERROR@ 0000000180019ba0     Log.obj
 0002:00000bb0       ??_C@_0DK@LBOBJFDF@?$DN?$DN?$DN?$DN?$DN?$DN?$DN?$DN?$DN?$DN?$DN?$DN?$DN?$DN?$DN?$DN?$DN?$DN?$DN?$DN?$DN?$DN?$DN?$DN?$DN?$DN?$DN?$DN?$DN?$DN?$DN@ 0000000180019bb0     Log.obj
 0002:00000bf0       ??_C@_0CA@HFNLKLFM@?5?5?5?5?5?5?5?5?5?5?5?5?5?5?5?5?5?5?5Trace?5Output@ 0000000180019bf0     Log.obj
 0002:00000c10       ??_C@_06DJHOIPC@?$CFs?3?5?$CFs@ 0000000180019c10     Log.obj
 0002:00000c18       ??_C@_0P@PCELGMPK@?$CFY?$CFm?$CFd?5?$CFH?$CFM?$CFS?5@ 0000000180019c18     Log.obj
 0002:00000c28       ??_C@_07JKPLBCM@?4?$CF?43hu?5@ 0000000180019c28     Log.obj
 0002:00000c30       ??_C@_06MDIAMBHL@?$CI?$CF?44d?$CJ@ 0000000180019c30     Log.obj
 0002:00000c37       ??_C@_00CNPNBAHC@@         0000000180019c37     Log.obj
 0002:00000c38       ??_C@_03OFAPEBGM@?$CFs?6@  0000000180019c38     Log.obj
 0002:00000c3c       ??_C@_02GMLFBBN@wb@        0000000180019c3c     Log.obj
 0002:00000c40       ??_C@_0CH@GOMMCNJB@?$CFd?5?$CFs?5?9?$DO?5CONNECT?5cleansession?3?5@ 0000000180019c40     Messages.obj
 0002:00000c68       ??_C@_0BI@MJFGBEDI@?$CFd?5?$CFs?5?$DM?9?5CONNACK?5rc?3?5?$CFd@ 0000000180019c68     Messages.obj
 0002:00000c80       ??_C@_0BN@FMMEEEPL@?$CFd?5?$CFs?5?9?$DO?5CONNACK?5rc?3?5?$CFd?5?$CI?$CFd?$CJ@ 0000000180019c80     Messages.obj
 0002:00000ca0       ??_C@_0BB@CKIDOJIL@?$CFd?5?$CFs?5?$DM?9?5PINGREQ@ 0000000180019ca0     Messages.obj
 0002:00000cb8       ??_C@_0BH@MPAEGPCG@?$CFd?5?$CFs?5?9?$DO?5PINGRESP?5?$CI?$CFd?$CJ@ 0000000180019cb8     Messages.obj
 0002:00000cd0       ??_C@_0BE@FPDIHMLJ@?$CFd?5?$CFs?5?$DM?9?5DISCONNECT@ 0000000180019cd0     Messages.obj
 0002:00000ce8       ??_C@_0BN@IMOOIDIC@?$CFd?5?$CFs?5?$DM?9?5SUBSCRIBE?5msgid?3?5?$CFd@ 0000000180019ce8     Messages.obj
 0002:00000d08       ??_C@_0BP@OBAMAGMM@?$CFd?5?$CFs?5?9?$DO?5SUBACK?5msgid?3?5?$CFd?5?$CI?$CFd?$CJ@ 0000000180019d08     Messages.obj
 0002:00000d28       ??_C@_0BP@IOPIENOK@?$CFd?5?$CFs?5?$DM?9?5UNSUBSCRIBE?5msgid?3?5?$CFd@ 0000000180019d28     Messages.obj
 0002:00000d48       ??_C@_0CB@ICOAGNCD@?$CFd?5?$CFs?5?9?$DO?5UNSUBACK?5msgid?3?5?$CFd?5?$CI?$CFd@ 0000000180019d48     Messages.obj
 0002:00000d70       ??_C@_0ED@FIFENFKJ@?$CFd?5?$CFs?5?9?$DO?5PUBLISH?5msgid?3?5?$CFd?5qos?3@ 0000000180019d70     Messages.obj
 0002:00000db8       ??_C@_0DO@KBPMBLHI@?$CFd?5?$CFs?5?$DM?9?5PUBLISH?5msgid?3?5?$CFd?5qos?3@ 0000000180019db8     Messages.obj
 0002:00000df8       ??_C@_0BP@NIHEKLIM@?$CFd?5?$CFs?5?9?$DO?5PUBACK?5msgid?3?5?$CFd?5?$CI?$CFd?$CJ@ 0000000180019df8     Messages.obj
 0002:00000e18       ??_C@_0BP@IAAMOFDE@?$CFd?5?$CFs?5?9?$DO?5PUBREC?5msgid?3?5?$CFd?5?$CI?$CFd?$CJ@ 0000000180019e18     Messages.obj
 0002:00000e38       ??_C@_0BK@OKIOOACI@?$CFd?5?$CFs?5?$DM?9?5PUBACK?5msgid?3?5?$CFd@ 0000000180019e38     Messages.obj
 0002:00000e58       ??_C@_0BK@FGLEFALM@?$CFd?5?$CFs?5?$DM?9?5PUBREC?5msgid?3?5?$CFd@ 0000000180019e58     Messages.obj
 0002:00000e78       ??_C@_0BP@EGIONGOB@?$CFd?5?$CFs?5?9?$DO?5PUBREL?5msgid?3?5?$CFd?5?$CI?$CFd?$CJ@ 0000000180019e78     Messages.obj
 0002:00000e98       ??_C@_0BJ@OLOMFOG@?$CFd?5?$CFs?5?$DM?9?5PUBREL?5msgid?5?$CFd@ 0000000180019e98     Messages.obj
 0002:00000eb8       ??_C@_0BP@KCHBFEFF@?$CFd?5?$CFs?5?9?$DO?5PUBCOMP?5msgid?5?$CFd?5?$CI?$CFd?$CJ@ 0000000180019eb8     Messages.obj
 0002:00000ed8       ??_C@_0BK@CDNEOOJN@?$CFd?5?$CFs?5?$DM?9?5PUBCOMP?5msgid?3?$CFd@ 0000000180019ed8     Messages.obj
 0002:00000ef8       ??_C@_0BG@JGGAHOBB@?$CFd?5?$CFs?5?9?$DO?5PINGREQ?5?$CI?$CFd?$CJ@ 0000000180019ef8     Messages.obj
 0002:00000f10       ??_C@_0BC@MDHPFAHL@?$CFd?5?$CFs?5?$DM?9?5PINGRESP@ 0000000180019f10     Messages.obj
 0002:00000f28       ??_C@_0CC@JNODLIHJ@?$CFd?5?$CFs?5?9?$DO?5SUBSCRIBE?5msgid?3?5?$CFd?5?$CI?$CF@ 0000000180019f28     Messages.obj
 0002:00000f50       ??_C@_0BK@LJBELLKM@?$CFd?5?$CFs?5?$DM?9?5SUBACK?5msgid?3?5?$CFd@ 0000000180019f50     Messages.obj
 0002:00000f70       ??_C@_0BM@JDILFHGN@?$CFd?5?$CFs?5?$DM?9?5UNSUBACK?5msgid?3?5?$CFd@ 0000000180019f70     Messages.obj
 0002:00000f90       ??_C@_0CE@BAOIDDLI@?$CFd?5?$CFs?5?9?$DO?5UNSUBSCRIBE?5msgid?3?5?$CFd?5@ 0000000180019f90     Messages.obj
 0002:00000fb8       ??_C@_0BB@CEDGPNJ@?$CFd?5?$CFs?5?$DM?9?5CONNECT@ 0000000180019fb8     Messages.obj
 0002:00000fd0       ??_C@_0CK@NFEGMBCL@?$CFd?5?$CFs?5?9?$DO?5PUBLISH?5qos?3?50?5retaine@ 0000000180019fd0     Messages.obj
 0002:00001000       ??_C@_0BJ@EBIJHIDC@?$CFd?5?$CFs?5?9?$DO?5DISCONNECT?5?$CI?$CFd?$CJ@ 000000018001a000     Messages.obj
 0002:00001020       ??_C@_0FF@NKBNALCN@Socket?5error?5for?5client?5identif@ 000000018001a020     Messages.obj
 0002:00001078       ??_C@_0CN@NGFAALCK@Failed?5to?5remove?5client?5from?5bs@ 000000018001a078     Messages.obj
 0002:000010a8       ??_C@_0DC@LDIDDFBP@Removed?5client?5?$CFs?5from?5bstate?9?$DO@ 000000018001a0a8     Messages.obj
 0002:000010e0       ??_C@_0CJ@ENBDBJAL@Packet_Factory?3?5unhandled?5packe@ 000000018001a0e0     Messages.obj
 0002:00001110       ??_C@_0GM@MBPLDOCP@Packet?5?$CFs?5received?5from?5client?5@ 000000018001a110     Messages.obj
 0002:00001180       ??_C@_0FK@CDGFAFID@Packet?5?$CFs?5received?5from?5client?5@ 000000018001a180     Messages.obj
 0002:000011e0       ??_C@_0FL@PFOEMEGC@Packet?5?$CFs?5received?5from?5client?5@ 000000018001a1e0     Messages.obj
 0002:00001240       ??_C@_0EE@IIOCKACF@?$CFs?5received?5from?5client?5?$CFs?5for?5@ 000000018001a240     Messages.obj
 0002:00001290       ??_C@_0EA@OKELEPJM@Trying?5?$CFs?5again?5for?5client?5?$CFs?0?5@ 000000018001a290     Messages.obj
 0002:000012d0       ??_C@_0BF@GJKFEMDJ@?$CI?$CFlu?$CJ?5?$CF?$CKs?$CI?$CFd?$CJ?$DO?5?$CFs?3?$CFd@ 000000018001a2d0     Messages.obj
 0002:000012e8       ??_C@_0BF@CLIAELEE@?$CI?$CFlu?$CJ?5?$CF?$CKs?$CI?$CFd?$CJ?$DM?5?$CFs?3?$CFd@ 000000018001a2e8     Messages.obj
 0002:00001300       ??_C@_0BK@BMEKAFLE@?$CI?$CFlu?$CJ?5?$CF?$CKs?$CI?$CFd?$CJ?$DM?5?$CFs?3?$CFd?5?$CI?$CFd?$CJ@ 000000018001a300     Messages.obj
 0002:00001320       ??_C@_0BN@OFBAEPAO@Storing?5unsent?5QoS?50?5message@ 000000018001a320     Messages.obj
 0002:00001340       ??_C@_0BL@HHIGNBPO@?$CD?$CDMQTTCLIENT_VERSION_TAG?$CD?$CD@ 000000018001a340     MQTTAsync.obj
 0002:00001360       ??_C@_0BD@FKDKGHKB@DLL?5process?5attach@ 000000018001a360     MQTTAsync.obj
 0002:00001378       ??_C@_0BC@LNBEAGCI@DLL?5thread?5attach@ 000000018001a378     MQTTAsync.obj
 0002:00001390       ??_C@_0BC@CHKGPILB@DLL?5thread?5detach@ 000000018001a390     MQTTAsync.obj
 0002:000013a8       ??_C@_0BD@MAIIJJDI@DLL?5process?5detach@ 000000018001a3a8     MQTTAsync.obj
 0002:000013c0       ??_C@_0BA@JBCLLBJC@MQTTAsync_sleep@ 000000018001a3c0     MQTTAsync.obj
 0002:000013d0       ??_C@_0BH@HLKJFNOF@Error?5?$CFs?5locking?5mutex@ 000000018001a3d0     MQTTAsync.obj
 0002:000013e8       ??_C@_0BJ@PGJIJDAA@Error?5?$CFs?5unlocking?5mutex@ 000000018001a3e8     MQTTAsync.obj
 0002:00001408       ??_C@_0BE@JHAPJBPK@MQTTAsync_checkConn@ 000000018001a408     MQTTAsync.obj
 0002:00001420       ??_C@_0BB@NAHDIGJF@MQTTAsync_create@ 000000018001a420     MQTTAsync.obj
 0002:00001440       ??_C@_0JE@DGMEALLB@c?3?2users?2nick_chen?2source?2repos@ 000000018001a440     MQTTAsync.obj
 0002:000014d4       ??_C@_06LDJNGIPH@tcp?3?1?1@ 000000018001a4d4     MQTTAsync.obj
 0002:000014e0       ??_C@_0BE@ODHAGNLD@MQTTAsync_terminate@ 000000018001a4e0     MQTTAsync.obj
 0002:000014f8       ??_C@_0BL@DDPGNPAJ@MQTTAsync_unpersistCommand@ 000000018001a4f8     MQTTAsync.obj
 0002:00001514       ??_C@_02GKAFAJHL@c?9@      000000018001a514     MQTTAsync.obj
 0002:00001518       ??_C@_04HGGBINEM@?$CFs?$CFd@ 000000018001a518     MQTTAsync.obj
 0002:00001520       ??_C@_0CL@JIPBHDMN@Error?5?$CFd?5removing?5command?5from?5@ 000000018001a520     MQTTAsync.obj
 0002:00001550       ??_C@_0BJ@NKCJLBDP@MQTTAsync_persistCommand@ 000000018001a550     MQTTAsync.obj
 0002:00001570       ??_C@_0CA@NOGANJNC@Error?5persisting?5command?0?5rc?5?$CFd@ 000000018001a570     MQTTAsync.obj
 0002:00001590       ??_C@_0BJ@GHGNMHOL@MQTTAsync_restoreCommand@ 000000018001a590     MQTTAsync.obj
 0002:000015b0       ??_C@_0BK@DDKNHMAC@MQTTAsync_restoreCommands@ 000000018001a5b0     MQTTAsync.obj
 0002:000015d0       ??_C@_0CD@DKKJELIP@?$CFd?5commands?5restored?5for?5client@ 000000018001a5d0     MQTTAsync.obj
 0002:000015f8       ??_C@_0BF@BLHJJGAJ@MQTTAsync_addCommand@ 000000018001a5f8     MQTTAsync.obj
 0002:00001610       ??_C@_0BK@HOMHAKHP@MQTTAsync_checkDisconnect@ 000000018001a610     MQTTAsync.obj
 0002:00001630       ??_C@_0CF@DKJMEBGE@Calling?5connectionLost?5for?5clie@ 000000018001a630     MQTTAsync.obj
 0002:00001658       ??_C@_0CK@PNFFGIAG@Calling?5disconnect?5complete?5for@ 000000018001a658     MQTTAsync.obj
 0002:00001688       ??_C@_0CA@FCNOOOKD@MQTTProtocol_checkPendingWrites@ 000000018001a688     MQTTAsync.obj
 0002:000016a8       ??_C@_0BI@ICMNFKLI@MQTTAsync_writeComplete@ 000000018001a6a8     MQTTAsync.obj
 0002:000016c0       ??_C@_0CG@PFPDAFFO@Calling?5publish?5success?5for?5cli@ 000000018001a6c0     MQTTAsync.obj
 0002:000016e8       ??_C@_0BJ@EIBOPDMF@MQTTAsync_processCommand@ 000000018001a6e8     MQTTAsync.obj
 0002:00001708       ??_C@_0DA@MBLHBBCO@Connecting?5to?5serverURI?5?$CFs?5with@ 000000018001a708     MQTTAsync.obj
 0002:00001738       ??_C@_0BM@CGADKPHA@Connect?5failed?0?5more?5to?5try@ 000000018001a738     MQTTAsync.obj
 0002:00001758       ??_C@_0CG@DPNNFKCH@Calling?5command?5failure?5for?5cli@ 000000018001a758     MQTTAsync.obj
 0002:00001780       ??_C@_0BI@LJHBKIMG@MQTTAsync_checkTimeouts@ 000000018001a780     MQTTAsync.obj
 0002:00001798       ??_C@_0CJ@DOPFENKC@Connect?5failed?5with?5timeout?0?5mo@ 000000018001a798     MQTTAsync.obj
 0002:000017c8       ??_C@_0CG@KJFFNAGC@Calling?5connect?5failure?5for?5cli@ 000000018001a7c8     MQTTAsync.obj
 0002:000017f0       ??_C@_0BF@PIJLNBMO@MQTTAsync_sendThread@ 000000018001a7f0     MQTTAsync.obj
 0002:00001808       ??_C@_0BP@FDIGJDE@Error?5?$CFd?5waiting?5for?5semaphore@ 000000018001a808     MQTTAsync.obj
 0002:00001828       ??_C@_0BM@NEIEFJAN@MQTTAsync_emptyMessageQueue@ 000000018001a828     MQTTAsync.obj
 0002:00001848       ??_C@_0CF@JJGLHCKG@MQTTAsync_removeResponsesAndCom@ 000000018001a848     MQTTAsync.obj
 0002:00001870       ??_C@_0CD@KCJDDDHO@?$CFd?5responses?5removed?5for?5client@ 000000018001a870     MQTTAsync.obj
 0002:00001898       ??_C@_0CC@NNDMPJNJ@?$CFd?5commands?5removed?5for?5client?5@ 000000018001a898     MQTTAsync.obj
 0002:000018c0       ??_C@_0BC@IDIHFONF@MQTTAsync_destroy@ 000000018001a8c0     MQTTAsync.obj
 0002:000018d8       ??_C@_0L@NLHIMGFN@free?5error@ 000000018001a8d8     MQTTAsync.obj
 0002:000018e8       ??_C@_0BG@LMNKALIK@MQTTAsync_freeMessage@ 000000018001a8e8     MQTTAsync.obj
 0002:00001900       ??_C@_0P@HBOEMCM@MQTTAsync_free@ 000000018001a900     MQTTAsync.obj
 0002:00001910       ??_C@_0BN@MLLALKHK@MQTTAsync_completeConnection@ 000000018001a910     MQTTAsync.obj
 0002:00001930       ??_C@_0BI@KLFHAHKI@MQTTAsync_receiveThread@ 000000018001a930     MQTTAsync.obj
 0002:00001948       ??_C@_0DB@LFCPODCD@Could?5not?5find?5client?5correspon@ 000000018001a948     MQTTAsync.obj
 0002:00001980       ??_C@_0DK@BPGOFLMI@Client?5structure?5was?5NULL?5for?5s@ 000000018001a980     MQTTAsync.obj
 0002:000019c0       ??_C@_0DC@LOGMOBAF@Error?5from?5MQTTAsync_cycle?$CI?$CJ?5?9?5@ 000000018001a9c0     MQTTAsync.obj
 0002:00001a00       ??_C@_0EL@IFBHGGFI@False?5returned?5from?5messageArri@ 000000018001aa00     MQTTAsync.obj
 0002:00001a50       ??_C@_0BI@BPHAELOH@Connect?5succeeded?5to?5?$CFs@ 000000018001aa50     MQTTAsync.obj
 0002:00001a68       ??_C@_0CG@BKAPINGF@Calling?5connect?5success?5for?5cli@ 000000018001aa68     MQTTAsync.obj
 0002:00001a90       ??_C@_0BE@EJPGMJJJ@CONNACK?5return?5code@ 000000018001aa90     MQTTAsync.obj
 0002:00001aa8       ??_C@_0DA@LHGCEOKK@Subscribe?5command?5not?5removed?5f@ 000000018001aaa8     MQTTAsync.obj
 0002:00001ad8       ??_C@_0CI@LNEGIPAI@Calling?5subscribe?5failure?5for?5c@ 000000018001aad8     MQTTAsync.obj
 0002:00001b00       ??_C@_0CI@OBMNCAP@Calling?5subscribe?5success?5for?5c@ 000000018001ab00     MQTTAsync.obj
 0002:00001b28       ??_C@_0DC@DPNLEKAA@Unsubscribe?5command?5not?5removed@ 000000018001ab28     MQTTAsync.obj
 0002:00001b60       ??_C@_0CK@KOLOBAIF@Calling?5unsubscribe?5success?5for@ 000000018001ab60     MQTTAsync.obj
 0002:00001b90       ??_C@_0P@LAFHGIMA@MQTTAsync_stop@ 000000018001ab90     MQTTAsync.obj
 0002:00001ba0       ??_C@_0BB@LILMJAPF@Conn_count?5is?5?$CFd@ 000000018001aba0     MQTTAsync.obj
 0002:00001bb8       ??_C@_08BCCBPBC@sleeping@  000000018001abb8     MQTTAsync.obj
 0002:00001bc8       ??_C@_0BH@FCDKAOPO@MQTTAsync_setCallbacks@ 000000018001abc8     MQTTAsync.obj
 0002:00001be0       ??_C@_0BE@HNLMPLBM@MQTTAsync_closeOnly@ 000000018001abe0     MQTTAsync.obj
 0002:00001bf8       ??_C@_0BH@EPFLDHHE@MQTTAsync_closeSession@ 000000018001abf8     MQTTAsync.obj
 0002:00001c10       ??_C@_0BH@MPKKAPI@MQTTAsync_cleanSession@ 000000018001ac10     MQTTAsync.obj
 0002:00001c28       ??_C@_0DM@OBPPFGFG@cleanSession?3?5did?5not?5find?5clie@ 000000018001ac28     MQTTAsync.obj
 0002:00001c68       ??_C@_0DF@ICHCBCDM@Calling?5messageArrived?5for?5clie@ 000000018001ac68     MQTTAsync.obj
 0002:00001ca0       ??_C@_0BM@LKFNKKHN@Protocol_processPublication@ 000000018001aca0     MQTTAsync.obj
 0002:00001cc0       ??_C@_0EC@CDODBLAN@processPublication?3?5did?5not?5fin@ 000000018001acc0     MQTTAsync.obj
 0002:00001d08       ??_C@_0BC@MJFAHOOL@MQTTAsync_connect@ 000000018001ad08     MQTTAsync.obj
 0002:00001d1c       ??_C@_04FKOOGGHH@MQTC@     000000018001ad1c     MQTTAsync.obj
 0002:00001d24       ??_C@_04HEEALBCC@MQTW@     000000018001ad24     MQTTAsync.obj
 0002:00001d2c       ??_C@_04BACMHECG@MQTS@     000000018001ad2c     MQTTAsync.obj
 0002:00001d38       ??_C@_0BG@HJOFBPL@MQTTAsync_disconnect1@ 000000018001ad38     MQTTAsync.obj
 0002:00001d50       ??_C@_0BG@GFGELHPL@MQTTAsync_isConnected@ 000000018001ad50     MQTTAsync.obj
 0002:00001d68       ??_C@_0BG@JPCKHGLA@MQTTAsync_assignMsgId@ 000000018001ad68     MQTTAsync.obj
 0002:00001d80       ??_C@_0BI@GNNGMGPO@MQTTAsync_subscribeMany@ 000000018001ad80     MQTTAsync.obj
[...]
 0004:00001188       $pdata$??_G?$basic_stringstream@DU?$char_traits@D@std@@V?$allocator@D@2@@std@@UEAAPEAXI@Z 00000001800a2188     MQTTConnector.obj
 0004:00001194       $pdata$??_G?$basic_stringbuf@DU?$char_traits@D@std@@V?$allocator@D@2@@std@@UEAAPEAXI@Z 00000001800a2194     MQTTConnector.obj
 0004:000011a0       $pdata$?_Tidy@?$vector@PEAVLogger@common@ibmras@@V?$allocator@PEAVLogger@common@ibmras@@@std@@@std@@AEAAXXZ 00000001800a21a0     MQTTConnector.obj
 0004:000011ac       $pdata$?_Buy@?$vector@PEAVLogger@common@ibmras@@V?$allocator@PEAVLogger@common@ibmras@@@std@@@std@@AEAA_N_K@Z 00000001800a21ac     MQTTConnector.obj
 0004:000011b8       $pdata$0$?_Buy@?$vector@PEAVLogger@common@ibmras@@V?$allocator@PEAVLogger@common@ibmras@@@std@@@std@@AEAA_N_K@Z 00000001800a21b8     MQTTConnector.obj
 0004:000011c4       $pdata$1$?_Buy@?$vector@PEAVLogger@common@ibmras@@V?$allocator@PEAVLogger@common@ibmras@@@std@@@std@@AEAA_N_K@Z 00000001800a21c4     MQTTConnector.obj
 0004:000011d0       $pdata$??1sentry@?$basic_ostream@DU?$char_traits@D@std@@@std@@QEAA@XZ 00000001800a21d0     MQTTConnector.obj
 0004:000011dc       $pdata$?assign@?$basic_string@DU?$char_traits@D@std@@V?$allocator@D@2@@std@@QEAAAEAV12@QEBD_K@Z 00000001800a21dc     MQTTConnector.obj
 0004:000011e8       $pdata$0$?assign@?$basic_string@DU?$char_traits@D@std@@V?$allocator@D@2@@std@@QEAAAEAV12@QEBD_K@Z 00000001800a21e8     MQTTConnector.obj
 0004:000011f4       $pdata$1$?assign@?$basic_string@DU?$char_traits@D@std@@V?$allocator@D@2@@std@@QEAAAEAV12@QEBD_K@Z 00000001800a21f4     MQTTConnector.obj
 0004:00001200       $pdata$2$?assign@?$basic_string@DU?$char_traits@D@std@@V?$allocator@D@2@@std@@QEAAAEAV12@QEBD_K@Z 00000001800a2200     MQTTConnector.obj
 0004:0000120c       $pdata$3$?assign@?$basic_string@DU?$char_traits@D@std@@V?$allocator@D@2@@std@@QEAAAEAV12@QEBD_K@Z 00000001800a220c     MQTTConnector.obj
 0004:00001218       $pdata$?append@?$basic_string@DU?$char_traits@D@std@@V?$allocator@D@2@@std@@QEAAAEAV12@QEBD_K@Z 00000001800a2218     MQTTConnector.obj
 0004:00001224       $pdata$0$?append@?$basic_string@DU?$char_traits@D@std@@V?$allocator@D@2@@std@@QEAAAEAV12@QEBD_K@Z 00000001800a2224     MQTTConnector.obj
 0004:00001230       $pdata$1$?append@?$basic_string@DU?$char_traits@D@std@@V?$allocator@D@2@@std@@QEAAAEAV12@QEBD_K@Z 00000001800a2230     MQTTConnector.obj
 0004:0000123c       $pdata$?erase@?$_Tree@V?$_Tmap_traits@V?$basic_string@DU?$char_traits@D@std@@V?$allocator@D@2@@std@@V12@U?$less@V?$basic_string@DU?$char_traits@D@std@@V?$allocator@D@2@@std@@@2@V?$allocator@U?$pair@$$CBV?$basic_string@DU?$char_traits@D@std@@V?$allocator@D@2@@std@@V12@@std@@@2@$0A@@std@@@std@@QEAA?AV?$_Tree_iterator@V?$_Tree_val@U?$_Tree_simple_types@U?$pair@$$CBV?$basic_string@DU?$char_traits@D@std@@V?$allocator@D@2@@std@@V12@@std@@@std@@@std@@@2@V?$_Tree_const_iterator@V?$_Tree_val@U?$_Tree_simple_types@U?$pair@$$CBV?$basic_string@DU?$char_traits@D@std@@V?$allocator@D@2@@std@@V12@@std@@@std@@@std@@@2@0@Z 00000001800a223c     MQTTConnector.obj
 0004:00001248       $pdata$?_Xlength@?$vector@PEAVLogger@common@ibmras@@V?$allocator@PEAVLogger@common@ibmras@@@std@@@std@@CAXXZ 00000001800a2248     MQTTConnector.obj
 0004:00001254       $pdata$??1_Sentry_base@?$basic_ostream@DU?$char_traits@D@std@@@std@@QEAA@XZ 00000001800a2254     MQTTConnector.obj
 0004:00001260       $pdata$?_Erase@?$_Tree@V?$_Tmap_traits@V?$basic_string@DU?$char_traits@D@std@@V?$allocator@D@2@@std@@V12@U?$less@V?$basic_string@DU?$char_traits@D@std@@V?$allocator@D@2@@std@@@2@V?$allocator@U?$pair@$$CBV?$basic_string@DU?$char_traits@D@std@@V?$allocator@D@2@@std@@V12@@std@@@2@$0A@@std@@@std@@IEAAXPEAU?$_Tree_node@U?$pair@$$CBV?$basic_string@DU?$char_traits@D@std@@V?$allocator@D@2@@std@@V12@@std@@PEAX@2@@Z 00000001800a2260     MQTTConnector.obj
 0004:0000126c       $pdata$0$?_Erase@?$_Tree@V?$_Tmap_traits@V?$basic_string@DU?$char_traits@D@std@@V?$allocator@D@2@@std@@V12@U?$less@V?$basic_string@DU?$char_traits@D@std@@V?$allocator@D@2@@std@@@2@V?$allocator@U?$pair@$$CBV?$basic_string@DU?$char_traits@D@std@@V?$allocator@D@2@@std@@V12@@std@@@2@$0A@@std@@@std@@IEAAXPEAU?$_Tree_node@U?$pair@$$CBV?$basic_string@DU?$char_traits@D@std@@V?$allocator@D@2@@std@@V12@@std@@PEAX@2@@Z 00000001800a226c     MQTTConnector.obj
 0004:00001278       $pdata$1$?_Erase@?$_Tree@V?$_Tmap_traits@V?$basic_string@DU?$char_traits@D@std@@V?$allocator@D@2@@std@@V12@U?$less@V?$basic_string@DU?$char_traits@D@std@@V?$allocator@D@2@@std@@@2@V?$allocator@U?$pair@$$CBV?$basic_string@DU?$char_traits@D@std@@V?$allocator@D@2@@std@@V12@@std@@@2@$0A@@std@@@std@@IEAAXPEAU?$_Tree_node@U?$pair@$$CBV?$basic_string@DU?$char_traits@D@std@@V?$allocator@D@2@@std@@V12@@std@@PEAX@2@@Z 00000001800a2278     MQTTConnector.obj
 0004:00001284       $pdata$2$?_Erase@?$_Tree@V?$_Tmap_traits@V?$basic_string@DU?$char_traits@D@std@@V?$allocator@D@2@@std@@V12@U?$less@V?$basic_string@DU?$char_traits@D@std@@V?$allocator@D@2@@std@@@2@V?$allocator@U?$pair@$$CBV?$basic_string@DU?$char_traits@D@std@@V?$allocator@D@2@@std@@V12@@std@@@2@$0A@@std@@@std@@IEAAXPEAU?$_Tree_node@U?$pair@$$CBV?$basic_string@DU?$char_traits@D@std@@V?$allocator@D@2@@std@@V12@@std@@PEAX@2@@Z 00000001800a2284     MQTTConnector.obj
 0004:00001290       $pdata$?_Extract@?$_Tree_val@U?$_Tree_simple_types@U?$pair@$$CBV?$basic_string@DU?$char_traits@D@std@@V?$allocator@D@2@@std@@V12@@std@@@std@@@std@@QEAAPEAU?$_Tree_node@U?$pair@$$CBV?$basic_string@DU?$char_traits@D@std@@V?$allocator@D@2@@std@@V12@@std@@PEAX@2@V?$_Tree_const_iterator@V?$_Tree_val@U?$_Tree_simple_types@U?$pair@$$CBV?$basic_string@DU?$char_traits@D@std@@V?$allocator@D@2@@std@@V12@@std@@@std@@@std@@@2@@Z 00000001800a2290     MQTTConnector.obj
 0004:0000129c       $pdata$?_Xran@?$_String_val@U?$_Simple_types@D@std@@@std@@SAXXZ 00000001800a229c     MQTTConnector.obj
 0004:000012a8       $pdata$??$?6U?$char_traits@D@std@@@std@@YAAEAV?$basic_ostream@DU?$char_traits@D@std@@@0@AEAV10@PEBD@Z 00000001800a22a8     MQTTConnector.obj
 0004:000012b4       $pdata$??$_Copy@U_Copy_tag@?$_Tree@V?$_Tmap_traits@V?$basic_string@DU?$char_traits@D@std@@V?$allocator@D@2@@std@@V12@U?$less@V?$basic_string@DU?$char_traits@D@std@@V?$allocator@D@2@@std@@@2@V?$allocator@U?$pair@$$CBV?$basic_string@DU?$char_traits@D@std@@V?$allocator@D@2@@std@@V12@@std@@@2@$0A@@std@@@std@@@?$_Tree@V?$_Tmap_traits@V?$basic_string@DU?$char_traits@D@std@@V?$allocator@D@2@@std@@V12@U?$less@V?$basic_string@DU?$char_traits@D@std@@V?$allocator@D@2@@std@@@2@V?$allocator@U?$pair@$$CBV?$basic_string@DU?$char_traits@D@std@@V?$allocator@D@2@@std@@V12@@std@@@2@$0A@@std@@@std@@IEAAXAEBV01@U_Copy_tag@01@@Z 00000001800a22b4     MQTTConnector.obj
 0004:000012c0       $pdata$??$_Reallocate_grow_by@V<lambda_319d5e083f45f90dcdce5dce53cbb275>@@D@?$basic_string@DU?$char_traits@D@std@@V?$allocator@D@2@@std@@QEAAAEAV01@_KV<lambda_319d5e083f45f90dcdce5dce53cbb275>@@D@Z 00000001800a22c0     MQTTConnector.obj
 0004:000012cc       $pdata$2$??$_Reallocate_grow_by@V<lambda_319d5e083f45f90dcdce5dce53cbb275>@@D@?$basic_string@DU?$char_traits@D@std@@V?$allocator@D@2@@std@@QEAAAEAV01@_KV<lambda_319d5e083f45f90dcdce5dce53cbb275>@@D@Z 00000001800a22cc     MQTTConnector.obj
 0004:000012d8       $pdata$3$??$_Reallocate_grow_by@V<lambda_319d5e083f45f90dcdce5dce53cbb275>@@D@?$basic_string@DU?$char_traits@D@std@@V?$allocator@D@2@@std@@QEAAAEAV01@_KV<lambda_319d5e083f45f90dcdce5dce53cbb275>@@D@Z 00000001800a22d8     MQTTConnector.obj
 0004:000012e4       $pdata$??$_Reallocate_grow_by@V<lambda_65e615be2a453ca0576c979606f46740>@@PEBD_K@?$basic_string@DU?$char_traits@D@std@@V?$allocator@D@2@@std@@QEAAAEAV01@_KV<lambda_65e615be2a453ca0576c979606f46740>@@PEBD_K@Z 00000001800a22e4     MQTTConnector.obj
 0004:000012f0       $pdata$3$??$_Reallocate_grow_by@V<lambda_65e615be2a453ca0576c979606f46740>@@PEBD_K@?$basic_string@DU?$char_traits@D@std@@V?$allocator@D@2@@std@@QEAAAEAV01@_KV<lambda_65e615be2a453ca0576c979606f46740>@@PEBD_K@Z 00000001800a22f0     MQTTConnector.obj
 0004:000012fc       $pdata$4$??$_Reallocate_grow_by@V<lambda_65e615be2a453ca0576c979606f46740>@@PEBD_K@?$basic_string@DU?$char_traits@D@std@@V?$allocator@D@2@@std@@QEAAAEAV01@_KV<lambda_65e615be2a453ca0576c979606f46740>@@PEBD_K@Z 00000001800a22fc     MQTTConnector.obj
 0004:00001308       $pdata$?_Xlen@?$basic_string@DU?$char_traits@D@std@@V?$allocator@D@2@@std@@SAXXZ 00000001800a2308     MQTTConnector.obj
 0004:00001314       $pdata$?reserve@?$basic_string@DU?$char_traits@D@std@@V?$allocator@D@2@@std@@QEAAX_K@Z 00000001800a2314     MQTTConnector.obj
 0004:00001320       $pdata$0$?reserve@?$basic_string@DU?$char_traits@D@std@@V?$allocator@D@2@@std@@QEAAX_K@Z 00000001800a2320     MQTTConnector.obj
 0004:0000132c       $pdata$2$?reserve@?$basic_string@DU?$char_traits@D@std@@V?$allocator@D@2@@std@@QEAAX_K@Z 00000001800a232c     MQTTConnector.obj
 0004:00001338       $pdata$3$?reserve@?$basic_string@DU?$char_traits@D@std@@V?$allocator@D@2@@std@@QEAAX_K@Z 00000001800a2338     MQTTConnector.obj
 0004:00001344       $pdata$4$?reserve@?$basic_string@DU?$char_traits@D@std@@V?$allocator@D@2@@std@@QEAAX_K@Z 00000001800a2344     MQTTConnector.obj
 0004:00001350       $pdata$5$?reserve@?$basic_string@DU?$char_traits@D@std@@V?$allocator@D@2@@std@@QEAAX_K@Z 00000001800a2350     MQTTConnector.obj
 0004:0000135c       $pdata$??$_Insert_string@DU?$char_traits@D@std@@_K@std@@YAAEAV?$basic_ostream@DU?$char_traits@D@std@@@0@AEAV10@QEBD_K@Z 00000001800a235c     MQTTConnector.obj
 0004:00001368       $pdata$??$_Copy_nodes@U_Copy_tag@?$_Tree@V?$_Tmap_traits@V?$basic_string@DU?$char_traits@D@std@@V?$allocator@D@2@@std@@V12@U?$less@V?$basic_string@DU?$char_traits@D@std@@V?$allocator@D@2@@std@@@2@V?$allocator@U?$pair@$$CBV?$basic_string@DU?$char_traits@D@std@@V?$allocator@D@2@@std@@V12@@std@@@2@$0A@@std@@@std@@@?$_Tree@V?$_Tmap_traits@V?$basic_string@DU?$char_traits@D@std@@V?$allocator@D@2@@std@@V12@U?$less@V?$basic_string@DU?$char_traits@D@std@@V?$allocator@D@2@@std@@@2@V?$allocator@U?$pair@$$CBV?$basic_string@DU?$char_traits@D@std@@V?$allocator@D@2@@std@@V12@@std@@@2@$0A@@std@@@std@@IEAAPEAU?$_Tree_node@U?$pair@$$CBV?$basic_string@DU?$char_traits@D@std@@V?$allocator@D@2@@std@@V12@@std@@PEAX@1@PEAU21@0U_Copy_tag@01@@Z 00000001800a2368     MQTTConnector.obj
 0004:00001380       $pdata$??2@YAPEAX_K@Z      00000001800a2380     MSVCRT:new_scalar.obj
 0004:0000138c       $pdata$??_M@YAXPEAX_K1P6AX0@Z@Z 00000001800a238c     MSVCRT:ehvecdtr.obj
 0004:00001398       $pdata$?__ArrayUnwind@@YAXPEAX_K1P6AX0@Z@Z 00000001800a2398     MSVCRT:ehvecdtr.obj
 0004:000013a4       $pdata$?dllmain_crt_dispatch@@YAHQEAUHINSTANCE__@@KQEAX@Z 00000001800a23a4     MSVCRT:dll_dllmain.obj
 0004:000013b0       $pdata$?dllmain_crt_process_attach@@YAHQEAUHINSTANCE__@@QEAX@Z 00000001800a23b0     MSVCRT:dll_dllmain.obj
 0004:000013bc       $pdata$?dllmain_crt_process_detach@@YAH_N@Z 00000001800a23bc     MSVCRT:dll_dllmain.obj
 0004:000013c8       $pdata$?dllmain_dispatch@@YAHQEAUHINSTANCE__@@KQEAX@Z 00000001800a23c8     MSVCRT:dll_dllmain.obj
 0004:000013d4       $pdata$_DllMainCRTStartup  00000001800a23d4     MSVCRT:dll_dllmain.obj
 0004:000013e0       $pdata$__raise_securityfailure 00000001800a23e0     MSVCRT:gs_report.obj
 0004:000013ec       $pdata$__report_gsfailure  00000001800a23ec     MSVCRT:gs_report.obj
 0004:000013f8       $pdata$capture_previous_context 00000001800a23f8     MSVCRT:gs_report.obj
 0004:00001404       $pdata$??0bad_alloc@std@@QEAA@AEBV01@@Z 00000001800a2404     MSVCRT:throw_bad_alloc.obj
 0004:00001410       $pdata$??0bad_array_new_length@std@@QEAA@AEBV01@@Z 00000001800a2410     MSVCRT:throw_bad_alloc.obj
 0004:0000141c       $pdata$??0exception@std@@QEAA@AEBV01@@Z 00000001800a241c     MSVCRT:throw_bad_alloc.obj
 0004:00001428       $pdata$??_Gbad_alloc@std@@UEAAPEAXI@Z 00000001800a2428     MSVCRT:throw_bad_alloc.obj
 0004:00001428       $pdata$??_Gexception@std@@UEAAPEAXI@Z 00000001800a2428     MSVCRT:throw_bad_alloc.obj
 0004:00001428       $pdata$??_Gbad_array_new_length@std@@UEAAPEAXI@Z 00000001800a2428     MSVCRT:throw_bad_alloc.obj
 0004:00001434       $pdata$?__scrt_throw_std_bad_alloc@@YAXXZ 00000001800a2434     MSVCRT:throw_bad_alloc.obj
 0004:00001440       $pdata$?__scrt_throw_std_bad_array_new_length@@YAXXZ 00000001800a2440     MSVCRT:throw_bad_alloc.obj
 0004:0000144c       $pdata$__security_init_cookie 00000001800a244c     MSVCRT:gs_support.obj
 0004:00001458       $pdata$__scrt_initialize_default_local_stdio_options 00000001800a2458     MSVCRT:default_local_stdio_options.obj
 0004:00001464       $pdata$__scrt_acquire_startup_lock 00000001800a2464     MSVCRT:utility.obj
 0004:00001470       $pdata$__scrt_dllmain_after_initialize_c 00000001800a2470     MSVCRT:utility.obj
 0004:0000147c       $pdata$__scrt_dllmain_before_initialize_c 00000001800a247c     MSVCRT:utility.obj
 0004:00001488       $pdata$__scrt_dllmain_crt_thread_attach 00000001800a2488     MSVCRT:utility.obj
 0004:00001494       $pdata$__scrt_dllmain_crt_thread_detach 00000001800a2494     MSVCRT:utility.obj
 0004:000014a0       $pdata$__scrt_dllmain_exception_filter 00000001800a24a0     MSVCRT:utility.obj
 0004:000014ac       $pdata$__scrt_dllmain_uninitialize_c 00000001800a24ac     MSVCRT:utility.obj
 0004:000014b8       $pdata$__scrt_dllmain_uninitialize_critical 00000001800a24b8     MSVCRT:utility.obj
 0004:000014c4       $pdata$__scrt_initialize_crt 00000001800a24c4     MSVCRT:utility.obj
 0004:000014d0       $pdata$__scrt_initialize_onexit_tables 00000001800a24d0     MSVCRT:utility.obj
 0004:000014dc       $pdata$__scrt_is_nonwritable_in_current_image 00000001800a24dc     MSVCRT:utility.obj
 0004:000014e8       $pdata$__scrt_release_startup_lock 00000001800a24e8     MSVCRT:utility.obj
 0004:000014f4       $pdata$__scrt_uninitialize_crt 00000001800a24f4     MSVCRT:utility.obj
 0004:00001500       $pdata$__scrt_fastfail     00000001800a2500     MSVCRT:utility_desktop.obj
 0004:0000150c       $pdata$_RTC_Initialize     00000001800a250c     MSVCRT:initsect.obj
 0004:00001518       $pdata$_RTC_Terminate      00000001800a2518     MSVCRT:initsect.obj
 0004:00001524       $pdata$??_Gtype_info@@UEAAPEAXI@Z 00000001800a2524     MSVCRT:std_type_info_static.obj
 0004:00001530       $pdata$__isa_available_init 00000001800a2530     MSVCRT:cpu_disp.obj
 0004:0000153c       $pdata$__GSHandlerCheck    00000001800a253c     MSVCRT:gshandler.obj
 0004:00001548       $pdata$__GSHandlerCheckCommon 00000001800a2548     MSVCRT:gshandler.obj
 0004:00001554       $pdata$__GSHandlerCheck_EH 00000001800a2554     MSVCRT:gshandlereh.obj
 0004:0000156c       $pdata$?dtor$31@?0???0MQTTConnector@mqttcon@connector@monitoring@ibmras@@QEAA@AEBV?$basic_string@DU?$char_traits@D@std@@V?$allocator@D@2@@std@@00000@Z@4HA 00000001800a256c     MQTTConnector.obj
 0004:00001578       $pdata$?dtor$34@?0???0MQTTConnector@mqttcon@connector@monitoring@ibmras@@QEAA@AEBV?$basic_string@DU?$char_traits@D@std@@V?$allocator@D@2@@std@@00000@Z@4HA 00000001800a2578     MQTTConnector.obj
 0004:00001584       $pdata$?dtor$41@?0???0MQTTConnector@mqttcon@connector@monitoring@ibmras@@QEAA@AEBV?$basic_string@DU?$char_traits@D@std@@V?$allocator@D@2@@std@@00000@Z@4HA 00000001800a2584     MQTTConnector.obj
 0004:00001590       $pdata$?dtor$65@?0???0MQTTConnector@mqttcon@connector@monitoring@ibmras@@QEAA@AEBV?$basic_string@DU?$char_traits@D@std@@V?$allocator@D@2@@std@@00000@Z@4HA 00000001800a2590     MQTTConnector.obj
 0004:0000159c       $pdata$?dtor$72@?0???0MQTTConnector@mqttcon@connector@monitoring@ibmras@@QEAA@AEBV?$basic_string@DU?$char_traits@D@std@@V?$allocator@D@2@@std@@00000@Z@4HA 00000001800a259c     MQTTConnector.obj
 0004:000015a8       $pdata$?dtor$78@?0???0MQTTConnector@mqttcon@connector@monitoring@ibmras@@QEAA@AEBV?$basic_string@DU?$char_traits@D@std@@V?$allocator@D@2@@std@@00000@Z@4HA 00000001800a25a8     MQTTConnector.obj
 0004:000015b4       $pdata$?dtor$0@?0???0?$basic_stringstream@DU?$char_traits@D@std@@V?$allocator@D@2@@std@@QEAA@H@Z@4HA 00000001800a25b4     MQTTConnector.obj
 0004:000015c0       $pdata$?fin$0@?0???_M@YAXPEAX_K1P6AX0@Z@Z@4HA 00000001800a25c0     MSVCRT:ehvecdtr.obj
 0004:000015cc       $pdata$?filt$0@?0??__ArrayUnwind@@YAXPEAX_K1P6AX0@Z@Z@4HA 00000001800a25cc     MSVCRT:ehvecdtr.obj
 0004:000015d8       $pdata$?fin$0@?0??dllmain_crt_process_attach@@YAHQEAUHINSTANCE__@@QEAX@Z@4HA 00000001800a25d8     MSVCRT:dll_dllmain.obj
 0004:000015e4       $pdata$?fin$0@?0??dllmain_crt_process_detach@@YAH_N@Z@4HA 00000001800a25e4     MSVCRT:dll_dllmain.obj
 0004:000015f0       $pdata$?filt$0@?0??dllmain_dispatch@@YAHQEAUHINSTANCE__@@KQEAX@Z@4HA 00000001800a25f0     MSVCRT:dll_dllmain.obj
 0004:000015fc       $pdata$__scrt_is_nonwritable_in_current_image$filt$0 00000001800a25fc     MSVCRT:utility.obj
 0005:00000060       $R000000                   00000001800a3060     * linker generated manifest res *

 Exports

  ordinal    name

        1    ??0LogManager@common@ibmras@@QEAA@$$QEAV012@@Z (public: __cdecl ibmras::common::LogManager::LogManager(class ibmras::common::LogManager &&))
        2    ??0LogManager@common@ibmras@@QEAA@AEBV012@@Z (public: __cdecl ibmras::common::LogManager::LogManager(class ibmras::common::LogManager const &))
        3    ??0Logger@common@ibmras@@QEAA@AEBV012@@Z (public: __cdecl ibmras::common::Logger::Logger(class ibmras::common::Logger const &))
        4    ??0Properties@common@ibmras@@QEAA@AEBV012@@Z (public: __cdecl ibmras::common::Properties::Properties(class ibmras::common::Properties const &))
        5    ??0Properties@common@ibmras@@QEAA@XZ (public: __cdecl ibmras::common::Properties::Properties(void))
        6    ??1LogManager@common@ibmras@@QEAA@XZ (public: __cdecl ibmras::common::LogManager::~LogManager(void))
        7    ??1Properties@common@ibmras@@UEAA@XZ (public: virtual __cdecl ibmras::common::Properties::~Properties(void))
        8    ??4Lock@port@common@ibmras@@QEAAAEAV0123@AEBV0123@@Z (public: class ibmras::common::port::Lock & __cdecl ibmras::common::port::Lock::operator=(class ibmras::common::port::Lock const &))
        9    ??4LogManager@common@ibmras@@QEAAAEAV012@$$QEAV012@@Z (public: class ibmras::common::LogManager & __cdecl ibmras::common::LogManager::operator=(class ibmras::common::LogManager &&))
       10    ??4LogManager@common@ibmras@@QEAAAEAV012@AEBV012@@Z (public: class ibmras::common::LogManager & __cdecl ibmras::common::LogManager::operator=(class ibmras::common::LogManager const &))
       11    ??4Logger@common@ibmras@@QEAAAEAV012@AEBV012@@Z (public: class ibmras::common::Logger & __cdecl ibmras::common::Logger::operator=(class ibmras::common::Logger const &))
       12    ??4Properties@common@ibmras@@QEAAAEAV012@AEBV012@@Z (public: class ibmras::common::Properties & __cdecl ibmras::common::Properties::operator=(class ibmras::common::Properties const &))
       13    ??_7Logger@common@ibmras@@6B@ (const ibmras::common::Logger::`vftable')
       14    ??_7Properties@common@ibmras@@6B@ (const ibmras::common::Properties::`vftable')
       15    Heap_set_allocator
       16    MQTTAsync_connect
       17    MQTTAsync_create
       18    MQTTAsync_destroy
       19    MQTTAsync_disconnect
       20    MQTTAsync_free
       21    MQTTAsync_freeMessage
       22    MQTTAsync_getPendingTokens
       23    MQTTAsync_getVersionInfo
       24    MQTTAsync_isComplete
       25    MQTTAsync_isConnected
       26    MQTTAsync_send
       27    MQTTAsync_sendMessage
       28    MQTTAsync_setCallbacks
       29    MQTTAsync_setTraceCallback
       30    MQTTAsync_setTraceLevel
       31    MQTTAsync_subscribe
       32    MQTTAsync_subscribeMany
       33    MQTTAsync_unsubscribe
       34    MQTTAsync_unsubscribeMany
       35    MQTTAsync_waitForCompletion
       36    ibmras_monitoring_getConnector
       37    ibmras_monitoring_getVersion
       38    ibmras_monitoring_plugin_init
       39    ibmras_monitoring_plugin_start
       40    ibmras_monitoring_plugin_stop
