 nodeenvplugin

 Timestamp is 5dd73956 (Fri Nov 22 09:26:46 2019)

 Preferred load address is 0000000180000000

 Start         Length     Name                   Class
 0001:00000000 000000f0H .text$di                CODE
 0001:000000f0 00004360H .text$mn                CODE
 0001:00004450 00000020H .text$mn$00             CODE
 0001:00004470 00000340H .text$x                 CODE
 0001:000047b0 00000224H .text$yd                CODE
 0002:00000000 00000318H .idata$5                DATA
 0002:00000318 00000010H .00cfg                  DATA
 0002:00000328 00000008H .CRT$XCA                DATA
 0002:00000330 00000028H .CRT$XCU                DATA
 0002:00000358 00000008H .CRT$XCZ                DATA
 0002:00000360 00000008H .CRT$XIA                DATA
 0002:00000368 00000008H .CRT$XIZ                DATA
 0002:00000370 00000008H .CRT$XPA                DATA
 0002:00000378 00000008H .CRT$XPZ                DATA
 0002:00000380 00000008H .CRT$XTA                DATA
 0002:00000388 00000008H .CRT$XTZ                DATA
 0002:00000390 00000000H .gfids$y                DATA
 0002:00000390 00000900H .rdata                  DATA
 0002:00000c90 000001f4H .rdata$r                DATA
 0002:00000e84 00000364H .rdata$zzzdbg           DATA
 0002:000011e8 00000008H .rtc$IAA                DATA
 0002:000011f0 00000008H .rtc$IZZ                DATA
 0002:000011f8 00000008H .rtc$TAA                DATA
 0002:00001200 00000010H .rtc$TZZ                DATA
 0002:00001210 00000910H .xdata                  DATA
 0002:00001b20 000000f0H .xdata$x                DATA
 0002:00001c10 0000020cH .edata                  DATA
 0002:00001e1c 0000008cH .idata$2                DATA
 0002:00001ea8 00000018H .idata$3                DATA
 0002:00001ec0 00000318H .idata$4                DATA
 0002:000021d8 00000ef2H .idata$6                DATA
 0003:00000000 00000038H .data                   DATA
 0003:00000038 000000a8H .data$r                 DATA
 0003:000000e0 000006e0H .bss                    DATA
 0004:00000000 000004e0H .pdata                  DATA
 0005:00000000 00000060H .rsrc$01                DATA
 0005:00000060 00000180H .rsrc$02                DATA

  Address         Publics by Value              Rva+Base               Lib:Object

 0000:00000000       __guard_longjmp_count      0000000000000000     <absolute>
 0000:00000000       __guard_iat_table          0000000000000000     <absolute>
 0000:00000000       __dynamic_value_reloc_table 0000000000000000     <absolute>
 0000:00000000       __guard_fids_count         0000000000000000     <absolute>
 0000:00000000       __hybrid_code_map_count    0000000000000000     <absolute>
 0000:00000000       __hybrid_code_map          0000000000000000     <absolute>
 0000:00000000       __guard_iat_count          0000000000000000     <absolute>
 0000:00000000       __guard_longjmp_table      0000000000000000     <absolute>
 0000:00000000       __volatile_metadata        0000000000000000     <absolute>
 0000:00000000       __hybrid_auxiliary_iat     0000000000000000     <absolute>
 0000:00000000       __enclave_config           0000000000000000     <absolute>
 0000:00000000       ___safe_se_handler_count   0000000000000000     <absolute>
 0000:00000000       ___safe_se_handler_table   0000000000000000     <absolute>
 0000:00000000       __guard_fids_table         0000000000000000     <absolute>
 0000:00000100       __guard_flags              0000000000000100     <absolute>
 0000:00000000       __ImageBase                0000000180000000     <linker-defined>
 0001:000000f0       _is_c_termination_complete 00000001800010f0 f i MSVCRT:ucrt_stubs.obj
 0001:000000f0       ?GetStackTracePrinter@Platform@v8@@UEAAP6AXXZXZ 00000001800010f0 f i nodeenvplugin.obj
 0001:000000f0       ?NumberOfAvailableBackgroundThreads@Platform@v8@@UEAA_KXZ 00000001800010f0 f i nodeenvplugin.obj
 0001:000000f0       ?GetPageAllocator@Platform@v8@@UEAAPEAVPageAllocator@2@XZ 00000001800010f0 f i nodeenvplugin.obj
 0001:000000f0       __scrt_stub_for_is_c_termination_complete 00000001800010f0 f i MSVCRT:ucrt_stubs.obj
 0001:000000f0       ibmras_monitoring_plugin_init 00000001800010f0 f i nodeenvplugin.obj
 0001:00000100       ?OnCriticalMemoryPressure@Platform@v8@@UEAAXXZ 0000000180001100 f i nodeenvplugin.obj
 0001:00000100       ?CallIdleOnForegroundThread@Platform@v8@@UEAAXPEAVIsolate@2@PEAVIdleTask@2@@Z 0000000180001100 f i nodeenvplugin.obj
 0001:00000100       _guard_check_icall_nop     0000000180001100 f i MSVCRT:guard_support.obj
 0001:00000110       ?IdleTasksEnabled@Platform@v8@@UEAA_NPEAVIsolate@2@@Z 0000000180001110 f i nodeenvplugin.obj
 0001:00000110       ?OnCriticalMemoryPressure@Platform@v8@@UEAA_N_K@Z 0000000180001110 f i nodeenvplugin.obj
 0001:00000120       ?NumberOfWorkerThreads@Platform@v8@@UEAAHXZ 0000000180001120 f i nodeenvplugin.obj
 0001:00000130       ?GetForegroundTaskRunner@Platform@v8@@UEAA?AV?$shared_ptr@VTaskRunner@v8@@@std@@PEAVIsolate@2@@Z 0000000180001130 f i nodeenvplugin.obj
 0001:00000140       ?GetBackgroundTaskRunner@Platform@v8@@UEAA?AV?$shared_ptr@VTaskRunner@v8@@@std@@PEAVIsolate@2@@Z 0000000180001140 f i nodeenvplugin.obj
 0001:00000140       ?CallOnBackgroundThread@Platform@v8@@UEAAXPEAVTask@2@W4ExpectedRuntime@12@@Z 0000000180001140 f i nodeenvplugin.obj
 0001:00000150       ?GetWorkerThreadsTaskRunner@Platform@v8@@UEAA?AV?$shared_ptr@VTaskRunner@v8@@@std@@PEAVIsolate@2@@Z 0000000180001150 f i nodeenvplugin.obj
 0001:00000170       ?CallOnWorkerThread@Platform@v8@@UEAAXV?$unique_ptr@VTask@v8@@U?$default_delete@VTask@v8@@@std@@@std@@@Z 0000000180001170 f i nodeenvplugin.obj
 0001:000001c0       ?CallBlockingTaskOnWorkerThread@Platform@v8@@UEAAXV?$unique_ptr@VTask@v8@@U?$default_delete@VTask@v8@@@std@@@std@@@Z 00000001800011c0 f i nodeenvplugin.obj
 0001:00000210       ??1MultiIsolatePlatform@node@@UEAA@XZ 0000000180001210 f i nodeenvplugin.obj
 0001:00000220       ??0MultiIsolatePlatform@node@@QEAA@XZ 0000000180001220 f i nodeenvplugin.obj
 0001:00000220       ??0MultiIsolatePlatform@node@@QEAA@AEBV01@@Z 0000000180001220 f i nodeenvplugin.obj
 0001:00000230       ??4MultiIsolatePlatform@node@@QEAAAEAV01@AEBV01@@Z 0000000180001230 f i nodeenvplugin.obj
 0001:00000240       ??_EMultiIsolatePlatform@node@@UEAAPEAXI@Z 0000000180001240 f i nodeenvplugin.obj
 0001:000002e0       ??1HandleScope@Nan@@QEAA@XZ 00000001800012e0 f i nodeenvplugin.obj
 0001:00000e20       ??_D?$basic_stringstream@DU?$char_traits@D@std@@V?$allocator@D@2@@std@@QEAAXXZ 0000000180001e20 f i nodeenvplugin.obj
 0001:00000e90       ?GuessSpaceSizeFromArgs@@YA_KV?$basic_string@DU?$char_traits@D@std@@V?$allocator@D@2@@std@@@Z 0000000180001e90 f   nodeenvplugin.obj
 0001:00001f20       ibmras_monitoring_registerPushSource 0000000180002f20 f   nodeenvplugin.obj
 0001:000020f0       ibmras_monitoring_plugin_start 00000001800030f0 f   nodeenvplugin.obj
 0001:00002140       ibmras_monitoring_plugin_stop 0000000180003140 f   nodeenvplugin.obj
 0001:00002160       ibmras_monitoring_getVersion 0000000180003160 f   nodeenvplugin.obj
 0001:00002170       ??1?$unique_ptr@VTask@v8@@U?$default_delete@VTask@v8@@@std@@@std@@QEAA@XZ 0000000180003170 f i nodeenvplugin.obj
 0001:000021a0       ??1?$basic_string@DU?$char_traits@D@std@@V?$allocator@D@2@@std@@QEAA@XZ 00000001800031a0 f i nodeenvplugin.obj
 0001:00002200       ??0?$basic_stringstream@DU?$char_traits@D@std@@V?$allocator@D@2@@std@@QEAA@H@Z 0000000180003200 f i nodeenvplugin.obj
 0001:000022c0       ?seekpos@?$basic_stringbuf@DU?$char_traits@D@std@@V?$allocator@D@2@@std@@MEAA?AV?$fpos@U_Mbstatet@@@2@V32@H@Z 00000001800032c0 f i nodeenvplugin.obj
 0001:000023b0       ?seekoff@?$basic_stringbuf@DU?$char_traits@D@std@@V?$allocator@D@2@@std@@MEAA?AV?$fpos@U_Mbstatet@@@2@_JHH@Z 00000001800033b0 f i nodeenvplugin.obj
 0001:00002500       ?underflow@?$basic_stringbuf@DU?$char_traits@D@std@@V?$allocator@D@2@@std@@MEAAHXZ 0000000180003500 f i nodeenvplugin.obj
 0001:00002570       ?pbackfail@?$basic_stringbuf@DU?$char_traits@D@std@@V?$allocator@D@2@@std@@MEAAHH@Z 0000000180003570 f i nodeenvplugin.obj
 0001:000025d0       ?overflow@?$basic_stringbuf@DU?$char_traits@D@std@@V?$allocator@D@2@@std@@MEAAHH@Z 00000001800035d0 f i nodeenvplugin.obj
 0001:000027d0       ??1?$basic_stringbuf@DU?$char_traits@D@std@@V?$allocator@D@2@@std@@UEAA@XZ 00000001800037d0 f i nodeenvplugin.obj
 0001:00002890       ??_G?$basic_stringstream@DU?$char_traits@D@std@@V?$allocator@D@2@@std@@UEAAPEAXI@Z 0000000180003890 f i nodeenvplugin.obj
 0001:00002890       ??_E?$basic_stringstream@DU?$char_traits@D@std@@V?$allocator@D@2@@std@@UEAAPEAXI@Z 0000000180003890 f i * CIL library *:* CIL module *
 0001:00002930       ??_G?$basic_stringbuf@DU?$char_traits@D@std@@V?$allocator@D@2@@std@@UEAAPEAXI@Z 0000000180003930 f i nodeenvplugin.obj
 0001:00002930       ??_E?$basic_stringbuf@DU?$char_traits@D@std@@V?$allocator@D@2@@std@@UEAAPEAXI@Z 0000000180003930 f i * CIL library *:* CIL module *
 0001:00002970       ??1sentry@?$basic_ostream@DU?$char_traits@D@std@@@std@@QEAA@XZ 0000000180003970 f i nodeenvplugin.obj
 0001:000029b0       ?assign@?$basic_string@DU?$char_traits@D@std@@V?$allocator@D@2@@std@@QEAAAEAV12@QEBD_K@Z 00000001800039b0 f i nodeenvplugin.obj
 0001:00002b00       ??1_Sentry_base@?$basic_ostream@DU?$char_traits@D@std@@@std@@QEAA@XZ 0000000180003b00 f i nodeenvplugin.obj
 0001:00002b30       ??$?6U?$char_traits@D@std@@@std@@YAAEAV?$basic_ostream@DU?$char_traits@D@std@@@0@AEAV10@PEBD@Z 0000000180003b30 f i nodeenvplugin.obj
 0001:00002d00       ??$?6U?$char_traits@D@std@@@std@@YAAEAV?$basic_ostream@DU?$char_traits@D@std@@@0@AEAV10@D@Z 0000000180003d00 f i nodeenvplugin.obj
 0001:00002e80       ??$_Reallocate_grow_by@V<lambda_65e615be2a453ca0576c979606f46740>@@PEBD_K@?$basic_string@DU?$char_traits@D@std@@V?$allocator@D@2@@std@@QEAAAEAV01@_KV<lambda_65e615be2a453ca0576c979606f46740>@@PEBD_K@Z 0000000180003e80 f i nodeenvplugin.obj
 0001:00003000       ?_Xlen@?$basic_string@DU?$char_traits@D@std@@V?$allocator@D@2@@std@@SAXXZ 0000000180004000 f i nodeenvplugin.obj
 0001:00003020       ??$_Insert_string@DU?$char_traits@D@std@@_K@std@@YAAEAV?$basic_ostream@DU?$char_traits@D@std@@@0@AEAV10@QEBD_K@Z 0000000180004020 f i nodeenvplugin.obj
 0001:000031d0       ??_E?$basic_stringstream@DU?$char_traits@D@std@@V?$allocator@D@2@@std@@$4PPPPPPPM@A@EAAPEAXI@Z 00000001800041d0 f i nodeenvplugin.obj
 0001:000031dc       ?_Lock@?$basic_streambuf@DU?$char_traits@D@std@@@std@@UEAAXXZ 00000001800041dc f   msvcprt:MSVCP140.dll
 0001:000031e2       ?_Unlock@?$basic_streambuf@DU?$char_traits@D@std@@@std@@UEAAXXZ 00000001800041e2 f   msvcprt:MSVCP140.dll
 0001:000031e8       ?showmanyc@?$basic_streambuf@DU?$char_traits@D@std@@@std@@MEAA_JXZ 00000001800041e8 f   msvcprt:MSVCP140.dll
 0001:000031ee       ?uflow@?$basic_streambuf@DU?$char_traits@D@std@@@std@@MEAAHXZ 00000001800041ee f   msvcprt:MSVCP140.dll
 0001:000031f4       ?xsgetn@?$basic_streambuf@DU?$char_traits@D@std@@@std@@MEAA_JPEAD_J@Z 00000001800041f4 f   msvcprt:MSVCP140.dll
 0001:000031fa       ?xsputn@?$basic_streambuf@DU?$char_traits@D@std@@@std@@MEAA_JPEBD_J@Z 00000001800041fa f   msvcprt:MSVCP140.dll
 0001:00003200       ?setbuf@?$basic_streambuf@DU?$char_traits@D@std@@@std@@MEAAPEAV12@PEAD_J@Z 0000000180004200 f   msvcprt:MSVCP140.dll
 0001:00003206       ?sync@?$basic_streambuf@DU?$char_traits@D@std@@@std@@MEAAHXZ 0000000180004206 f   msvcprt:MSVCP140.dll
 0001:0000320c       ?imbue@?$basic_streambuf@DU?$char_traits@D@std@@@std@@MEAAXAEBVlocale@2@@Z 000000018000420c f   msvcprt:MSVCP140.dll
 0001:00003230       __security_check_cookie    0000000180004230 f   MSVCRT:amdsecgs.obj
 0001:00003254       ??3@YAXPEAX_K@Z            0000000180004254 f   MSVCRT:delete_scalar_size.obj
 0001:00003254       ??_V@YAXPEAX@Z             0000000180004254 f   MSVCRT:delete_array.obj
 0001:0000325c       ??_V@YAXPEAX_K@Z           000000018000425c f   MSVCRT:delete_array_size.obj
 0001:00003264       ??2@YAPEAX_K@Z             0000000180004264 f   MSVCRT:new_scalar.obj
 0001:000032a0       ??_M@YAXPEAX_K1P6AX0@Z@Z   00000001800042a0 f   MSVCRT:ehvecdtr.obj
 0001:0000330c       ?__ArrayUnwind@@YAXPEAX_K1P6AX0@Z@Z 000000018000430c f   MSVCRT:ehvecdtr.obj
 0001:00003370       __scrt_acquire_startup_lock 0000000180004370 f   MSVCRT:utility.obj
 0001:000033ac       __scrt_dllmain_after_initialize_c 00000001800043ac f   MSVCRT:utility.obj
 0001:000033e0       __scrt_dllmain_before_initialize_c 00000001800043e0 f   MSVCRT:utility.obj
 0001:000033f8       __scrt_dllmain_crt_thread_attach 00000001800043f8 f   MSVCRT:utility.obj
 0001:00003420       __scrt_dllmain_crt_thread_detach 0000000180004420 f   MSVCRT:utility.obj
 0001:00003438       __scrt_dllmain_exception_filter 0000000180004438 f   MSVCRT:utility.obj
 0001:00003498       __scrt_dllmain_uninitialize_c 0000000180004498 f   MSVCRT:utility.obj
 0001:000034c8       __scrt_dllmain_uninitialize_critical 00000001800044c8 f   MSVCRT:utility.obj
 0001:000034dc       __scrt_initialize_crt      00000001800044dc f   MSVCRT:utility.obj
 0001:00003528       __scrt_initialize_onexit_tables 0000000180004528 f   MSVCRT:utility.obj
 0001:00003600       __scrt_is_nonwritable_in_current_image 0000000180004600 f   MSVCRT:utility.obj
 0001:0000369c       __scrt_release_startup_lock 000000018000469c f   MSVCRT:utility.obj
 0001:000036c0       __scrt_uninitialize_crt    00000001800046c0 f   MSVCRT:utility.obj
 0001:000036ec       _onexit                    00000001800046ec f   MSVCRT:utility.obj
 0001:0000373c       atexit                     000000018000473c f   MSVCRT:utility.obj
 0001:00003754       ??_U@YAPEAX_K@Z            0000000180004754 f   MSVCRT:new_array.obj
 0001:00003a8c       _DllMainCRTStartup         0000000180004a8c f   MSVCRT:dll_dllmain.obj
 0001:00003acc       __raise_securityfailure    0000000180004acc f   MSVCRT:gs_report.obj
 0001:00003b00       __report_gsfailure         0000000180004b00 f   MSVCRT:gs_report.obj
 0001:00003c48       ??3@YAXPEAX@Z              0000000180004c48 f   MSVCRT:delete_scalar.obj
 0001:00003c50       ??0bad_alloc@std@@QEAA@AEBV01@@Z 0000000180004c50 f i MSVCRT:throw_bad_alloc.obj
 0001:00003c90       ??0bad_alloc@std@@QEAA@XZ  0000000180004c90 f i MSVCRT:throw_bad_alloc.obj
 0001:00003cb0       ??0bad_array_new_length@std@@QEAA@AEBV01@@Z 0000000180004cb0 f i MSVCRT:throw_bad_alloc.obj
 0001:00003cf0       ??0bad_array_new_length@std@@QEAA@XZ 0000000180004cf0 f i MSVCRT:throw_bad_alloc.obj
 0001:00003d10       ??0exception@std@@QEAA@AEBV01@@Z 0000000180004d10 f i MSVCRT:throw_bad_alloc.obj
 0001:00003d48       ??1bad_array_new_length@std@@UEAA@XZ 0000000180004d48 f i MSVCRT:throw_bad_alloc.obj
 0001:00003d48       ??1bad_alloc@std@@UEAA@XZ  0000000180004d48 f i MSVCRT:throw_bad_alloc.obj
 0001:00003d5c       ??_Gexception@std@@UEAAPEAXI@Z 0000000180004d5c f i MSVCRT:throw_bad_alloc.obj
 0001:00003d5c       ??_Gbad_array_new_length@std@@UEAAPEAXI@Z 0000000180004d5c f i MSVCRT:throw_bad_alloc.obj
 0001:00003d5c       ??_Ebad_array_new_length@std@@UEAAPEAXI@Z 0000000180004d5c f i MSVCRT:throw_bad_alloc.obj
 0001:00003d5c       ??_Gbad_alloc@std@@UEAAPEAXI@Z 0000000180004d5c f i MSVCRT:throw_bad_alloc.obj
 0001:00003d5c       ??_Eexception@std@@UEAAPEAXI@Z 0000000180004d5c f i MSVCRT:throw_bad_alloc.obj
 0001:00003d5c       ??_Ebad_alloc@std@@UEAAPEAXI@Z 0000000180004d5c f i MSVCRT:throw_bad_alloc.obj
 0001:00003da0       ?__scrt_throw_std_bad_alloc@@YAXXZ 0000000180004da0 f   MSVCRT:throw_bad_alloc.obj
 0001:00003dc0       ?__scrt_throw_std_bad_array_new_length@@YAXXZ 0000000180004dc0 f   MSVCRT:throw_bad_alloc.obj
 0001:00003de0       ?what@exception@std@@UEBAPEBDXZ 0000000180004de0 f i MSVCRT:throw_bad_alloc.obj
 0001:00003df4       __isa_available_init       0000000180004df4 f   MSVCRT:cpu_disp.obj
 0001:00003f70       _get_startup_argv_mode     0000000180004f70 f   MSVCRT:argv_mode.obj
 0001:00003f78       __scrt_is_ucrt_dll_in_use  0000000180004f78 f   MSVCRT:ucrt_detection.obj
 0001:00003f84       __crt_debugger_hook        0000000180004f84 f   MSVCRT:utility_desktop.obj
 0001:00003f8c       __scrt_fastfail            0000000180004f8c f   MSVCRT:utility_desktop.obj
 0001:000040d8       __security_init_cookie     00000001800050d8 f   MSVCRT:gs_support.obj
 0001:00004184       DllMain                    0000000180005184 f   MSVCRT:dll_dllmain_stub.obj
 0001:000041a8       ?__scrt_initialize_type_info@@YAXXZ 00000001800051a8 f   MSVCRT:tncleanup.obj
 0001:000041b8       ?__scrt_uninitialize_type_info@@YAXXZ 00000001800051b8 f   MSVCRT:tncleanup.obj
 0001:000041c4       __local_stdio_printf_options 00000001800051c4 f i MSVCRT:default_local_stdio_options.obj
 0001:000041cc       __local_stdio_scanf_options 00000001800051cc f i MSVCRT:default_local_stdio_options.obj
 0001:000041d4       __scrt_initialize_default_local_stdio_options 00000001800051d4 f   MSVCRT:default_local_stdio_options.obj
 0001:000041f0       __scrt_get_dyn_tls_init_callback 00000001800051f0 f   MSVCRT:dyn_tls_init.obj
 0001:000041f8       _RTC_Initialize            00000001800051f8 f   MSVCRT:initsect.obj
 0001:00004234       _RTC_Terminate             0000000180005234 f   MSVCRT:initsect.obj
 0001:00004270       ??_Gtype_info@@UEAAPEAXI@Z 0000000180005270 f i MSVCRT:std_type_info_static.obj
 0001:00004270       ??_Etype_info@@UEAAPEAXI@Z 0000000180005270 f i MSVCRT:std_type_info_static.obj
 0001:000042a0       __CxxFrameHandler3         00000001800052a0 f   vcruntime:VCRUNTIME140.dll
 0001:000042a6       _purecall                  00000001800052a6 f   vcruntime:VCRUNTIME140.dll
 0001:000042ac       __std_terminate            00000001800052ac f   vcruntime:VCRUNTIME140.dll
 0001:000042b2       __C_specific_handler       00000001800052b2 f   vcruntime:VCRUNTIME140.dll
 0001:000042b8       __std_exception_copy       00000001800052b8 f   vcruntime:VCRUNTIME140.dll
 0001:000042be       __std_exception_destroy    00000001800052be f   vcruntime:VCRUNTIME140.dll
 0001:000042c4       _CxxThrowException         00000001800052c4 f   vcruntime:VCRUNTIME140.dll
 0001:000042ca       memset                     00000001800052ca f   vcruntime:VCRUNTIME140.dll
 0001:000042d0       __std_type_info_destroy_list 00000001800052d0 f   vcruntime:VCRUNTIME140.dll
 0001:000042d6       _callnewh                  00000001800052d6 f   ucrt:api-ms-win-crt-heap-l1-1-0.dll
 0001:000042dc       malloc                     00000001800052dc f   ucrt:api-ms-win-crt-heap-l1-1-0.dll
 0001:000042e2       terminate                  00000001800052e2 f   ucrt:api-ms-win-crt-runtime-l1-1-0.dll
 0001:000042e8       _seh_filter_dll            00000001800052e8 f   ucrt:api-ms-win-crt-runtime-l1-1-0.dll
 0001:000042ee       _configure_narrow_argv     00000001800052ee f   ucrt:api-ms-win-crt-runtime-l1-1-0.dll
 0001:000042f4       _initialize_narrow_environment 00000001800052f4 f   ucrt:api-ms-win-crt-runtime-l1-1-0.dll
 0001:000042fa       _initialize_onexit_table   00000001800052fa f   ucrt:api-ms-win-crt-runtime-l1-1-0.dll
 0001:00004300       _register_onexit_function  0000000180005300 f   ucrt:api-ms-win-crt-runtime-l1-1-0.dll
 0001:00004306       _execute_onexit_table      0000000180005306 f   ucrt:api-ms-win-crt-runtime-l1-1-0.dll
 0001:0000430c       _crt_atexit                000000018000530c f   ucrt:api-ms-win-crt-runtime-l1-1-0.dll
 0001:00004312       _cexit                     0000000180005312 f   ucrt:api-ms-win-crt-runtime-l1-1-0.dll
 0001:00004318       _initterm                  0000000180005318 f   ucrt:api-ms-win-crt-runtime-l1-1-0.dll
 0001:0000431e       _initterm_e                000000018000531e f   ucrt:api-ms-win-crt-runtime-l1-1-0.dll
 0001:00004324       free                       0000000180005324 f   ucrt:api-ms-win-crt-heap-l1-1-0.dll
 0001:0000432a       IsProcessorFeaturePresent  000000018000532a f   kernel32:KERNEL32.dll
 0001:00004330       __vcrt_uninitialize        0000000180005330 f   MSVCRT:ucrt_stubs.obj
 0001:00004330       __acrt_uninitialize        0000000180005330 f   MSVCRT:ucrt_stubs.obj
 0001:00004330       __acrt_initialize          0000000180005330 f   MSVCRT:ucrt_stubs.obj
 0001:00004330       __scrt_stub_for_acrt_thread_attach 0000000180005330 f   MSVCRT:ucrt_stubs.obj
 0001:00004330       __acrt_thread_detach       0000000180005330 f   MSVCRT:ucrt_stubs.obj
 0001:00004330       __acrt_thread_attach       0000000180005330 f   MSVCRT:ucrt_stubs.obj
 0001:00004330       __vcrt_initialize          0000000180005330 f   MSVCRT:ucrt_stubs.obj
 0001:00004330       __vcrt_uninitialize_critical 0000000180005330 f   MSVCRT:ucrt_stubs.obj
 0001:00004330       __acrt_uninitialize_critical 0000000180005330 f   MSVCRT:ucrt_stubs.obj
 0001:00004330       __vcrt_thread_attach       0000000180005330 f   MSVCRT:ucrt_stubs.obj
 0001:00004330       __scrt_stub_for_acrt_uninitialize 0000000180005330 f   MSVCRT:ucrt_stubs.obj
 0001:00004330       __vcrt_thread_detach       0000000180005330 f   MSVCRT:ucrt_stubs.obj
 0001:00004330       __scrt_stub_for_acrt_thread_detach 0000000180005330 f   MSVCRT:ucrt_stubs.obj
 0001:00004330       __scrt_stub_for_acrt_uninitialize_critical 0000000180005330 f   MSVCRT:ucrt_stubs.obj
 0001:00004330       __scrt_stub_for_acrt_initialize 0000000180005330 f   MSVCRT:ucrt_stubs.obj
 0001:00004334       __GSHandlerCheck           0000000180005334 f   MSVCRT:gshandler.obj
 0001:00004354       __GSHandlerCheckCommon     0000000180005354 f   MSVCRT:gshandler.obj
 0001:000043b0       __GSHandlerCheck_EH        00000001800053b0 f   MSVCRT:gshandlereh.obj
 0001:0000442f       memchr                     000000018000542f f   vcruntime:VCRUNTIME140.dll
 0001:00004435       memcmp                     0000000180005435 f   vcruntime:VCRUNTIME140.dll
 0001:0000443b       memcpy                     000000018000543b f   vcruntime:VCRUNTIME140.dll
 0001:00004441       memmove                    0000000180005441 f   vcruntime:VCRUNTIME140.dll
 0001:00004460       _guard_dispatch_icall_nop  0000000180005460 f   MSVCRT:guard_dispatch.obj
 0002:00000000       __imp_RtlLookupFunctionEntry 0000000180006000     kernel32:KERNEL32.dll
 0002:00000008       __imp_RtlVirtualUnwind     0000000180006008     kernel32:KERNEL32.dll
 0002:00000010       __imp_UnhandledExceptionFilter 0000000180006010     kernel32:KERNEL32.dll
 0002:00000018       __imp_SetUnhandledExceptionFilter 0000000180006018     kernel32:KERNEL32.dll
 0002:00000020       __imp_InitializeSListHead  0000000180006020     kernel32:KERNEL32.dll
 0002:00000028       __imp_DisableThreadLibraryCalls 0000000180006028     kernel32:KERNEL32.dll
 0002:00000030       __imp_GetSystemTimeAsFileTime 0000000180006030     kernel32:KERNEL32.dll
 0002:00000038       __imp_GetCurrentThreadId   0000000180006038     kernel32:KERNEL32.dll
 0002:00000040       __imp_GetCurrentProcessId  0000000180006040     kernel32:KERNEL32.dll
 0002:00000048       __imp_QueryPerformanceCounter 0000000180006048     kernel32:KERNEL32.dll
 0002:00000050       __imp_RtlCaptureContext    0000000180006050     kernel32:KERNEL32.dll
 0002:00000058       __imp_IsDebuggerPresent    0000000180006058     kernel32:KERNEL32.dll
 0002:00000060       __imp_IsProcessorFeaturePresent 0000000180006060     kernel32:KERNEL32.dll
 0002:00000068       __imp_TerminateProcess     0000000180006068     kernel32:KERNEL32.dll
 0002:00000070       __imp_GetCurrentProcess    0000000180006070     kernel32:KERNEL32.dll
 0002:00000078       \177KERNEL32_NULL_THUNK_DATA 0000000180006078     kernel32:KERNEL32.dll
 0002:00000080       __imp_??1?$basic_iostream@DU?$char_traits@D@std@@@std@@UEAA@XZ 0000000180006080     msvcprt:MSVCP140.dll
 0002:00000088       __imp_?imbue@?$basic_streambuf@DU?$char_traits@D@std@@@std@@MEAAXAEBVlocale@2@@Z 0000000180006088     msvcprt:MSVCP140.dll
 0002:00000090       __imp_?sync@?$basic_streambuf@DU?$char_traits@D@std@@@std@@MEAAHXZ 0000000180006090     msvcprt:MSVCP140.dll
 0002:00000098       __imp_?setbuf@?$basic_streambuf@DU?$char_traits@D@std@@@std@@MEAAPEAV12@PEAD_J@Z 0000000180006098     msvcprt:MSVCP140.dll
 0002:000000a0       __imp_?xsputn@?$basic_streambuf@DU?$char_traits@D@std@@@std@@MEAA_JPEBD_J@Z 00000001800060a0     msvcprt:MSVCP140.dll
 0002:000000a8       __imp_?xsgetn@?$basic_streambuf@DU?$char_traits@D@std@@@std@@MEAA_JPEAD_J@Z 00000001800060a8     msvcprt:MSVCP140.dll
 0002:000000b0       __imp_?uflow@?$basic_streambuf@DU?$char_traits@D@std@@@std@@MEAAHXZ 00000001800060b0     msvcprt:MSVCP140.dll
 0002:000000b8       __imp_?showmanyc@?$basic_streambuf@DU?$char_traits@D@std@@@std@@MEAA_JXZ 00000001800060b8     msvcprt:MSVCP140.dll
 0002:000000c0       __imp_?_Unlock@?$basic_streambuf@DU?$char_traits@D@std@@@std@@UEAAXXZ 00000001800060c0     msvcprt:MSVCP140.dll
 0002:000000c8       __imp_?_Lock@?$basic_streambuf@DU?$char_traits@D@std@@@std@@UEAAXXZ 00000001800060c8     msvcprt:MSVCP140.dll
 0002:000000d0       __imp_??1?$basic_streambuf@DU?$char_traits@D@std@@@std@@UEAA@XZ 00000001800060d0     msvcprt:MSVCP140.dll
 0002:000000d8       __imp_??0?$basic_iostream@DU?$char_traits@D@std@@@std@@QEAA@PEAV?$basic_streambuf@DU?$char_traits@D@std@@@1@@Z 00000001800060d8     msvcprt:MSVCP140.dll
 0002:000000e0       __imp_?_Pninc@?$basic_streambuf@DU?$char_traits@D@std@@@std@@IEAAPEADXZ 00000001800060e0     msvcprt:MSVCP140.dll
 0002:000000e8       __imp_?_Xlength_error@std@@YAXPEBD@Z 00000001800060e8     msvcprt:MSVCP140.dll
 0002:000000f0       __imp_?sputn@?$basic_streambuf@DU?$char_traits@D@std@@@std@@QEAA_JPEBD_J@Z 00000001800060f0     msvcprt:MSVCP140.dll
 0002:000000f8       __imp_?sputc@?$basic_streambuf@DU?$char_traits@D@std@@@std@@QEAAHD@Z 00000001800060f8     msvcprt:MSVCP140.dll
 0002:00000100       __imp_??0?$basic_streambuf@DU?$char_traits@D@std@@@std@@IEAA@XZ 0000000180006100     msvcprt:MSVCP140.dll
 0002:00000108       \177MSVCP140_NULL_THUNK_DATA 0000000180006108     msvcprt:MSVCP140.dll
 0002:00000110       __imp__purecall            0000000180006110     vcruntime:VCRUNTIME140.dll
 0002:00000118       __imp___std_terminate      0000000180006118     vcruntime:VCRUNTIME140.dll
 0002:00000120       __imp___C_specific_handler 0000000180006120     vcruntime:VCRUNTIME140.dll
 0002:00000128       __imp___std_exception_copy 0000000180006128     vcruntime:VCRUNTIME140.dll
 0002:00000130       __imp___std_exception_destroy 0000000180006130     vcruntime:VCRUNTIME140.dll
 0002:00000138       __imp___CxxFrameHandler3   0000000180006138     vcruntime:VCRUNTIME140.dll
 0002:00000140       __imp_memset               0000000180006140     vcruntime:VCRUNTIME140.dll
 0002:00000148       __imp___std_type_info_destroy_list 0000000180006148     vcruntime:VCRUNTIME140.dll
 0002:00000150       __imp_memchr               0000000180006150     vcruntime:VCRUNTIME140.dll
 0002:00000158       __imp_memmove              0000000180006158     vcruntime:VCRUNTIME140.dll
 0002:00000160       __imp_memcmp               0000000180006160     vcruntime:VCRUNTIME140.dll
 0002:00000168       __imp_memcpy               0000000180006168     vcruntime:VCRUNTIME140.dll
 0002:00000170       __imp__CxxThrowException   0000000180006170     vcruntime:VCRUNTIME140.dll
 0002:00000178       \177VCRUNTIME140_NULL_THUNK_DATA 0000000180006178     vcruntime:VCRUNTIME140.dll
 0002:00000180       __imp_strtol               0000000180006180     ucrt:api-ms-win-crt-convert-l1-1-0.dll
 0002:00000188       \177api-ms-win-crt-convert-l1-1-0_NULL_THUNK_DATA 0000000180006188     ucrt:api-ms-win-crt-convert-l1-1-0.dll
 0002:00000190       __imp_malloc               0000000180006190     ucrt:api-ms-win-crt-heap-l1-1-0.dll
 0002:00000198       __imp_free                 0000000180006198     ucrt:api-ms-win-crt-heap-l1-1-0.dll
 0002:000001a0       __imp__callnewh            00000001800061a0     ucrt:api-ms-win-crt-heap-l1-1-0.dll
 0002:000001a8       \177api-ms-win-crt-heap-l1-1-0_NULL_THUNK_DATA 00000001800061a8     ucrt:api-ms-win-crt-heap-l1-1-0.dll
 0002:000001b0       __imp__configure_narrow_argv 00000001800061b0     ucrt:api-ms-win-crt-runtime-l1-1-0.dll
 0002:000001b8       __imp__initterm_e          00000001800061b8     ucrt:api-ms-win-crt-runtime-l1-1-0.dll
 0002:000001c0       __imp__initterm            00000001800061c0     ucrt:api-ms-win-crt-runtime-l1-1-0.dll
 0002:000001c8       __imp__crt_atexit          00000001800061c8     ucrt:api-ms-win-crt-runtime-l1-1-0.dll
 0002:000001d0       __imp__execute_onexit_table 00000001800061d0     ucrt:api-ms-win-crt-runtime-l1-1-0.dll
 0002:000001d8       __imp__register_onexit_function 00000001800061d8     ucrt:api-ms-win-crt-runtime-l1-1-0.dll
 0002:000001e0       __imp_abort                00000001800061e0     ucrt:api-ms-win-crt-runtime-l1-1-0.dll
 0002:000001e8       __imp__initialize_onexit_table 00000001800061e8     ucrt:api-ms-win-crt-runtime-l1-1-0.dll
 0002:000001f0       __imp__invalid_parameter_noinfo_noreturn 00000001800061f0     ucrt:api-ms-win-crt-runtime-l1-1-0.dll
 0002:000001f8       __imp__initialize_narrow_environment 00000001800061f8     ucrt:api-ms-win-crt-runtime-l1-1-0.dll
 0002:00000200       __imp__cexit               0000000180006200     ucrt:api-ms-win-crt-runtime-l1-1-0.dll
 0002:00000208       __imp_terminate            0000000180006208     ucrt:api-ms-win-crt-runtime-l1-1-0.dll
 0002:00000210       __imp__seh_filter_dll      0000000180006210     ucrt:api-ms-win-crt-runtime-l1-1-0.dll
 0002:00000218       \177api-ms-win-crt-runtime-l1-1-0_NULL_THUNK_DATA 0000000180006218     ucrt:api-ms-win-crt-runtime-l1-1-0.dll
 0002:00000220       __imp_??1?$basic_ios@DU?$char_traits@D@std@@@std@@UEAA@XZ 0000000180006220     node:node.exe
 0002:00000228       __imp_??0?$basic_ios@DU?$char_traits@D@std@@@std@@IEAA@XZ 0000000180006228     node:node.exe
 0002:00000230       __imp_uv_default_loop      0000000180006230     node:node.exe
 0002:00000238       __imp_?_Osfx@?$basic_ostream@DU?$char_traits@D@std@@@std@@QEAAXXZ 0000000180006238     node:node.exe
 0002:00000240       __imp_?Global@Context@v8@@QEAA?AV?$Local@VObject@v8@@@2@XZ 0000000180006240     node:node.exe
 0002:00000248       __imp_?flush@?$basic_ostream@DU?$char_traits@D@std@@@std@@QEAAAEAV12@XZ 0000000180006248     node:node.exe
 0002:00000250       __imp_?setstate@?$basic_ios@DU?$char_traits@D@std@@@std@@QEAAXH_N@Z 0000000180006250     node:node.exe
 0002:00000258       __imp_??6?$basic_ostream@DU?$char_traits@D@std@@@std@@QEAAAEAV01@_K@Z 0000000180006258     node:node.exe
 0002:00000260       __imp_??1EscapableHandleScope@v8@@QEAA@XZ 0000000180006260     node:node.exe
 0002:00000268       __imp_uv_async_init        0000000180006268     node:node.exe
 0002:00000270       __imp_uv_async_send        0000000180006270     node:node.exe
 0002:00000278       __imp_uv_close             0000000180006278     node:node.exe
 0002:00000280       __imp_?Get@Object@v8@@QEAA?AV?$MaybeLocal@VValue@v8@@@2@V?$Local@VContext@v8@@@2@I@Z 0000000180006280     node:node.exe
 0002:00000288       __imp_?Get@Object@v8@@QEAA?AV?$MaybeLocal@VValue@v8@@@2@V?$Local@VContext@v8@@@2@V?$Local@VValue@v8@@@2@@Z 0000000180006288     node:node.exe
 0002:00000290       __imp_?Length@String@v8@@QEBAHXZ 0000000180006290     node:node.exe
 0002:00000298       __imp_?WriteUtf8@String@v8@@QEBAHPEAVIsolate@2@PEADHPEAHH@Z 0000000180006298     node:node.exe
 0002:000002a0       __imp_?NewFromUtf8@String@v8@@SA?AV?$MaybeLocal@VString@v8@@@2@PEAVIsolate@2@PEBDW4NewStringType@2@H@Z 00000001800062a0     node:node.exe
 0002:000002a8       __imp_??0EscapableHandleScope@v8@@QEAA@PEAVIsolate@1@@Z 00000001800062a8     node:node.exe
 0002:000002b0       __imp_?Escape@EscapableHandleScope@v8@@AEAAPEAPEAVObject@internal@2@PEAPEAV342@@Z 00000001800062b0     node:node.exe
 0002:000002b8       __imp_??0HeapStatistics@v8@@QEAA@XZ 00000001800062b8     node:node.exe
 0002:000002c0       __imp_?ToString@Value@v8@@QEBA?AV?$MaybeLocal@VString@v8@@@2@V?$Local@VContext@v8@@@2@@Z 00000001800062c0     node:node.exe
 0002:000002c8       __imp_?ToObject@Value@v8@@QEBA?AV?$MaybeLocal@VObject@v8@@@2@V?$Local@VContext@v8@@@2@@Z 00000001800062c8     node:node.exe
 0002:000002d0       __imp_?ToInteger@Value@v8@@QEBA?AV?$MaybeLocal@VInteger@v8@@@2@V?$Local@VContext@v8@@@2@@Z 00000001800062d0     node:node.exe
 0002:000002d8       __imp_?ToLocalEmpty@V8@v8@@CAXXZ 00000001800062d8     node:node.exe
 0002:000002e0       __imp_??0HandleScope@v8@@QEAA@PEAVIsolate@1@@Z 00000001800062e0     node:node.exe
 0002:000002e8       __imp_??1HandleScope@v8@@QEAA@XZ 00000001800062e8     node:node.exe
 0002:000002f0       __imp_?GetCurrent@Isolate@v8@@SAPEAV12@XZ 00000001800062f0     node:node.exe
 0002:000002f8       __imp_?GetHeapStatistics@Isolate@v8@@QEAAXPEAVHeapStatistics@2@@Z 00000001800062f8     node:node.exe
 0002:00000300       __imp_?GetCurrentContext@Isolate@v8@@QEAA?AV?$Local@VContext@v8@@@2@XZ 0000000180006300     node:node.exe
 0002:00000308       __imp_?Value@Integer@v8@@QEBA_JXZ 0000000180006308     node:node.exe
 0002:00000310       \177node_NULL_THUNK_DATA   0000000180006310     node:node.exe
 0002:00000318       __guard_check_icall_fptr   0000000180006318     MSVCRT:guard_support.obj
 0002:00000320       __guard_dispatch_icall_fptr 0000000180006320     MSVCRT:guard_support.obj
 0002:00000328       __xc_a                     0000000180006328     MSVCRT:initializers.obj
 0002:00000358       __xc_z                     0000000180006358     MSVCRT:initializers.obj
 0002:00000360       __xi_a                     0000000180006360     MSVCRT:initializers.obj
 0002:00000368       __xi_z                     0000000180006368     MSVCRT:initializers.obj
 0002:00000370       __xp_a                     0000000180006370     MSVCRT:initializers.obj
 0002:00000378       __xp_z                     0000000180006378     MSVCRT:initializers.obj
 0002:00000380       __xt_a                     0000000180006380     MSVCRT:initializers.obj
 0002:00000388       __xt_z                     0000000180006388     MSVCRT:initializers.obj
 0002:00000390       _pDefaultRawDllMain        0000000180006390     MSVCRT:dll_dllmain.obj
 0002:00000390       _pRawDllMain               0000000180006390     MSVCRT:dll_dllmain.obj
 0002:000003b0       ??_7exception@std@@6B@     00000001800063b0     MSVCRT:throw_bad_alloc.obj
 0002:000003c0       ??_C@_0BC@EOODALEL@Unknown?5exception@ 00000001800063c0     MSVCRT:throw_bad_alloc.obj
 0002:000003e0       ??_7bad_alloc@std@@6B@     00000001800063e0     MSVCRT:throw_bad_alloc.obj
 0002:000003f0       ??_C@_0P@GHFPNOJB@bad?5allocation@ 00000001800063f0     MSVCRT:throw_bad_alloc.obj
 0002:00000408       ??_7bad_array_new_length@std@@6B@ 0000000180006408     MSVCRT:throw_bad_alloc.obj
 0002:00000418       ??_C@_0BF@KINCDENJ@bad?5array?5new?5length@ 0000000180006418     MSVCRT:throw_bad_alloc.obj
 0002:00000438       ??_7type_info@@6B@         0000000180006438     MSVCRT:std_type_info_static.obj
 0002:00000440       ??_C@_0BA@JFNIOLAK@string?5too?5long@ 0000000180006440     nodeenvplugin.obj
 0002:00000450       ??_C@_0BB@EAOAKEMK@Description?5for?5@ 0000000180006450     nodeenvplugin.obj
 0002:00000468       ??_C@_07DEBHDLBL@process@  0000000180006468     nodeenvplugin.obj
 0002:00000470       ??_C@_06HEJKKHEK@config@   0000000180006470     nodeenvplugin.obj
 0002:00000478       ??_C@_07CPCPJPKL@version@  0000000180006478     nodeenvplugin.obj
 0002:00000480       ??_C@_09EHMFPLPN@variables@ 0000000180006480     nodeenvplugin.obj
 0002:00000490       ??_C@_08JOOLMGMJ@node_tag@ 0000000180006490     nodeenvplugin.obj
 0002:000004a0       ??_C@_08LHABKBBC@execArgv@ 00000001800064a0     nodeenvplugin.obj
 0002:000004ac       ??_C@_06IJDLPEM@length@    00000001800064ac     nodeenvplugin.obj
 0002:000004b8       ??_C@_0BG@PNHIICGJ@?9?9max?9old?9space?9size?$DN@ 00000001800064b8     nodeenvplugin.obj
 0002:000004d0       ??_C@_0BH@NFABJNOG@?9?9max?9semi?9space?9size?$DN@ 00000001800064d0     nodeenvplugin.obj
 0002:000004e8       ??_C@_08FAHDGPJC@IBMBuild@ 00000001800064e8     nodeenvplugin.obj
 0002:000004f4       ??_C@_03OGOFPLC@IBM@       00000001800064f4     nodeenvplugin.obj
 0002:000004f8       ??_C@_0BE@IJFBDCCF@IBM?5SDK?5for?5Node?4js@ 00000001800064f8     nodeenvplugin.obj
 0002:00000510       ??_C@_07BIDMMFPK@Node?4js@ 0000000180006510     nodeenvplugin.obj
 0002:00000518       ??_C@_03MFEMLKBL@?$EA?$EA?$EA@ 0000000180006518     nodeenvplugin.obj
 0002:00000520       ??_C@_0BE@HJPCBBAI@?$CDEnvironmentSource?6@ 0000000180006520     nodeenvplugin.obj
 0002:00000538       ??_C@_0BB@CJABNGI@runtime?4version?$DN@ 0000000180006538     nodeenvplugin.obj
 0002:00000550       ??_C@_0BD@MCOOMJNP@appmetrics?4version@ 0000000180006550     nodeenvplugin.obj
 0002:00000568       ??_C@_0BE@HMEGGJDC@appmetrics?4version?$DN@ 0000000180006568     nodeenvplugin.obj
 0002:00000580       ??_C@_0O@POCGFBKJ@agent?4version@ 0000000180006580     nodeenvplugin.obj
 0002:00000590       ??_C@_0BD@NOLINEFK@agentcore?4version?$DN@ 0000000180006590     nodeenvplugin.obj
 0002:000005a8       ??_C@_0BA@KDDBMGMI@runtime?4vendor?$DN@ 00000001800065a8     nodeenvplugin.obj
 0002:000005b8       ??_C@_0O@PBEFFLAL@runtime?4name?$DN@ 00000001800065b8     nodeenvplugin.obj
 0002:000005c8       ??_C@_0BB@KGJAINGL@heap?4size?4limit?$DN@ 00000001800065c8     nodeenvplugin.obj
 0002:000005e0       ??_C@_0BF@GDCHJAOC@max?4semi?4space?4size?$DN@ 00000001800065e0     nodeenvplugin.obj
 0002:000005f8       ??_C@_0BE@MAHAGNFL@max?4old?4space?4size?$DN@ 00000001800065f8     nodeenvplugin.obj
 0002:00000610       ??_C@_0P@KMIJHIG@max?4heap?4size?$DN@ 0000000180006610     nodeenvplugin.obj
 0002:00000620       ??_C@_0BI@BMCJEJPE@command?4line?4arguments?$DN@ 0000000180006620     nodeenvplugin.obj
 0002:00000640       ??_C@_0EB@GLFDGOHA@?$FLenvironment_node?$FN?5Unable?5to?5ge@ 0000000180006640     nodeenvplugin.obj
 0002:00000688       ??_C@_0CM@ELPGGDAB@?$FLenvironment_node?$FN?5Registering?5@ 0000000180006688     nodeenvplugin.obj
 0002:000006b8       ??_C@_0BB@CMBJFCIM@environment_node@ 00000001800066b8     nodeenvplugin.obj
 0002:000006d0       ??_C@_0BM@PODPNKOP@?$FLenvironment_node?$FN?5Starting@ 00000001800066d0     nodeenvplugin.obj
 0002:000006f0       ??_C@_0BM@BGEIKGHJ@?$FLenvironment_node?$FN?5Stopping@ 00000001800066f0     nodeenvplugin.obj
 0002:0000070c       ??_C@_03HLLJOCDO@1?40@     000000018000670c     nodeenvplugin.obj
 0002:00000710       ??_8?$basic_stringstream@DU?$char_traits@D@std@@V?$allocator@D@2@@std@@7B?$basic_ostream@DU?$char_traits@D@std@@@1@@ 0000000180006710     nodeenvplugin.obj
 0002:00000718       ??_7?$basic_stringbuf@DU?$char_traits@D@std@@V?$allocator@D@2@@std@@6B@ 0000000180006718     nodeenvplugin.obj
 0002:00000790       ??_7?$basic_stringstream@DU?$char_traits@D@std@@V?$allocator@D@2@@std@@6B@ 0000000180006790     nodeenvplugin.obj
 0002:00000798       ??_7MultiIsolatePlatform@node@@6B@ 0000000180006798     nodeenvplugin.obj
 0002:00000860       ??_8?$basic_stringstream@DU?$char_traits@D@std@@V?$allocator@D@2@@std@@7B?$basic_istream@DU?$char_traits@D@std@@@1@@ 0000000180006860     nodeenvplugin.obj
 0002:00000b10       __xmm@000000000000000f0000000000000000 0000000180006b10     nodeenvplugin.obj
 0002:00000b90       _load_config_used          0000000180006b90     MSVCRT:loadcfg.obj
 0002:00000c90       ??_R4exception@std@@6B@    0000000180006c90     MSVCRT:throw_bad_alloc.obj
 0002:00000cb8       ??_R3exception@std@@8      0000000180006cb8     MSVCRT:throw_bad_alloc.obj
 0002:00000cd0       ??_R2exception@std@@8      0000000180006cd0     MSVCRT:throw_bad_alloc.obj
 0002:00000ce0       ??_R1A@?0A@EA@exception@std@@8 0000000180006ce0     MSVCRT:throw_bad_alloc.obj
 0002:00000d08       ??_R4bad_alloc@std@@6B@    0000000180006d08     MSVCRT:throw_bad_alloc.obj
 0002:00000d30       ??_R3bad_alloc@std@@8      0000000180006d30     MSVCRT:throw_bad_alloc.obj
 0002:00000d48       ??_R2bad_alloc@std@@8      0000000180006d48     MSVCRT:throw_bad_alloc.obj
 0002:00000d60       ??_R1A@?0A@EA@bad_alloc@std@@8 0000000180006d60     MSVCRT:throw_bad_alloc.obj
 0002:00000d88       ??_R4bad_array_new_length@std@@6B@ 0000000180006d88     MSVCRT:throw_bad_alloc.obj
 0002:00000db0       ??_R3bad_array_new_length@std@@8 0000000180006db0     MSVCRT:throw_bad_alloc.obj
 0002:00000dc8       ??_R2bad_array_new_length@std@@8 0000000180006dc8     MSVCRT:throw_bad_alloc.obj
 0002:00000de8       ??_R1A@?0A@EA@bad_array_new_length@std@@8 0000000180006de8     MSVCRT:throw_bad_alloc.obj
 0002:00000e10       ??_R4type_info@@6B@        0000000180006e10     MSVCRT:std_type_info_static.obj
 0002:00000e38       ??_R3type_info@@8          0000000180006e38     MSVCRT:std_type_info_static.obj
 0002:00000e50       ??_R2type_info@@8          0000000180006e50     MSVCRT:std_type_info_static.obj
 0002:00000e60       ??_R1A@?0A@EA@type_info@@8 0000000180006e60     MSVCRT:std_type_info_static.obj
 0002:000011e8       __rtc_iaa                  00000001800071e8     MSVCRT:initsect.obj
 0002:000011f0       __rtc_izz                  00000001800071f0     MSVCRT:initsect.obj
 0002:000011f8       __rtc_taa                  00000001800071f8     MSVCRT:initsect.obj
 0002:00001200       __rtc_tzz                  0000000180007200     MSVCRT:initsect.obj
 0002:00001b20       _TI2?AVbad_alloc@std@@     0000000180007b20     MSVCRT:throw_bad_alloc.obj
 0002:00001b40       _CTA2?AVbad_alloc@std@@    0000000180007b40     MSVCRT:throw_bad_alloc.obj
 0002:00001b58       _CT??_R0?AVbad_alloc@std@@@8??0bad_alloc@std@@QEAA@AEBV01@@Z24 0000000180007b58     MSVCRT:throw_bad_alloc.obj
 0002:00001b80       _CT??_R0?AVexception@std@@@8??0exception@std@@QEAA@AEBV01@@Z24 0000000180007b80     MSVCRT:throw_bad_alloc.obj
 0002:00001ba8       _TI3?AVbad_array_new_length@std@@ 0000000180007ba8     MSVCRT:throw_bad_alloc.obj
 0002:00001bc8       _CTA3?AVbad_array_new_length@std@@ 0000000180007bc8     MSVCRT:throw_bad_alloc.obj
 0002:00001be8       _CT??_R0?AVbad_array_new_length@std@@@8??0bad_array_new_length@std@@QEAA@AEBV01@@Z24 0000000180007be8     MSVCRT:throw_bad_alloc.obj
 0002:00001e1c       __IMPORT_DESCRIPTOR_node   0000000180007e1c     node:node.exe
 0002:00001e30       __IMPORT_DESCRIPTOR_MSVCP140 0000000180007e30     msvcprt:MSVCP140.dll
 0002:00001e44       __IMPORT_DESCRIPTOR_VCRUNTIME140 0000000180007e44     vcruntime:VCRUNTIME140.dll
 0002:00001e58       __IMPORT_DESCRIPTOR_api-ms-win-crt-runtime-l1-1-0 0000000180007e58     ucrt:api-ms-win-crt-runtime-l1-1-0.dll
 0002:00001e6c       __IMPORT_DESCRIPTOR_api-ms-win-crt-convert-l1-1-0 0000000180007e6c     ucrt:api-ms-win-crt-convert-l1-1-0.dll
 0002:00001e80       __IMPORT_DESCRIPTOR_api-ms-win-crt-heap-l1-1-0 0000000180007e80     ucrt:api-ms-win-crt-heap-l1-1-0.dll
 0002:00001e94       __IMPORT_DESCRIPTOR_KERNEL32 0000000180007e94     kernel32:KERNEL32.dll
 0002:00001ea8       __NULL_IMPORT_DESCRIPTOR   0000000180007ea8     node:node.exe
 0003:00000000       __scrt_native_dllmain_reason 000000018000a000     MSVCRT:utility.obj
 0003:00000008       __security_cookie_complement 000000018000a008     MSVCRT:gs_cookie.obj
 0003:00000010       __security_cookie          000000018000a010     MSVCRT:gs_cookie.obj
 0003:00000018       __isa_available            000000018000a018     MSVCRT:cpu_disp.obj
 0003:0000001c       __isa_enabled              000000018000a01c     MSVCRT:cpu_disp.obj
 0003:00000020       __memcpy_nt_iters          000000018000a020     MSVCRT:cpu_disp.obj
 0003:00000030       __scrt_ucrt_dll_is_in_use  000000018000a030     MSVCRT:ucrt_stubs.obj
 0003:00000038       ??_R0?AVbad_alloc@std@@@8  000000018000a038     MSVCRT:throw_bad_alloc.obj
 0003:00000060       ??_R0?AVexception@std@@@8  000000018000a060     MSVCRT:throw_bad_alloc.obj
 0003:00000088       ??_R0?AVbad_array_new_length@std@@@8 000000018000a088     MSVCRT:throw_bad_alloc.obj
 0003:000000b8       ??_R0?AVtype_info@@@8      000000018000a0b8     MSVCRT:std_type_info_static.obj
 0003:000000e0       __scrt_current_native_startup_state 000000018000a0e0     MSVCRT:utility.obj
 0003:000000e8       __scrt_native_startup_lock 000000018000a0e8     MSVCRT:utility.obj
 0003:000006a0       __favor                    000000018000a6a0     MSVCRT:cpu_disp.obj
 0003:000006a4       __scrt_debugger_hook_flag  000000018000a6a4     MSVCRT:utility_desktop.obj
 0003:000006b0       ?__type_info_root_node@@3U__type_info_node@@A 000000018000a6b0     MSVCRT:tncleanup.obj
 0003:000006c0       ?_OptionsStorage@?1??__local_stdio_printf_options@@9@4_KA 000000018000a6c0     MSVCRT:default_local_stdio_options.obj
 0003:000006c8       ?_OptionsStorage@?1??__local_stdio_scanf_options@@9@4_KA 000000018000a6c8     MSVCRT:default_local_stdio_options.obj
 0003:000006d0       ?maxOldSpaceSizeGuess@plugin@@3_KA 000000018000a6d0     nodeenvplugin.obj
 0003:000006d8       ?api@plugin@@3UagentCoreFunctions@@A 000000018000a6d8     nodeenvplugin.obj
 0003:000006f8       ?provid@plugin@@3IA        000000018000a6f8     nodeenvplugin.obj
 0003:00000700       ?maxHeapSizeGuess@plugin@@3_KA 000000018000a700     nodeenvplugin.obj
 0003:00000708       ?maxSemiSpaceSizeGuess@plugin@@3_KA 000000018000a708     nodeenvplugin.obj
 0003:00000710       ?heapSizeLimit@plugin@@3_KA 000000018000a710     nodeenvplugin.obj
 0003:00000718       ?nodeVersion@plugin@@3V?$basic_string@DU?$char_traits@D@std@@V?$allocator@D@2@@std@@A 000000018000a718     nodeenvplugin.obj
 0003:00000738       ?commandLineArguments@plugin@@3V?$basic_string@DU?$char_traits@D@std@@V?$allocator@D@2@@std@@A 000000018000a738     nodeenvplugin.obj
 0003:00000758       ?nodeTag@plugin@@3V?$basic_string@DU?$char_traits@D@std@@V?$allocator@D@2@@std@@A 000000018000a758     nodeenvplugin.obj
 0003:00000778       ?nodeVendor@plugin@@3V?$basic_string@DU?$char_traits@D@std@@V?$allocator@D@2@@std@@A 000000018000a778     nodeenvplugin.obj
 0003:00000798       ?nodeName@plugin@@3V?$basic_string@DU?$char_traits@D@std@@V?$allocator@D@2@@std@@A 000000018000a798     nodeenvplugin.obj
 0003:000007b8       __dyn_tls_init_callback    000000018000a7b8     <common>

 entry point at        0001:00003a8c

 Static symbols

 0000:ffff2000       .debug$S                   0000000180000000     node:node.exe
 0000:ffff2000       .debug$S                   0000000180000000     vcruntime:VCRUNTIME140.dll
 0000:ffff2000       .debug$S                   0000000180000000     vcruntime:VCRUNTIME140.dll
 0000:ffff2000       .debug$S                   0000000180000000     vcruntime:VCRUNTIME140.dll
 0000:ffff2000       .debug$S                   0000000180000000     vcruntime:VCRUNTIME140.dll
 0000:ffff2000       .debug$S                   0000000180000000     node:node.exe
 0000:ffff2000       .debug$S                   0000000180000000     msvcprt:MSVCP140.dll
 0000:ffff2000       .debug$S                   0000000180000000     node:node.exe
 0000:ffff2000       .debug$S                   0000000180000000     msvcprt:MSVCP140.dll
 0000:ffff2000       .debug$S                   0000000180000000     node:node.exe
 0000:ffff2000       .debug$S                   0000000180000000     msvcprt:MSVCP140.dll
 0000:ffff2000       .debug$S                   0000000180000000     node:node.exe
 0000:ffff2000       .debug$S                   0000000180000000     msvcprt:MSVCP140.dll
 0000:ffff2000       .debug$S                   0000000180000000     node:node.exe
 0000:ffff2000       .debug$S                   0000000180000000     msvcprt:MSVCP140.dll
 0000:ffff2000       .debug$S                   0000000180000000     node:node.exe
 0000:ffff2000       .debug$S                   0000000180000000     msvcprt:MSVCP140.dll
 0000:ffff2000       .debug$S                   0000000180000000     vcruntime:VCRUNTIME140.dll
 0000:ffff2000       .debug$S                   0000000180000000     vcruntime:VCRUNTIME140.dll
 0000:ffff2000       .debug$S                   0000000180000000     vcruntime:VCRUNTIME140.dll
 0000:ffff2000       .debug$S                   0000000180000000     node:node.exe
 0000:ffff2000       .debug$S                   0000000180000000     vcruntime:VCRUNTIME140.dll
 0000:ffff2000       .debug$S                   0000000180000000     vcruntime:VCRUNTIME140.dll
 0000:ffff2000       .debug$S                   0000000180000000     vcruntime:VCRUNTIME140.dll
 0000:ffff2000       .debug$S                   0000000180000000     vcruntime:VCRUNTIME140.dll
 0000:ffff2000       .debug$S                   0000000180000000     node:node.exe
 0000:ffff2000       .debug$S                   0000000180000000     vcruntime:VCRUNTIME140.dll
 0000:ffff2000       .debug$S                   0000000180000000     vcruntime:VCRUNTIME140.dll
 0000:ffff2000       .debug$S                   0000000180000000     ucrt:api-ms-win-crt-runtime-l1-1-0.dll
 0000:ffff2000       .debug$S                   0000000180000000     node:node.exe
 0000:ffff2000       .debug$S                   0000000180000000     ucrt:api-ms-win-crt-convert-l1-1-0.dll
 0000:ffff2000       .debug$S                   0000000180000000     node:node.exe
 0000:ffff2000       .debug$S                   0000000180000000     ucrt:api-ms-win-crt-runtime-l1-1-0.dll
 0000:ffff2000       .debug$S                   0000000180000000     node:node.exe
 0000:ffff2000       .debug$S                   0000000180000000     ucrt:api-ms-win-crt-heap-l1-1-0.dll
 0000:ffff2000       .debug$S                   0000000180000000     node:node.exe
 0000:ffff2000       .debug$S                   0000000180000000     ucrt:api-ms-win-crt-heap-l1-1-0.dll
 0000:ffff2000       .debug$S                   0000000180000000     node:node.exe
 0000:ffff2000       .debug$S                   0000000180000000     ucrt:api-ms-win-crt-runtime-l1-1-0.dll
 0000:ffff2000       .debug$S                   0000000180000000     node:node.exe
 0000:ffff2000       .debug$S                   0000000180000000     ucrt:api-ms-win-crt-runtime-l1-1-0.dll
 0000:ffff2000       .debug$S                   0000000180000000     ucrt:api-ms-win-crt-runtime-l1-1-0.dll
 0000:ffff2000       .debug$S                   0000000180000000     ucrt:api-ms-win-crt-runtime-l1-1-0.dll
 0000:ffff2000       .debug$S                   0000000180000000     ucrt:api-ms-win-crt-runtime-l1-1-0.dll
 0000:ffff2000       .debug$S                   0000000180000000     node:node.exe
 0000:ffff2000       .debug$S                   0000000180000000     ucrt:api-ms-win-crt-runtime-l1-1-0.dll
 0000:ffff2000       .debug$S                   0000000180000000     ucrt:api-ms-win-crt-runtime-l1-1-0.dll
 0000:ffff2000       .debug$S                   0000000180000000     ucrt:api-ms-win-crt-runtime-l1-1-0.dll
 0000:ffff2000       .debug$S                   0000000180000000     ucrt:api-ms-win-crt-runtime-l1-1-0.dll
 0000:ffff2000       .debug$S                   0000000180000000     node:node.exe
 0000:ffff2000       .debug$S                   0000000180000000     ucrt:api-ms-win-crt-runtime-l1-1-0.dll
 0000:ffff2000       .debug$S                   0000000180000000     ucrt:api-ms-win-crt-runtime-l1-1-0.dll
 0000:ffff2000       .debug$S                   0000000180000000     ucrt:api-ms-win-crt-runtime-l1-1-0.dll
 0000:ffff2000       .debug$S                   0000000180000000     ucrt:api-ms-win-crt-heap-l1-1-0.dll
 0000:ffff2000       .debug$S                   0000000180000000     node:node.exe
 0000:ffff2000       .debug$S                   0000000180000000     kernel32:KERNEL32.dll
 0000:ffff2000       .debug$S                   0000000180000000     kernel32:KERNEL32.dll
 0000:ffff2000       .debug$S                   0000000180000000     kernel32:KERNEL32.dll
 0000:ffff2000       .debug$S                   0000000180000000     kernel32:KERNEL32.dll
 0000:ffff2000       .debug$S                   0000000180000000     node:node.exe
 0000:ffff2000       .debug$S                   0000000180000000     kernel32:KERNEL32.dll
 0000:ffff2000       .debug$S                   0000000180000000     node:node.exe
 0000:ffff2000       .debug$S                   0000000180000000     kernel32:KERNEL32.dll
 0000:ffff2000       .debug$S                   0000000180000000     kernel32:KERNEL32.dll
 0000:ffff2000       .debug$S                   0000000180000000     kernel32:KERNEL32.dll
 0000:ffff2000       .debug$S                   0000000180000000     kernel32:KERNEL32.dll
 0000:ffff2000       .debug$S                   0000000180000000     node:node.exe
 0000:ffff2000       .debug$S                   0000000180000000     kernel32:KERNEL32.dll
 0000:ffff2000       .debug$S                   0000000180000000     node:node.exe
 0000:ffff2000       .debug$S                   0000000180000000     kernel32:KERNEL32.dll
 0000:ffff2000       .debug$S                   0000000180000000     kernel32:KERNEL32.dll
 0000:ffff2000       .debug$S                   0000000180000000     kernel32:KERNEL32.dll
 0000:ffff2000       .debug$S                   0000000180000000     kernel32:KERNEL32.dll
 0000:ffff2000       .debug$S                   0000000180000000     node:node.exe
 0000:ffff2000       .debug$S                   0000000180000000     kernel32:KERNEL32.dll
 0000:ffff2000       .debug$S                   0000000180000000     node:node.exe
 0000:ffff2000       .debug$S                   0000000180000000     kernel32:KERNEL32.dll
 0000:ffff2000       .debug$S                   0000000180000000     kernel32:KERNEL32.dll
 0000:ffff2000       .debug$S                   0000000180000000     nodeenvplugin.exp
 0000:ffff2000       .debug$S                   0000000180000000     msvcprt:MSVCP140.dll
 0000:ffff2000       .debug$S                   0000000180000000     node:node.exe
 0000:ffff2000       .debug$S                   0000000180000000     msvcprt:MSVCP140.dll
 0000:ffff2000       .debug$S                   0000000180000000     node:node.exe
 0000:ffff2000       .debug$S                   0000000180000000     msvcprt:MSVCP140.dll
 0000:ffff2000       .debug$S                   0000000180000000     node:node.exe
 0000:ffff2000       .debug$S                   0000000180000000     msvcprt:MSVCP140.dll
 0000:ffff2000       .debug$S                   0000000180000000     node:node.exe
 0000:ffff2000       .debug$S                   0000000180000000     msvcprt:MSVCP140.dll
 0000:ffff2000       .debug$S                   0000000180000000     node:node.exe
 0000:ffff2000       .debug$S                   0000000180000000     msvcprt:MSVCP140.dll
 0000:ffff2000       .debug$S                   0000000180000000     node:node.exe
 0000:ffff2000       .debug$S                   0000000180000000     msvcprt:MSVCP140.dll
 0000:ffff2000       .debug$S                   0000000180000000     node:node.exe
 0000:ffff2000       .debug$S                   0000000180000000     msvcprt:MSVCP140.dll
 0000:ffff2000       .debug$S                   0000000180000000     node:node.exe
 0000:ffff2000       .debug$S                   0000000180000000     msvcprt:MSVCP140.dll
 0000:ffff2000       .debug$S                   0000000180000000     node:node.exe
 0000:ffff2000       .debug$S                   0000000180000000     msvcprt:MSVCP140.dll
 0000:ffff2000       .debug$S                   0000000180000000     node:node.exe
 0000:ffff2000       .debug$S                   0000000180000000     msvcprt:MSVCP140.dll
 0000:ffff2000       .debug$S                   0000000180000000     msvcprt:MSVCP140.dll
 0000:ffff2000       .debug$S                   0000000180000000     msvcprt:MSVCP140.dll
 0000:ffff2000       .debug$S                   0000000180000000     msvcprt:MSVCP140.dll
 0000:ffff2000       .debug$S                   0000000180000000     msvcprt:MSVCP140.dll
 0000:ffff2000       .debug$S                   0000000180000000     msvcprt:MSVCP140.dll
 0000:ffff2000       .debug$S                   0000000180000000     msvcprt:MSVCP140.dll
 0000:ffff2000       .debug$S                   0000000180000000     msvcprt:MSVCP140.dll
 0000:ffff2000       .debug$S                   0000000180000000     msvcprt:MSVCP140.dll
 0000:ffff2000       .debug$S                   0000000180000000     msvcprt:MSVCP140.dll
 0000:ffff2000       .debug$S                   0000000180000000     msvcprt:MSVCP140.dll
 0000:ffff2000       .debug$S                   0000000180000000     msvcprt:MSVCP140.dll
 0000:ffff2000       .debug$S                   0000000180000000     msvcprt:MSVCP140.dll
 0000:ffff2000       .debug$S                   0000000180000000     msvcprt:MSVCP140.dll
 0000:ffff2000       .debug$S                   0000000180000000     msvcprt:MSVCP140.dll
 0000:ffff2000       .debug$S                   0000000180000000     msvcprt:MSVCP140.dll
 0001:00000000       ??__EnodeVersion@plugin@@YAXXZ 0000000180001000 f   nodeenvplugin.obj
 0001:00000030       ??__EnodeTag@plugin@@YAXXZ 0000000180001030 f   nodeenvplugin.obj
 0001:00000060       ??__EnodeVendor@plugin@@YAXXZ 0000000180001060 f   nodeenvplugin.obj
 0001:00000090       ??__EnodeName@plugin@@YAXXZ 0000000180001090 f   nodeenvplugin.obj
 0001:000000c0       ??__EcommandLineArguments@plugin@@YAXXZ 00000001800010c0 f   nodeenvplugin.obj
 0001:000002f0       ?GetProcessObject@@YA?AV?$Local@VObject@v8@@@v8@@XZ 00000001800012f0 f   nodeenvplugin.obj
 0001:00000460       ?GetNodeTag@@YA?AV?$basic_string@DU?$char_traits@D@std@@V?$allocator@D@2@@std@@XZ 0000000180001460 f   nodeenvplugin.obj
 0001:00000800       ?getNodeArgv@@YA?AV?$Local@VObject@v8@@@v8@@XZ 0000000180001800 f   nodeenvplugin.obj
 0001:00000950       ?getNodeArgc@@YA_JV?$Local@VObject@v8@@@v8@@@Z 0000000180001950 f   nodeenvplugin.obj
 0001:00000a70       ?GetNodeArguments@@YA?AV?$basic_string@DU?$char_traits@D@std@@V?$allocator@D@2@@std@@V12@@Z 0000000180001a70 f   nodeenvplugin.obj
 0001:00000e80       ?cleanupHandle@@YAXPEAUuv_handle_s@@@Z 0000000180001e80 f   nodeenvplugin.obj
 0001:000011d0       ?GetNodeInformation@@YAXPEAUuv_async_s@@@Z 00000001800021d0 f   nodeenvplugin.obj
 0001:00003220       $$000000                   0000000180004220     MSVCRT:amdsecgs.obj
 0001:0000375c       ?dllmain_crt_dispatch@@YAHQEAUHINSTANCE__@@KQEAX@Z 000000018000475c f   MSVCRT:dll_dllmain.obj
 0001:000037ac       ?dllmain_crt_process_attach@@YAHQEAUHINSTANCE__@@QEAX@Z 00000001800047ac f   MSVCRT:dll_dllmain.obj
 0001:000038c8       ?dllmain_crt_process_detach@@YAH_N@Z 00000001800048c8 f   MSVCRT:dll_dllmain.obj
 0001:00003958       ?dllmain_dispatch@@YAHQEAUHINSTANCE__@@KQEAX@Z 0000000180004958 f   MSVCRT:dll_dllmain.obj
 0001:00003bd4       capture_previous_context   0000000180004bd4 f   MSVCRT:gs_report.obj
 0001:00004450       $$000000                   0000000180005450     MSVCRT:guard_dispatch.obj
 0001:00004470       ?dtor$0@?0??CallOnWorkerThread@Platform@v8@@UEAAXV?$unique_ptr@VTask@v8@@U?$default_delete@VTask@v8@@@std@@@std@@@Z@4HA 0000000180005470 f   nodeenvplugin.obj
 0001:00004470       ?dtor$0@?0??CallBlockingTaskOnWorkerThread@Platform@v8@@UEAAXV?$unique_ptr@VTask@v8@@U?$default_delete@VTask@v8@@@std@@@std@@@Z@4HA 0000000180005470 f   nodeenvplugin.obj
 0001:00004480       ?dtor$0@?0??GetProcessObject@@YA?AV?$Local@VObject@v8@@@v8@@XZ@4HA 0000000180005480 f   nodeenvplugin.obj
 0001:0000448e       ?dtor$2@?0??GetProcessObject@@YA?AV?$Local@VObject@v8@@@v8@@XZ@4HA 000000018000548e f   nodeenvplugin.obj
 0001:000044a0       ?dtor$1@?0??GetNodeTag@@YA?AV?$basic_string@DU?$char_traits@D@std@@V?$allocator@D@2@@std@@XZ@4HA 00000001800054a0 f   nodeenvplugin.obj
 0001:000044ae       ?dtor$3@?0??GetNodeTag@@YA?AV?$basic_string@DU?$char_traits@D@std@@V?$allocator@D@2@@std@@XZ@4HA 00000001800054ae f   nodeenvplugin.obj
 0001:000044bc       ?dtor$5@?0??GetNodeTag@@YA?AV?$basic_string@DU?$char_traits@D@std@@V?$allocator@D@2@@std@@XZ@4HA 00000001800054bc f   nodeenvplugin.obj
 0001:000044ca       ?dtor$7@?0??GetNodeTag@@YA?AV?$basic_string@DU?$char_traits@D@std@@V?$allocator@D@2@@std@@XZ@4HA 00000001800054ca f   nodeenvplugin.obj
 0001:000044d8       ?dtor$9@?0??GetNodeTag@@YA?AV?$basic_string@DU?$char_traits@D@std@@V?$allocator@D@2@@std@@XZ@4HA 00000001800054d8 f   nodeenvplugin.obj
 0001:000044e6       ?dtor$11@?0??GetNodeTag@@YA?AV?$basic_string@DU?$char_traits@D@std@@V?$allocator@D@2@@std@@XZ@4HA 00000001800054e6 f   nodeenvplugin.obj
 0001:00004500       ?dtor$0@?0??getNodeArgv@@YA?AV?$Local@VObject@v8@@@v8@@XZ@4HA 0000000180005500 f   nodeenvplugin.obj
 0001:0000450e       ?dtor$2@?0??getNodeArgv@@YA?AV?$Local@VObject@v8@@@v8@@XZ@4HA 000000018000550e f   nodeenvplugin.obj
 0001:00004520       ?dtor$0@?0??getNodeArgc@@YA_JV?$Local@VObject@v8@@@v8@@@Z@4HA 0000000180005520 f   nodeenvplugin.obj
 0001:00004530       ?dtor$0@?0??GetNodeArguments@@YA?AV?$basic_string@DU?$char_traits@D@std@@V?$allocator@D@2@@std@@V12@@Z@4HA 0000000180005530 f   nodeenvplugin.obj
 0001:0000453c       ?dtor$1@?0??GetNodeArguments@@YA?AV?$basic_string@DU?$char_traits@D@std@@V?$allocator@D@2@@std@@V12@@Z@4HA 000000018000553c f   nodeenvplugin.obj
 0001:00004548       ?dtor$4@?0??GetNodeArguments@@YA?AV?$basic_string@DU?$char_traits@D@std@@V?$allocator@D@2@@std@@V12@@Z@4HA 0000000180005548 f   nodeenvplugin.obj
 0001:00004556       ?dtor$6@?0??GetNodeArguments@@YA?AV?$basic_string@DU?$char_traits@D@std@@V?$allocator@D@2@@std@@V12@@Z@4HA 0000000180005556 f   nodeenvplugin.obj
 0001:00004564       ?dtor$2@?0??GetNodeArguments@@YA?AV?$basic_string@DU?$char_traits@D@std@@V?$allocator@D@2@@std@@V12@@Z@4HA 0000000180005564 f   nodeenvplugin.obj
 0001:00004570       ?dtor$14@?0??GetNodeArguments@@YA?AV?$basic_string@DU?$char_traits@D@std@@V?$allocator@D@2@@std@@V12@@Z@4HA 0000000180005570 f   nodeenvplugin.obj
 0001:000045a0       ?dtor$0@?0??GuessSpaceSizeFromArgs@@YA_KV?$basic_string@DU?$char_traits@D@std@@V?$allocator@D@2@@std@@@Z@4HA 00000001800055a0 f   nodeenvplugin.obj
 0001:000045ac       ?dtor$2@?0??GuessSpaceSizeFromArgs@@YA_KV?$basic_string@DU?$char_traits@D@std@@V?$allocator@D@2@@std@@@Z@4HA 00000001800055ac f   nodeenvplugin.obj
 0001:000045ba       ?dtor$4@?0??GuessSpaceSizeFromArgs@@YA_KV?$basic_string@DU?$char_traits@D@std@@V?$allocator@D@2@@std@@@Z@4HA 00000001800055ba f   nodeenvplugin.obj
 0001:000045d0       ?dtor$0@?0??GetNodeInformation@@YAXPEAUuv_async_s@@@Z@4HA 00000001800055d0 f   nodeenvplugin.obj
 0001:000045dc       ?dtor$14@?0??GetNodeInformation@@YAXPEAUuv_async_s@@@Z@4HA 00000001800055dc f   nodeenvplugin.obj
 0001:000045ea       ?dtor$16@?0??GetNodeInformation@@YAXPEAUuv_async_s@@@Z@4HA 00000001800055ea f   nodeenvplugin.obj
 0001:000045f8       ?dtor$8@?0??GetNodeInformation@@YAXPEAUuv_async_s@@@Z@4HA 00000001800055f8 f   nodeenvplugin.obj
 0001:00004604       ?dtor$9@?0??GetNodeInformation@@YAXPEAUuv_async_s@@@Z@4HA 0000000180005604 f   nodeenvplugin.obj
 0001:00004610       ?dtor$10@?0??GetNodeInformation@@YAXPEAUuv_async_s@@@Z@4HA 0000000180005610 f   nodeenvplugin.obj
 0001:0000461c       ?dtor$54@?0??GetNodeInformation@@YAXPEAUuv_async_s@@@Z@4HA 000000018000561c f   nodeenvplugin.obj
 0001:00004645       ?dtor$11@?0??GetNodeInformation@@YAXPEAUuv_async_s@@@Z@4HA 0000000180005645 f   nodeenvplugin.obj
 0001:00004660       ?dtor$0@?0???0?$basic_stringstream@DU?$char_traits@D@std@@V?$allocator@D@2@@std@@QEAA@H@Z@4HA 0000000180005660 f   nodeenvplugin.obj
 0001:0000468e       ?dtor$1@?0???0?$basic_stringstream@DU?$char_traits@D@std@@V?$allocator@D@2@@std@@QEAA@H@Z@4HA 000000018000568e f   nodeenvplugin.obj
 0001:000046a0       ?dtor$1@?0???$?6U?$char_traits@D@std@@@std@@YAAEAV?$basic_ostream@DU?$char_traits@D@std@@@0@AEAV10@PEBD@Z@4HA 00000001800056a0 f   nodeenvplugin.obj
 0001:000046a0       ?dtor$1@?0???$_Insert_string@DU?$char_traits@D@std@@_K@std@@YAAEAV?$basic_ostream@DU?$char_traits@D@std@@@0@AEAV10@QEBD_K@Z@4HA 00000001800056a0 f   nodeenvplugin.obj
 0001:000046a0       ?dtor$1@?0???$?6U?$char_traits@D@std@@@std@@YAAEAV?$basic_ostream@DU?$char_traits@D@std@@@0@AEAV10@D@Z@4HA 00000001800056a0 f   nodeenvplugin.obj
 0001:000046ac       ?dtor$0@?0???$_Insert_string@DU?$char_traits@D@std@@_K@std@@YAAEAV?$basic_ostream@DU?$char_traits@D@std@@@0@AEAV10@QEBD_K@Z@4HA 00000001800056ac f   nodeenvplugin.obj
 0001:000046ac       ?dtor$0@?0???$?6U?$char_traits@D@std@@@std@@YAAEAV?$basic_ostream@DU?$char_traits@D@std@@@0@AEAV10@D@Z@4HA 00000001800056ac f   nodeenvplugin.obj
 0001:000046ac       ?dtor$0@?0???$?6U?$char_traits@D@std@@@std@@YAAEAV?$basic_ostream@DU?$char_traits@D@std@@@0@AEAV10@PEBD@Z@4HA 00000001800056ac f   nodeenvplugin.obj
 0001:000046b8       ?fin$0@?0???_M@YAXPEAX_K1P6AX0@Z@Z@4HA 00000001800056b8 f   MSVCRT:ehvecdtr.obj
 0001:000046e4       ?filt$0@?0??__ArrayUnwind@@YAXPEAX_K1P6AX0@Z@Z@4HA 00000001800056e4 f   MSVCRT:ehvecdtr.obj
 0001:00004725       __scrt_is_nonwritable_in_current_image$filt$0 0000000180005725 f   MSVCRT:utility.obj
 0001:0000473d       ?fin$0@?0??dllmain_crt_process_attach@@YAHQEAUHINSTANCE__@@QEAX@Z@4HA 000000018000573d f   MSVCRT:dll_dllmain.obj
 0001:00004754       ?fin$0@?0??dllmain_crt_process_detach@@YAH_N@Z@4HA 0000000180005754 f   MSVCRT:dll_dllmain.obj
 0001:00004770       ?filt$0@?0??dllmain_dispatch@@YAHQEAUHINSTANCE__@@KQEAX@Z@4HA 0000000180005770 f   MSVCRT:dll_dllmain.obj
 0001:000047b0       ??__FnodeVersion@plugin@@YAXXZ 00000001800057b0 f   nodeenvplugin.obj
 0001:00004820       ??__FnodeTag@plugin@@YAXXZ 0000000180005820 f   nodeenvplugin.obj
 0001:00004890       ??__FnodeVendor@plugin@@YAXXZ 0000000180005890 f   nodeenvplugin.obj
 0001:00004900       ??__FnodeName@plugin@@YAXXZ 0000000180005900 f   nodeenvplugin.obj
 0001:00004970       ??__FcommandLineArguments@plugin@@YAXXZ 0000000180005970 f   nodeenvplugin.obj
 0002:00000330       ?nodeName$initializer$@plugin@@3P6AXXZEA 0000000180006330     nodeenvplugin.obj
 0002:00000338       ?nodeVendor$initializer$@plugin@@3P6AXXZEA 0000000180006338     nodeenvplugin.obj
 0002:00000340       ?nodeVersion$initializer$@plugin@@3P6AXXZEA 0000000180006340     nodeenvplugin.obj
 0002:00000348       ?nodeTag$initializer$@plugin@@3P6AXXZEA 0000000180006348     nodeenvplugin.obj
 0002:00000350       ?commandLineArguments$initializer$@plugin@@3P6AXXZEA 0000000180006350     nodeenvplugin.obj
 0002:00000398       GS_ExceptionPointers       0000000180006398     MSVCRT:gs_report.obj
 0002:00000868       $cppxdata$??$_Insert_string@DU?$char_traits@D@std@@_K@std@@YAAEAV?$basic_ostream@DU?$char_traits@D@std@@@0@AEAV10@QEBD_K@Z 0000000180006868     nodeenvplugin.obj
 0002:00000890       $cppxdata$??$?6U?$char_traits@D@std@@@std@@YAAEAV?$basic_ostream@DU?$char_traits@D@std@@@0@AEAV10@D@Z 0000000180006890     nodeenvplugin.obj
 0002:000008b8       $cppxdata$??$?6U?$char_traits@D@std@@@std@@YAAEAV?$basic_ostream@DU?$char_traits@D@std@@@0@AEAV10@PEBD@Z 00000001800068b8     nodeenvplugin.obj
 0002:000008e0       $cppxdata$??1_Sentry_base@?$basic_ostream@DU?$char_traits@D@std@@@std@@QEAA@XZ 00000001800068e0     nodeenvplugin.obj
 0002:00000908       $cppxdata$??1sentry@?$basic_ostream@DU?$char_traits@D@std@@@std@@QEAA@XZ 0000000180006908     nodeenvplugin.obj
 0002:00000930       $cppxdata$??0?$basic_stringstream@DU?$char_traits@D@std@@V?$allocator@D@2@@std@@QEAA@H@Z 0000000180006930     nodeenvplugin.obj
 0002:00000958       $cppxdata$??1?$unique_ptr@VTask@v8@@U?$default_delete@VTask@v8@@@std@@@std@@QEAA@XZ 0000000180006958     nodeenvplugin.obj
 0002:00000980       $cppxdata$?GetNodeInformation@@YAXPEAUuv_async_s@@@Z 0000000180006980     nodeenvplugin.obj
 0002:000009a8       $cppxdata$?GuessSpaceSizeFromArgs@@YA_KV?$basic_string@DU?$char_traits@D@std@@V?$allocator@D@2@@std@@@Z 00000001800069a8     nodeenvplugin.obj
 0002:000009d0       $cppxdata$?GetNodeArguments@@YA?AV?$basic_string@DU?$char_traits@D@std@@V?$allocator@D@2@@std@@V12@@Z 00000001800069d0     nodeenvplugin.obj
 0002:000009f8       $cppxdata$?getNodeArgc@@YA_JV?$Local@VObject@v8@@@v8@@@Z 00000001800069f8     nodeenvplugin.obj
 0002:00000a20       $cppxdata$?getNodeArgv@@YA?AV?$Local@VObject@v8@@@v8@@XZ 0000000180006a20     nodeenvplugin.obj
 0002:00000a48       $cppxdata$?GetNodeTag@@YA?AV?$basic_string@DU?$char_traits@D@std@@V?$allocator@D@2@@std@@XZ 0000000180006a48     nodeenvplugin.obj
 0002:00000a70       $cppxdata$?GetProcessObject@@YA?AV?$Local@VObject@v8@@@v8@@XZ 0000000180006a70     nodeenvplugin.obj
 0002:00000a98       $cppxdata$??_EMultiIsolatePlatform@node@@UEAAPEAXI@Z 0000000180006a98     nodeenvplugin.obj
 0002:00000ac0       $cppxdata$?CallBlockingTaskOnWorkerThread@Platform@v8@@UEAAXV?$unique_ptr@VTask@v8@@U?$default_delete@VTask@v8@@@std@@@std@@@Z 0000000180006ac0     nodeenvplugin.obj
 0002:00000ae8       $cppxdata$?CallOnWorkerThread@Platform@v8@@UEAAXV?$unique_ptr@VTask@v8@@U?$default_delete@VTask@v8@@@std@@@std@@@Z 0000000180006ae8     nodeenvplugin.obj
 0002:00001210       $unwind$__scrt_dllmain_uninitialize_c 0000000180007210     MSVCRT:utility.obj
 0002:00001210       $unwind$??__FnodeTag@plugin@@YAXXZ 0000000180007210     nodeenvplugin.obj
 0002:00001210       $unwind$__scrt_initialize_default_local_stdio_options 0000000180007210     MSVCRT:default_local_stdio_options.obj
 0002:00001210       $unwind$?CallOnBackgroundThread@Platform@v8@@UEAAXPEAVTask@2@W4ExpectedRuntime@12@@Z 0000000180007210     nodeenvplugin.obj
 0002:00001210       $unwind$__GSHandlerCheck   0000000180007210     MSVCRT:gshandler.obj
 0002:00001210       $unwind$??__FnodeVersion@plugin@@YAXXZ 0000000180007210     nodeenvplugin.obj
 0002:00001210       $unwind$__scrt_dllmain_uninitialize_critical 0000000180007210     MSVCRT:utility.obj
 0002:00001210       $unwind$__scrt_acquire_startup_lock 0000000180007210     MSVCRT:utility.obj
 0002:00001210       $unwind$__scrt_dllmain_crt_thread_attach 0000000180007210     MSVCRT:utility.obj
 0002:00001210       $unwind$?dllmain_crt_dispatch@@YAHQEAUHINSTANCE__@@KQEAX@Z 0000000180007210     MSVCRT:dll_dllmain.obj
 0002:00001210       $unwind$DllMain            0000000180007210     MSVCRT:dll_dllmain_stub.obj
 0002:00001210       $unwind$__scrt_dllmain_after_initialize_c 0000000180007210     MSVCRT:utility.obj
 0002:00001210       $unwind$?GetBackgroundTaskRunner@Platform@v8@@UEAA?AV?$shared_ptr@VTaskRunner@v8@@@std@@PEAVIsolate@2@@Z 0000000180007210     nodeenvplugin.obj
 0002:00001210       $unwind$?_Xlen@?$basic_string@DU?$char_traits@D@std@@V?$allocator@D@2@@std@@SAXXZ 0000000180007210     nodeenvplugin.obj
 0002:00001210       $unwind$__scrt_dllmain_crt_thread_detach 0000000180007210     MSVCRT:utility.obj
 0002:00001210       $unwind$ibmras_monitoring_plugin_stop 0000000180007210     nodeenvplugin.obj
 0002:00001210       $unwind$atexit             0000000180007210     MSVCRT:utility.obj
 0002:00001210       $unwind$??__FnodeVendor@plugin@@YAXXZ 0000000180007210     nodeenvplugin.obj
 0002:00001210       $unwind$??__FnodeName@plugin@@YAXXZ 0000000180007210     nodeenvplugin.obj
 0002:00001210       $unwind$??__FcommandLineArguments@plugin@@YAXXZ 0000000180007210     nodeenvplugin.obj
 0002:00001210       $unwind$__scrt_dllmain_before_initialize_c 0000000180007210     MSVCRT:utility.obj
 0002:00001218       $unwind$ibmras_monitoring_plugin_start 0000000180007218     nodeenvplugin.obj
 0002:00001218       $unwind$__scrt_uninitialize_crt 0000000180007218     MSVCRT:utility.obj
 0002:00001218       $unwind$__scrt_initialize_crt 0000000180007218     MSVCRT:utility.obj
 0002:00001218       $unwind$??0bad_array_new_length@std@@QEAA@AEBV01@@Z 0000000180007218     MSVCRT:throw_bad_alloc.obj
 0002:00001218       $unwind$__scrt_release_startup_lock 0000000180007218     MSVCRT:utility.obj
 0002:00001218       $unwind$??0bad_alloc@std@@QEAA@AEBV01@@Z 0000000180007218     MSVCRT:throw_bad_alloc.obj
 0002:00001218       $unwind$_onexit            0000000180007218     MSVCRT:utility.obj
 0002:00001218       $unwind$??_Gtype_info@@UEAAPEAXI@Z 0000000180007218     MSVCRT:std_type_info_static.obj
 0002:00001218       $unwind$??_D?$basic_stringstream@DU?$char_traits@D@std@@V?$allocator@D@2@@std@@QEAAXXZ 0000000180007218     nodeenvplugin.obj
 0002:00001218       $unwind$??1?$basic_stringbuf@DU?$char_traits@D@std@@V?$allocator@D@2@@std@@UEAA@XZ 0000000180007218     nodeenvplugin.obj
 0002:00001218       $unwind$??0exception@std@@QEAA@AEBV01@@Z 0000000180007218     MSVCRT:throw_bad_alloc.obj
 0002:00001218       $unwind$??2@YAPEAX_K@Z     0000000180007218     MSVCRT:new_scalar.obj
 0002:00001218       $unwind$?GetWorkerThreadsTaskRunner@Platform@v8@@UEAA?AV?$shared_ptr@VTaskRunner@v8@@@std@@PEAVIsolate@2@@Z 0000000180007218     nodeenvplugin.obj
 0002:00001218       $unwind$__raise_securityfailure 0000000180007218     MSVCRT:gs_report.obj
 0002:00001218       $unwind$??1?$basic_string@DU?$char_traits@D@std@@V?$allocator@D@2@@std@@QEAA@XZ 0000000180007218     nodeenvplugin.obj
 0002:00001220       $unwind$?CallOnWorkerThread@Platform@v8@@UEAAXV?$unique_ptr@VTask@v8@@U?$default_delete@VTask@v8@@@std@@@std@@@Z 0000000180007220     nodeenvplugin.obj
 0002:00001230       $stateUnwindMap$?CallOnWorkerThread@Platform@v8@@UEAAXV?$unique_ptr@VTask@v8@@U?$default_delete@VTask@v8@@@std@@@std@@@Z 0000000180007230     nodeenvplugin.obj
 0002:00001230       $stateUnwindMap$?CallBlockingTaskOnWorkerThread@Platform@v8@@UEAAXV?$unique_ptr@VTask@v8@@U?$default_delete@VTask@v8@@@std@@@std@@@Z 0000000180007230     nodeenvplugin.obj
 0002:00001240       $ip2state$?CallOnWorkerThread@Platform@v8@@UEAAXV?$unique_ptr@VTask@v8@@U?$default_delete@VTask@v8@@@std@@@std@@@Z 0000000180007240     nodeenvplugin.obj
 0002:00001250       $unwind$?CallBlockingTaskOnWorkerThread@Platform@v8@@UEAAXV?$unique_ptr@VTask@v8@@U?$default_delete@VTask@v8@@@std@@@std@@@Z 0000000180007250     nodeenvplugin.obj
 0002:00001260       $ip2state$?CallBlockingTaskOnWorkerThread@Platform@v8@@UEAAXV?$unique_ptr@VTask@v8@@U?$default_delete@VTask@v8@@@std@@@std@@@Z 0000000180007260     nodeenvplugin.obj
 0002:00001270       $unwind$??_EMultiIsolatePlatform@node@@UEAAPEAXI@Z 0000000180007270     nodeenvplugin.obj
 0002:00001288       $ip2state$??_EMultiIsolatePlatform@node@@UEAAPEAXI@Z 0000000180007288     nodeenvplugin.obj
 0002:00001290       $unwind$?GetProcessObject@@YA?AV?$Local@VObject@v8@@@v8@@XZ 0000000180007290     nodeenvplugin.obj
 0002:000012a8       $stateUnwindMap$?GetProcessObject@@YA?AV?$Local@VObject@v8@@@v8@@XZ 00000001800072a8     nodeenvplugin.obj
 0002:000012b8       $ip2state$?GetProcessObject@@YA?AV?$Local@VObject@v8@@@v8@@XZ 00000001800072b8     nodeenvplugin.obj
 0002:000012e0       $unwind$?GetNodeTag@@YA?AV?$basic_string@DU?$char_traits@D@std@@V?$allocator@D@2@@std@@XZ 00000001800072e0     nodeenvplugin.obj
 0002:00001304       $stateUnwindMap$?GetNodeTag@@YA?AV?$basic_string@DU?$char_traits@D@std@@V?$allocator@D@2@@std@@XZ 0000000180007304     nodeenvplugin.obj
 0002:00001340       $ip2state$?GetNodeTag@@YA?AV?$basic_string@DU?$char_traits@D@std@@V?$allocator@D@2@@std@@XZ 0000000180007340     nodeenvplugin.obj
 0002:000013a8       $unwind$?getNodeArgv@@YA?AV?$Local@VObject@v8@@@v8@@XZ 00000001800073a8     nodeenvplugin.obj
 0002:000013bc       $stateUnwindMap$?getNodeArgv@@YA?AV?$Local@VObject@v8@@@v8@@XZ 00000001800073bc     nodeenvplugin.obj
 0002:000013d0       $ip2state$?getNodeArgv@@YA?AV?$Local@VObject@v8@@@v8@@XZ 00000001800073d0     nodeenvplugin.obj
 0002:000013f8       $unwind$?getNodeArgc@@YA_JV?$Local@VObject@v8@@@v8@@@Z 00000001800073f8     nodeenvplugin.obj
 0002:0000140c       $stateUnwindMap$?getNodeArgc@@YA_JV?$Local@VObject@v8@@@v8@@@Z 000000018000740c     nodeenvplugin.obj
 0002:00001418       $ip2state$?getNodeArgc@@YA_JV?$Local@VObject@v8@@@v8@@@Z 0000000180007418     nodeenvplugin.obj
 0002:00001430       $unwind$?GetNodeArguments@@YA?AV?$basic_string@DU?$char_traits@D@std@@V?$allocator@D@2@@std@@V12@@Z 0000000180007430     nodeenvplugin.obj
 0002:00001458       $stateUnwindMap$?GetNodeArguments@@YA?AV?$basic_string@DU?$char_traits@D@std@@V?$allocator@D@2@@std@@V12@@Z 0000000180007458     nodeenvplugin.obj
 0002:00001490       $ip2state$?GetNodeArguments@@YA?AV?$basic_string@DU?$char_traits@D@std@@V?$allocator@D@2@@std@@V12@@Z 0000000180007490     nodeenvplugin.obj
 0002:000014e0       $unwind$?filt$0@?0??__ArrayUnwind@@YAXPEAX_K1P6AX0@Z@Z@4HA 00000001800074e0     MSVCRT:ehvecdtr.obj
 0002:000014e0       $unwind$?fin$0@?0???_M@YAXPEAX_K1P6AX0@Z@Z@4HA 00000001800074e0     MSVCRT:ehvecdtr.obj
 0002:000014e0       $unwind$?fin$0@?0??dllmain_crt_process_attach@@YAHQEAUHINSTANCE__@@QEAX@Z@4HA 00000001800074e0     MSVCRT:dll_dllmain.obj
 0002:000014e0       $unwind$?dtor$54@?0??GetNodeInformation@@YAXPEAUuv_async_s@@@Z@4HA 00000001800074e0     nodeenvplugin.obj
 0002:000014e0       $unwind$?fin$0@?0??dllmain_crt_process_detach@@YAH_N@Z@4HA 00000001800074e0     MSVCRT:dll_dllmain.obj
 0002:000014e0       $unwind$?dtor$0@?0???0?$basic_stringstream@DU?$char_traits@D@std@@V?$allocator@D@2@@std@@QEAA@H@Z@4HA 00000001800074e0     nodeenvplugin.obj
 0002:000014e0       $unwind$?dtor$14@?0??GetNodeArguments@@YA?AV?$basic_string@DU?$char_traits@D@std@@V?$allocator@D@2@@std@@V12@@Z@4HA 00000001800074e0     nodeenvplugin.obj
 0002:000014e8       $unwind$?GuessSpaceSizeFromArgs@@YA_KV?$basic_string@DU?$char_traits@D@std@@V?$allocator@D@2@@std@@@Z 00000001800074e8     nodeenvplugin.obj
 0002:00001514       $stateUnwindMap$?GuessSpaceSizeFromArgs@@YA_KV?$basic_string@DU?$char_traits@D@std@@V?$allocator@D@2@@std@@@Z 0000000180007514     nodeenvplugin.obj
 0002:00001530       $ip2state$?GuessSpaceSizeFromArgs@@YA_KV?$basic_string@DU?$char_traits@D@std@@V?$allocator@D@2@@std@@@Z 0000000180007530     nodeenvplugin.obj
 0002:00001568       $unwind$?GetNodeInformation@@YAXPEAUuv_async_s@@@Z 0000000180007568     nodeenvplugin.obj
 0002:00001594       $stateUnwindMap$?GetNodeInformation@@YAXPEAUuv_async_s@@@Z 0000000180007594     nodeenvplugin.obj
 0002:000015e0       $ip2state$?GetNodeInformation@@YAXPEAUuv_async_s@@@Z 00000001800075e0     nodeenvplugin.obj
 0002:00001658       $unwind$ibmras_monitoring_registerPushSource 0000000180007658     nodeenvplugin.obj
 0002:0000166c       $chain$0$ibmras_monitoring_registerPushSource 000000018000766c     nodeenvplugin.obj
 0002:00001680       $chain$1$ibmras_monitoring_registerPushSource 0000000180007680     nodeenvplugin.obj
 0002:00001694       $chain$2$ibmras_monitoring_registerPushSource 0000000180007694     nodeenvplugin.obj
 0002:000016a8       $chain$3$ibmras_monitoring_registerPushSource 00000001800076a8     nodeenvplugin.obj
 0002:000016b8       $chain$4$ibmras_monitoring_registerPushSource 00000001800076b8     nodeenvplugin.obj
 0002:000016c8       $chain$5$ibmras_monitoring_registerPushSource 00000001800076c8     nodeenvplugin.obj
 0002:000016d8       $unwind$??1?$unique_ptr@VTask@v8@@U?$default_delete@VTask@v8@@@std@@@std@@QEAA@XZ 00000001800076d8     nodeenvplugin.obj
 0002:000016e8       $stateUnwindMap$??1sentry@?$basic_ostream@DU?$char_traits@D@std@@@std@@QEAA@XZ 00000001800076e8     nodeenvplugin.obj
 0002:000016e8       $stateUnwindMap$??1?$unique_ptr@VTask@v8@@U?$default_delete@VTask@v8@@@std@@@std@@QEAA@XZ 00000001800076e8     nodeenvplugin.obj
 0002:000016f0       $ip2state$??1?$unique_ptr@VTask@v8@@U?$default_delete@VTask@v8@@@std@@@std@@QEAA@XZ 00000001800076f0     nodeenvplugin.obj
 0002:000016f8       $unwind$??0?$basic_stringstream@DU?$char_traits@D@std@@V?$allocator@D@2@@std@@QEAA@H@Z 00000001800076f8     nodeenvplugin.obj
 0002:0000170c       $stateUnwindMap$??0?$basic_stringstream@DU?$char_traits@D@std@@V?$allocator@D@2@@std@@QEAA@H@Z 000000018000770c     nodeenvplugin.obj
 0002:00001720       $ip2state$??0?$basic_stringstream@DU?$char_traits@D@std@@V?$allocator@D@2@@std@@QEAA@H@Z 0000000180007720     nodeenvplugin.obj
 0002:00001738       $unwind$?seekpos@?$basic_stringbuf@DU?$char_traits@D@std@@V?$allocator@D@2@@std@@MEAA?AV?$fpos@U_Mbstatet@@@2@V32@H@Z 0000000180007738     nodeenvplugin.obj
 0002:0000174c       $unwind$?seekoff@?$basic_stringbuf@DU?$char_traits@D@std@@V?$allocator@D@2@@std@@MEAA?AV?$fpos@U_Mbstatet@@@2@_JHH@Z 000000018000774c     nodeenvplugin.obj
 0002:00001764       $unwind$?overflow@?$basic_stringbuf@DU?$char_traits@D@std@@V?$allocator@D@2@@std@@MEAAHH@Z 0000000180007764     nodeenvplugin.obj
[...]
 0002:000018ec       $chain$3$??$_Reallocate_grow_by@V<lambda_65e615be2a453ca0576c979606f46740>@@PEBD_K@?$basic_string@DU?$char_traits@D@std@@V?$allocator@D@2@@std@@QEAAAEAV01@_KV<lambda_65e615be2a453ca0576c979606f46740>@@PEBD_K@Z 00000001800078ec     nodeenvplugin.obj
 0002:0000190c       $chain$4$??$_Reallocate_grow_by@V<lambda_65e615be2a453ca0576c979606f46740>@@PEBD_K@?$basic_string@DU?$char_traits@D@std@@V?$allocator@D@2@@std@@QEAAAEAV01@_KV<lambda_65e615be2a453ca0576c979606f46740>@@PEBD_K@Z 000000018000790c     nodeenvplugin.obj
 0002:0000191c       $unwind$??$_Insert_string@DU?$char_traits@D@std@@_K@std@@YAAEAV?$basic_ostream@DU?$char_traits@D@std@@@0@AEAV10@QEBD_K@Z 000000018000791c     nodeenvplugin.obj
 0002:00001940       $ip2state$??$_Insert_string@DU?$char_traits@D@std@@_K@std@@YAAEAV?$basic_ostream@DU?$char_traits@D@std@@@0@AEAV10@QEBD_K@Z 0000000180007940     nodeenvplugin.obj
 0002:00001970       $xdatasym                  0000000180007970     MSVCRT:amdsecgs.obj
 0002:00001974       $unwind$??_M@YAXPEAX_K1P6AX0@Z@Z 0000000180007974     MSVCRT:ehvecdtr.obj
 0002:0000199c       $unwind$?__ArrayUnwind@@YAXPEAX_K1P6AX0@Z@Z 000000018000799c     MSVCRT:ehvecdtr.obj
 0002:000019c8       $unwind$__scrt_is_nonwritable_in_current_image 00000001800079c8     MSVCRT:utility.obj
 0002:000019e8       $unwind$__scrt_is_nonwritable_in_current_image$filt$0 00000001800079e8     MSVCRT:utility.obj
 0002:000019f0       $unwind$__scrt_initialize_onexit_tables 00000001800079f0     MSVCRT:utility.obj
 0002:000019f8       $unwind$__scrt_dllmain_exception_filter 00000001800079f8     MSVCRT:utility.obj
 0002:00001a0c       $unwind$?dllmain_crt_process_attach@@YAHQEAUHINSTANCE__@@QEAX@Z 0000000180007a0c     MSVCRT:dll_dllmain.obj
 0002:00001a48       $unwind$?dllmain_crt_process_detach@@YAH_N@Z 0000000180007a48     MSVCRT:dll_dllmain.obj
 0002:00001a80       $unwind$?dllmain_dispatch@@YAHQEAUHINSTANCE__@@KQEAX@Z 0000000180007a80     MSVCRT:dll_dllmain.obj
 0002:00001aa8       $unwind$?filt$0@?0??dllmain_dispatch@@YAHQEAUHINSTANCE__@@KQEAX@Z@4HA 0000000180007aa8     MSVCRT:dll_dllmain.obj
 0002:00001ab0       $unwind$__report_gsfailure 0000000180007ab0     MSVCRT:gs_report.obj
 0002:00001ab8       $unwind$capture_previous_context 0000000180007ab8     MSVCRT:gs_report.obj
 0002:00001ac4       $unwind$?__scrt_throw_std_bad_array_new_length@@YAXXZ 0000000180007ac4     MSVCRT:throw_bad_alloc.obj
 0002:00001ac4       $unwind$?__scrt_throw_std_bad_alloc@@YAXXZ 0000000180007ac4     MSVCRT:throw_bad_alloc.obj
 0002:00001acc       $unwind$__isa_available_init 0000000180007acc     MSVCRT:cpu_disp.obj
 0002:00001adc       $unwind$__scrt_fastfail    0000000180007adc     MSVCRT:utility_desktop.obj
 0002:00001aec       $unwind$__security_init_cookie 0000000180007aec     MSVCRT:gs_support.obj
 0002:00001af8       $xdatasym                  0000000180007af8     MSVCRT:guard_dispatch.obj
 0002:00001afc       $unwind$__GSHandlerCheckCommon 0000000180007afc     MSVCRT:gshandler.obj
 0002:00001b04       $unwind$__GSHandlerCheck_EH 0000000180007b04     MSVCRT:gshandlereh.obj
 0002:00001c10       .edata                     0000000180007c10     nodeenvplugin.exp
 0002:00001c38       rgpv                       0000000180007c38     nodeenvplugin.exp
 0002:00001c60       rgszName                   0000000180007c60     nodeenvplugin.exp
 0002:00001c88       rgwOrd                     0000000180007c88     nodeenvplugin.exp
 0002:00001c9c       szName                     0000000180007c9c     nodeenvplugin.exp
 0002:00001cae       $N00001                    0000000180007cae     nodeenvplugin.exp
 0002:00001cdb       $N00002                    0000000180007cdb     nodeenvplugin.exp
 0002:00001d01       $N00003                    0000000180007d01     nodeenvplugin.exp
 0002:00001d27       $N00004                    0000000180007d27     nodeenvplugin.exp
 0002:00001d5a       $N00005                    0000000180007d5a     nodeenvplugin.exp
 0002:00001d7d       $N00006                    0000000180007d7d     nodeenvplugin.exp
 0002:00001d9a       $N00007                    0000000180007d9a     nodeenvplugin.exp
 0002:00001db8       $N00008                    0000000180007db8     nodeenvplugin.exp
 0002:00001dd7       $N00009                    0000000180007dd7     nodeenvplugin.exp
 0002:00001df5       $N00010                    0000000180007df5     nodeenvplugin.exp
 0002:0000282c       .idata$6                   000000018000882c     node:node.exe
 0002:00002cba       .idata$6                   0000000180008cba     msvcprt:MSVCP140.dll
 0002:00002d86       .idata$6                   0000000180008d86     vcruntime:VCRUNTIME140.dll
 0002:00002eca       .idata$6                   0000000180008eca     ucrt:api-ms-win-crt-runtime-l1-1-0.dll
 0002:00002eec       .idata$6                   0000000180008eec     ucrt:api-ms-win-crt-convert-l1-1-0.dll
 0002:00002f0e       .idata$6                   0000000180008f0e     ucrt:api-ms-win-crt-heap-l1-1-0.dll
 0002:00003094       .idata$6                   0000000180009094     kernel32:KERNEL32.dll
 0003:000000f0       ?is_initialized_as_dll@@3_NA 000000018000a0f0     MSVCRT:utility.obj
 0003:000000f1       ?module_local_atexit_table_initialized@@3_NA 000000018000a0f1     MSVCRT:utility.obj
 0003:000000f8       ?module_local_atexit_table@@3U_onexit_table_t@@A 000000018000a0f8     MSVCRT:utility.obj
 0003:00000110       ?module_local_at_quick_exit_table@@3U_onexit_table_t@@A 000000018000a110     MSVCRT:utility.obj
 0003:00000128       ?__proc_attached@@3HA      000000018000a128     MSVCRT:dll_dllmain.obj
 0003:00000130       GS_ExceptionRecord         000000018000a130     MSVCRT:gs_report.obj
 0003:000001d0       GS_ContextRecord           000000018000a1d0     MSVCRT:gs_report.obj
 0004:00000000       $pdata$?CallOnBackgroundThread@Platform@v8@@UEAAXPEAVTask@2@W4ExpectedRuntime@12@@Z 000000018000b000     nodeenvplugin.obj
 0004:00000000       $pdata$?GetBackgroundTaskRunner@Platform@v8@@UEAA?AV?$shared_ptr@VTaskRunner@v8@@@std@@PEAVIsolate@2@@Z 000000018000b000     nodeenvplugin.obj
 0004:0000000c       $pdata$?GetWorkerThreadsTaskRunner@Platform@v8@@UEAA?AV?$shared_ptr@VTaskRunner@v8@@@std@@PEAVIsolate@2@@Z 000000018000b00c     nodeenvplugin.obj
 0004:00000018       $pdata$?CallOnWorkerThread@Platform@v8@@UEAAXV?$unique_ptr@VTask@v8@@U?$default_delete@VTask@v8@@@std@@@std@@@Z 000000018000b018     nodeenvplugin.obj
 0004:00000024       $pdata$?CallBlockingTaskOnWorkerThread@Platform@v8@@UEAAXV?$unique_ptr@VTask@v8@@U?$default_delete@VTask@v8@@@std@@@std@@@Z 000000018000b024     nodeenvplugin.obj
 0004:00000030       $pdata$??_EMultiIsolatePlatform@node@@UEAAPEAXI@Z 000000018000b030     nodeenvplugin.obj
 0004:0000003c       $pdata$?GetProcessObject@@YA?AV?$Local@VObject@v8@@@v8@@XZ 000000018000b03c     nodeenvplugin.obj
 0004:00000048       $pdata$?GetNodeTag@@YA?AV?$basic_string@DU?$char_traits@D@std@@V?$allocator@D@2@@std@@XZ 000000018000b048     nodeenvplugin.obj
 0004:00000054       $pdata$?getNodeArgv@@YA?AV?$Local@VObject@v8@@@v8@@XZ 000000018000b054     nodeenvplugin.obj
 0004:00000060       $pdata$?getNodeArgc@@YA_JV?$Local@VObject@v8@@@v8@@@Z 000000018000b060     nodeenvplugin.obj
 0004:0000006c       $pdata$?GetNodeArguments@@YA?AV?$basic_string@DU?$char_traits@D@std@@V?$allocator@D@2@@std@@V12@@Z 000000018000b06c     nodeenvplugin.obj
 0004:00000078       $pdata$??_D?$basic_stringstream@DU?$char_traits@D@std@@V?$allocator@D@2@@std@@QEAAXXZ 000000018000b078     nodeenvplugin.obj
 0004:00000084       $pdata$?GuessSpaceSizeFromArgs@@YA_KV?$basic_string@DU?$char_traits@D@std@@V?$allocator@D@2@@std@@@Z 000000018000b084     nodeenvplugin.obj
 0004:00000090       $pdata$?GetNodeInformation@@YAXPEAUuv_async_s@@@Z 000000018000b090     nodeenvplugin.obj
 0004:0000009c       $pdata$ibmras_monitoring_registerPushSource 000000018000b09c     nodeenvplugin.obj
 0004:000000a8       $pdata$0$ibmras_monitoring_registerPushSource 000000018000b0a8     nodeenvplugin.obj
 0004:000000b4       $pdata$1$ibmras_monitoring_registerPushSource 000000018000b0b4     nodeenvplugin.obj
 0004:000000c0       $pdata$2$ibmras_monitoring_registerPushSource 000000018000b0c0     nodeenvplugin.obj
 0004:000000cc       $pdata$3$ibmras_monitoring_registerPushSource 000000018000b0cc     nodeenvplugin.obj
 0004:000000d8       $pdata$4$ibmras_monitoring_registerPushSource 000000018000b0d8     nodeenvplugin.obj
 0004:000000e4       $pdata$5$ibmras_monitoring_registerPushSource 000000018000b0e4     nodeenvplugin.obj
 0004:000000f0       $pdata$ibmras_monitoring_plugin_start 000000018000b0f0     nodeenvplugin.obj
 0004:000000fc       $pdata$ibmras_monitoring_plugin_stop 000000018000b0fc     nodeenvplugin.obj
 0004:00000108       $pdata$??1?$unique_ptr@VTask@v8@@U?$default_delete@VTask@v8@@@std@@@std@@QEAA@XZ 000000018000b108     nodeenvplugin.obj
 0004:00000114       $pdata$??1?$basic_string@DU?$char_traits@D@std@@V?$allocator@D@2@@std@@QEAA@XZ 000000018000b114     nodeenvplugin.obj
 0004:00000120       $pdata$??0?$basic_stringstream@DU?$char_traits@D@std@@V?$allocator@D@2@@std@@QEAA@H@Z 000000018000b120     nodeenvplugin.obj
 0004:0000012c       $pdata$?seekpos@?$basic_stringbuf@DU?$char_traits@D@std@@V?$allocator@D@2@@std@@MEAA?AV?$fpos@U_Mbstatet@@@2@V32@H@Z 000000018000b12c     nodeenvplugin.obj
 0004:00000138       $pdata$?seekoff@?$basic_stringbuf@DU?$char_traits@D@std@@V?$allocator@D@2@@std@@MEAA?AV?$fpos@U_Mbstatet@@@2@_JHH@Z 000000018000b138     nodeenvplugin.obj
 0004:00000144       $pdata$?overflow@?$basic_stringbuf@DU?$char_traits@D@std@@V?$allocator@D@2@@std@@MEAAHH@Z 000000018000b144     nodeenvplugin.obj
 0004:00000150       $pdata$??1?$basic_stringbuf@DU?$char_traits@D@std@@V?$allocator@D@2@@std@@UEAA@XZ 000000018000b150     nodeenvplugin.obj
 0004:0000015c       $pdata$??_G?$basic_stringstream@DU?$char_traits@D@std@@V?$allocator@D@2@@std@@UEAAPEAXI@Z 000000018000b15c     nodeenvplugin.obj
 0004:00000168       $pdata$??_G?$basic_stringbuf@DU?$char_traits@D@std@@V?$allocator@D@2@@std@@UEAAPEAXI@Z 000000018000b168     nodeenvplugin.obj
 0004:00000174       $pdata$??1sentry@?$basic_ostream@DU?$char_traits@D@std@@@std@@QEAA@XZ 000000018000b174     nodeenvplugin.obj
 0004:00000180       $pdata$?assign@?$basic_string@DU?$char_traits@D@std@@V?$allocator@D@2@@std@@QEAAAEAV12@QEBD_K@Z 000000018000b180     nodeenvplugin.obj
 0004:0000018c       $pdata$0$?assign@?$basic_string@DU?$char_traits@D@std@@V?$allocator@D@2@@std@@QEAAAEAV12@QEBD_K@Z 000000018000b18c     nodeenvplugin.obj
 0004:00000198       $pdata$1$?assign@?$basic_string@DU?$char_traits@D@std@@V?$allocator@D@2@@std@@QEAAAEAV12@QEBD_K@Z 000000018000b198     nodeenvplugin.obj
 0004:000001a4       $pdata$2$?assign@?$basic_string@DU?$char_traits@D@std@@V?$allocator@D@2@@std@@QEAAAEAV12@QEBD_K@Z 000000018000b1a4     nodeenvplugin.obj
 0004:000001b0       $pdata$3$?assign@?$basic_string@DU?$char_traits@D@std@@V?$allocator@D@2@@std@@QEAAAEAV12@QEBD_K@Z 000000018000b1b0     nodeenvplugin.obj
 0004:000001bc       $pdata$??1_Sentry_base@?$basic_ostream@DU?$char_traits@D@std@@@std@@QEAA@XZ 000000018000b1bc     nodeenvplugin.obj
 0004:000001c8       $pdata$??$?6U?$char_traits@D@std@@@std@@YAAEAV?$basic_ostream@DU?$char_traits@D@std@@@0@AEAV10@PEBD@Z 000000018000b1c8     nodeenvplugin.obj
 0004:000001d4       $pdata$??$?6U?$char_traits@D@std@@@std@@YAAEAV?$basic_ostream@DU?$char_traits@D@std@@@0@AEAV10@D@Z 000000018000b1d4     nodeenvplugin.obj
 0004:000001e0       $pdata$??$_Reallocate_grow_by@V<lambda_65e615be2a453ca0576c979606f46740>@@PEBD_K@?$basic_string@DU?$char_traits@D@std@@V?$allocator@D@2@@std@@QEAAAEAV01@_KV<lambda_65e615be2a453ca0576c979606f46740>@@PEBD_K@Z 000000018000b1e0     nodeenvplugin.obj
 0004:000001ec       $pdata$3$??$_Reallocate_grow_by@V<lambda_65e615be2a453ca0576c979606f46740>@@PEBD_K@?$basic_string@DU?$char_traits@D@std@@V?$allocator@D@2@@std@@QEAAAEAV01@_KV<lambda_65e615be2a453ca0576c979606f46740>@@PEBD_K@Z 000000018000b1ec     nodeenvplugin.obj
 0004:000001f8       $pdata$4$??$_Reallocate_grow_by@V<lambda_65e615be2a453ca0576c979606f46740>@@PEBD_K@?$basic_string@DU?$char_traits@D@std@@V?$allocator@D@2@@std@@QEAAAEAV01@_KV<lambda_65e615be2a453ca0576c979606f46740>@@PEBD_K@Z 000000018000b1f8     nodeenvplugin.obj
 0004:00000204       $pdata$?_Xlen@?$basic_string@DU?$char_traits@D@std@@V?$allocator@D@2@@std@@SAXXZ 000000018000b204     nodeenvplugin.obj
 0004:00000210       $pdata$??$_Insert_string@DU?$char_traits@D@std@@_K@std@@YAAEAV?$basic_ostream@DU?$char_traits@D@std@@@0@AEAV10@QEBD_K@Z 000000018000b210     nodeenvplugin.obj
 0004:00000228       $pdata$??2@YAPEAX_K@Z      000000018000b228     MSVCRT:new_scalar.obj
 0004:00000234       $pdata$??_M@YAXPEAX_K1P6AX0@Z@Z 000000018000b234     MSVCRT:ehvecdtr.obj
 0004:00000240       $pdata$?__ArrayUnwind@@YAXPEAX_K1P6AX0@Z@Z 000000018000b240     MSVCRT:ehvecdtr.obj
 0004:0000024c       $pdata$__scrt_acquire_startup_lock 000000018000b24c     MSVCRT:utility.obj
 0004:00000258       $pdata$__scrt_dllmain_after_initialize_c 000000018000b258     MSVCRT:utility.obj
 0004:00000264       $pdata$__scrt_dllmain_before_initialize_c 000000018000b264     MSVCRT:utility.obj
 0004:00000270       $pdata$__scrt_dllmain_crt_thread_attach 000000018000b270     MSVCRT:utility.obj
 0004:0000027c       $pdata$__scrt_dllmain_crt_thread_detach 000000018000b27c     MSVCRT:utility.obj
 0004:00000288       $pdata$__scrt_dllmain_exception_filter 000000018000b288     MSVCRT:utility.obj
 0004:00000294       $pdata$__scrt_dllmain_uninitialize_c 000000018000b294     MSVCRT:utility.obj
 0004:000002a0       $pdata$__scrt_dllmain_uninitialize_critical 000000018000b2a0     MSVCRT:utility.obj
 0004:000002ac       $pdata$__scrt_initialize_crt 000000018000b2ac     MSVCRT:utility.obj
 0004:000002b8       $pdata$__scrt_initialize_onexit_tables 000000018000b2b8     MSVCRT:utility.obj
 0004:000002c4       $pdata$__scrt_is_nonwritable_in_current_image 000000018000b2c4     MSVCRT:utility.obj
 0004:000002d0       $pdata$__scrt_release_startup_lock 000000018000b2d0     MSVCRT:utility.obj
 0004:000002dc       $pdata$__scrt_uninitialize_crt 000000018000b2dc     MSVCRT:utility.obj
 0004:000002e8       $pdata$_onexit             000000018000b2e8     MSVCRT:utility.obj
 0004:000002f4       $pdata$atexit              000000018000b2f4     MSVCRT:utility.obj
 0004:00000300       $pdata$?dllmain_crt_dispatch@@YAHQEAUHINSTANCE__@@KQEAX@Z 000000018000b300     MSVCRT:dll_dllmain.obj
 0004:0000030c       $pdata$?dllmain_crt_process_attach@@YAHQEAUHINSTANCE__@@QEAX@Z 000000018000b30c     MSVCRT:dll_dllmain.obj
 0004:00000318       $pdata$?dllmain_crt_process_detach@@YAH_N@Z 000000018000b318     MSVCRT:dll_dllmain.obj
 0004:00000324       $pdata$?dllmain_dispatch@@YAHQEAUHINSTANCE__@@KQEAX@Z 000000018000b324     MSVCRT:dll_dllmain.obj
 0004:00000330       $pdata$_DllMainCRTStartup  000000018000b330     MSVCRT:dll_dllmain.obj
 0004:0000033c       $pdata$__raise_securityfailure 000000018000b33c     MSVCRT:gs_report.obj
 0004:00000348       $pdata$__report_gsfailure  000000018000b348     MSVCRT:gs_report.obj
 0004:00000354       $pdata$capture_previous_context 000000018000b354     MSVCRT:gs_report.obj
 0004:00000360       $pdata$??0bad_alloc@std@@QEAA@AEBV01@@Z 000000018000b360     MSVCRT:throw_bad_alloc.obj
 0004:0000036c       $pdata$??0bad_array_new_length@std@@QEAA@AEBV01@@Z 000000018000b36c     MSVCRT:throw_bad_alloc.obj
 0004:00000378       $pdata$??0exception@std@@QEAA@AEBV01@@Z 000000018000b378     MSVCRT:throw_bad_alloc.obj
 0004:00000384       $pdata$??_Gexception@std@@UEAAPEAXI@Z 000000018000b384     MSVCRT:throw_bad_alloc.obj
 0004:00000384       $pdata$??_Gbad_alloc@std@@UEAAPEAXI@Z 000000018000b384     MSVCRT:throw_bad_alloc.obj
 0004:00000384       $pdata$??_Gbad_array_new_length@std@@UEAAPEAXI@Z 000000018000b384     MSVCRT:throw_bad_alloc.obj
 0004:00000390       $pdata$?__scrt_throw_std_bad_alloc@@YAXXZ 000000018000b390     MSVCRT:throw_bad_alloc.obj
 0004:0000039c       $pdata$?__scrt_throw_std_bad_array_new_length@@YAXXZ 000000018000b39c     MSVCRT:throw_bad_alloc.obj
 0004:000003a8       $pdata$__isa_available_init 000000018000b3a8     MSVCRT:cpu_disp.obj
 0004:000003b4       $pdata$__scrt_fastfail     000000018000b3b4     MSVCRT:utility_desktop.obj
 0004:000003c0       $pdata$__security_init_cookie 000000018000b3c0     MSVCRT:gs_support.obj
 0004:000003cc       $pdata$DllMain             000000018000b3cc     MSVCRT:dll_dllmain_stub.obj
 0004:000003d8       $pdata$__scrt_initialize_default_local_stdio_options 000000018000b3d8     MSVCRT:default_local_stdio_options.obj
 0004:000003e4       $pdata$_RTC_Initialize     000000018000b3e4     MSVCRT:initsect.obj
 0004:000003f0       $pdata$_RTC_Terminate      000000018000b3f0     MSVCRT:initsect.obj
 0004:000003fc       $pdata$??_Gtype_info@@UEAAPEAXI@Z 000000018000b3fc     MSVCRT:std_type_info_static.obj
 0004:00000408       $pdata$__GSHandlerCheck    000000018000b408     MSVCRT:gshandler.obj
 0004:00000414       $pdata$__GSHandlerCheckCommon 000000018000b414     MSVCRT:gshandler.obj
 0004:00000420       $pdata$__GSHandlerCheck_EH 000000018000b420     MSVCRT:gshandlereh.obj
 0004:00000438       $pdata$?dtor$14@?0??GetNodeArguments@@YA?AV?$basic_string@DU?$char_traits@D@std@@V?$allocator@D@2@@std@@V12@@Z@4HA 000000018000b438     nodeenvplugin.obj
 0004:00000444       $pdata$?dtor$54@?0??GetNodeInformation@@YAXPEAUuv_async_s@@@Z@4HA 000000018000b444     nodeenvplugin.obj
 0004:00000450       $pdata$?dtor$0@?0???0?$basic_stringstream@DU?$char_traits@D@std@@V?$allocator@D@2@@std@@QEAA@H@Z@4HA 000000018000b450     nodeenvplugin.obj
 0004:0000045c       $pdata$?fin$0@?0???_M@YAXPEAX_K1P6AX0@Z@Z@4HA 000000018000b45c     MSVCRT:ehvecdtr.obj
 0004:00000468       $pdata$?filt$0@?0??__ArrayUnwind@@YAXPEAX_K1P6AX0@Z@Z@4HA 000000018000b468     MSVCRT:ehvecdtr.obj
 0004:00000474       $pdata$__scrt_is_nonwritable_in_current_image$filt$0 000000018000b474     MSVCRT:utility.obj
 0004:00000480       $pdata$?fin$0@?0??dllmain_crt_process_attach@@YAHQEAUHINSTANCE__@@QEAX@Z@4HA 000000018000b480     MSVCRT:dll_dllmain.obj
 0004:0000048c       $pdata$?fin$0@?0??dllmain_crt_process_detach@@YAH_N@Z@4HA 000000018000b48c     MSVCRT:dll_dllmain.obj
 0004:00000498       $pdata$?filt$0@?0??dllmain_dispatch@@YAHQEAUHINSTANCE__@@KQEAX@Z@4HA 000000018000b498     MSVCRT:dll_dllmain.obj
 0004:000004a4       $pdata$??__FnodeVersion@plugin@@YAXXZ 000000018000b4a4     nodeenvplugin.obj
 0004:000004b0       $pdata$??__FnodeTag@plugin@@YAXXZ 000000018000b4b0     nodeenvplugin.obj
 0004:000004bc       $pdata$??__FnodeVendor@plugin@@YAXXZ 000000018000b4bc     nodeenvplugin.obj
 0004:000004c8       $pdata$??__FnodeName@plugin@@YAXXZ 000000018000b4c8     nodeenvplugin.obj
 0004:000004d4       $pdata$??__FcommandLineArguments@plugin@@YAXXZ 000000018000b4d4     nodeenvplugin.obj
 0005:00000060       $R000000                   000000018000c060     * linker generated manifest res *

 Exports

  ordinal    name

        1    ??0MultiIsolatePlatform@node@@QEAA@AEBV01@@Z (public: __cdecl node::MultiIsolatePlatform::MultiIsolatePlatform(class node::MultiIsolatePlatform const &))
        2    ??0MultiIsolatePlatform@node@@QEAA@XZ (public: __cdecl node::MultiIsolatePlatform::MultiIsolatePlatform(void))
        3    ??1MultiIsolatePlatform@node@@UEAA@XZ (public: virtual __cdecl node::MultiIsolatePlatform::~MultiIsolatePlatform(void))
        4    ??4MultiIsolatePlatform@node@@QEAAAEAV01@AEBV01@@Z (public: class node::MultiIsolatePlatform & __cdecl node::MultiIsolatePlatform::operator=(class node::MultiIsolatePlatform const &))
        5    ??_7MultiIsolatePlatform@node@@6B@ (const node::MultiIsolatePlatform::`vftable')
        6    ibmras_monitoring_getVersion
        7    ibmras_monitoring_plugin_init
        8    ibmras_monitoring_plugin_start
        9    ibmras_monitoring_plugin_stop
       10    ibmras_monitoring_registerPushSource
